Archive member included to satisfy reference by file (symbol)

C:/Users/amogl/.pico-sdk/toolchain/13_2_Rel1/bin/../lib/gcc/arm-none-eabi/13.2.1/thumb/v6-m/nofp\libgcc.a(_dvmd_tls.o)
                              CMakeFiles/Switch_01.dir/C_/Users/amogl/.pico-sdk/sdk/1.5.1/src/rp2_common/pico_divider/divider.S.obj (__aeabi_idiv0)
C:/Users/amogl/.pico-sdk/toolchain/13_2_Rel1/bin/../lib/gcc/arm-none-eabi/13.2.1/thumb/v6-m/nofp\libg.a(libc_a-calloc.o)
                              CMakeFiles/Switch_01.dir/C_/Users/amogl/.pico-sdk/sdk/1.5.1/src/rp2_common/pico_malloc/pico_malloc.c.obj (calloc)
C:/Users/amogl/.pico-sdk/toolchain/13_2_Rel1/bin/../lib/gcc/arm-none-eabi/13.2.1/thumb/v6-m/nofp\libg.a(libc_a-callocr.o)
                              C:/Users/amogl/.pico-sdk/toolchain/13_2_Rel1/bin/../lib/gcc/arm-none-eabi/13.2.1/thumb/v6-m/nofp\libg.a(libc_a-calloc.o) (_calloc_r)
C:/Users/amogl/.pico-sdk/toolchain/13_2_Rel1/bin/../lib/gcc/arm-none-eabi/13.2.1/thumb/v6-m/nofp\libg.a(libc_a-malloc.o)
                              CMakeFiles/Switch_01.dir/C_/Users/amogl/.pico-sdk/sdk/1.5.1/src/rp2_common/pico_malloc/pico_malloc.c.obj (malloc)
C:/Users/amogl/.pico-sdk/toolchain/13_2_Rel1/bin/../lib/gcc/arm-none-eabi/13.2.1/thumb/v6-m/nofp\libg.a(libc_a-mallocr.o)
                              C:/Users/amogl/.pico-sdk/toolchain/13_2_Rel1/bin/../lib/gcc/arm-none-eabi/13.2.1/thumb/v6-m/nofp\libg.a(libc_a-callocr.o) (_malloc_r)
C:/Users/amogl/.pico-sdk/toolchain/13_2_Rel1/bin/../lib/gcc/arm-none-eabi/13.2.1/thumb/v6-m/nofp\libg.a(libc_a-mlock.o)
                              C:/Users/amogl/.pico-sdk/toolchain/13_2_Rel1/bin/../lib/gcc/arm-none-eabi/13.2.1/thumb/v6-m/nofp\libg.a(libc_a-mallocr.o) (__malloc_lock)
C:/Users/amogl/.pico-sdk/toolchain/13_2_Rel1/bin/../lib/gcc/arm-none-eabi/13.2.1/thumb/v6-m/nofp\libg.a(libc_a-realloc.o)
                              CMakeFiles/Switch_01.dir/C_/Users/amogl/.pico-sdk/sdk/1.5.1/src/rp2_common/pico_malloc/pico_malloc.c.obj (realloc)
C:/Users/amogl/.pico-sdk/toolchain/13_2_Rel1/bin/../lib/gcc/arm-none-eabi/13.2.1/thumb/v6-m/nofp\libg.a(libc_a-reallocr.o)
                              C:/Users/amogl/.pico-sdk/toolchain/13_2_Rel1/bin/../lib/gcc/arm-none-eabi/13.2.1/thumb/v6-m/nofp\libg.a(libc_a-realloc.o) (_realloc_r)
C:/Users/amogl/.pico-sdk/toolchain/13_2_Rel1/bin/../lib/gcc/arm-none-eabi/13.2.1/thumb/v6-m/nofp\libg.a(libc_a-memmove.o)
                              C:/Users/amogl/.pico-sdk/toolchain/13_2_Rel1/bin/../lib/gcc/arm-none-eabi/13.2.1/thumb/v6-m/nofp\libg.a(libc_a-reallocr.o) (memmove)
C:/Users/amogl/.pico-sdk/toolchain/13_2_Rel1/bin/../lib/gcc/arm-none-eabi/13.2.1/thumb/v6-m/nofp\libg.a(libc_a-impure.o)
                              C:/Users/amogl/.pico-sdk/toolchain/13_2_Rel1/bin/../lib/gcc/arm-none-eabi/13.2.1/thumb/v6-m/nofp\libg.a(libc_a-calloc.o) (_impure_ptr)
C:/Users/amogl/.pico-sdk/toolchain/13_2_Rel1/bin/../lib/gcc/arm-none-eabi/13.2.1/thumb/v6-m/nofp\libg.a(libc_a-sbrkr.o)
                              C:/Users/amogl/.pico-sdk/toolchain/13_2_Rel1/bin/../lib/gcc/arm-none-eabi/13.2.1/thumb/v6-m/nofp\libg.a(libc_a-mallocr.o) (_sbrk_r)
C:/Users/amogl/.pico-sdk/toolchain/13_2_Rel1/bin/../lib/gcc/arm-none-eabi/13.2.1/thumb/v6-m/nofp\libg.a(libc_a-errno.o)
                              C:/Users/amogl/.pico-sdk/toolchain/13_2_Rel1/bin/../lib/gcc/arm-none-eabi/13.2.1/thumb/v6-m/nofp\libg.a(libc_a-callocr.o) (__errno)
C:/Users/amogl/.pico-sdk/toolchain/13_2_Rel1/bin/../lib/gcc/arm-none-eabi/13.2.1/thumb/v6-m/nofp\libg.a(libc_a-init.o)
                              C:/Users/amogl/.pico-sdk/toolchain/13_2_Rel1/bin/../lib/gcc/arm-none-eabi/13.2.1/thumb/v6-m/nofp/crt0.o (__libc_init_array)
C:/Users/amogl/.pico-sdk/toolchain/13_2_Rel1/bin/../lib/gcc/arm-none-eabi/13.2.1/thumb/v6-m/nofp\libg.a(libc_a-lock.o)
                              C:/Users/amogl/.pico-sdk/toolchain/13_2_Rel1/bin/../lib/gcc/arm-none-eabi/13.2.1/thumb/v6-m/nofp\libg.a(libc_a-mlock.o) (__retarget_lock_acquire_recursive)
C:/Users/amogl/.pico-sdk/toolchain/13_2_Rel1/bin/../lib/gcc/arm-none-eabi/13.2.1/thumb/v6-m/nofp\libg.a(libc_a-sysconf.o)
                              C:/Users/amogl/.pico-sdk/toolchain/13_2_Rel1/bin/../lib/gcc/arm-none-eabi/13.2.1/thumb/v6-m/nofp\libg.a(libc_a-mallocr.o) (sysconf)
C:/Users/amogl/.pico-sdk/toolchain/13_2_Rel1/bin/../lib/gcc/arm-none-eabi/13.2.1/thumb/v6-m/nofp\libg.a(libc_a-strlen-stub.o)
                              CMakeFiles/Switch_01.dir/C_/Users/amogl/.pico-sdk/sdk/1.5.1/src/rp2_common/pico_stdio/stdio.c.obj (strlen)
C:/Users/amogl/.pico-sdk/toolchain/13_2_Rel1/bin/../lib/gcc/arm-none-eabi/13.2.1/thumb/v6-m/nofp\libg.a(libc_a-freer.o)
                              C:/Users/amogl/.pico-sdk/toolchain/13_2_Rel1/bin/../lib/gcc/arm-none-eabi/13.2.1/thumb/v6-m/nofp\libg.a(libc_a-malloc.o) (_free_r)
C:/Users/amogl/.pico-sdk/toolchain/13_2_Rel1/bin/../lib/gcc/arm-none-eabi/13.2.1/thumb/v6-m/nofp\libg.a(libc_a-findfp.o)
[...]
Memory Configuration

Name             Origin             Length             Attributes
FLASH            0x10000000         0x00200000         xr
RAM              0x20000000         0x00040000         xrw
SCRATCH_X        0x20040000         0x00001000         xrw
SCRATCH_Y        0x20041000         0x00001000         xrw
*default*        0x00000000         0xffffffff

Linker script and memory map

LOAD C:/Users/amogl/.pico-sdk/toolchain/13_2_Rel1/bin/../lib/gcc/arm-none-eabi/13.2.1/thumb/v6-m/nofp/crti.o
LOAD C:/Users/amogl/.pico-sdk/toolchain/13_2_Rel1/bin/../lib/gcc/arm-none-eabi/13.2.1/thumb/v6-m/nofp/crtbegin.o
LOAD C:/Users/amogl/.pico-sdk/toolchain/13_2_Rel1/bin/../lib/gcc/arm-none-eabi/13.2.1/thumb/v6-m/nofp/crt0.o

.flash_begin    0x10000000        0x0
                0x10000000                        __flash_binary_start = .

.boot2          0x10000000      0x100
                0x10000000                        __boot2_start__ = .
 *(.boot2)
 .boot2         0x10000000      0x100 C:\Users\amogl\AppData\Local\Temp\ccko3O9s.o
                0x10000100                        __boot2_end__ = .
                0x00000001                        ASSERT (((__boot2_end__ - __boot2_start__) == 0x100), ERROR: Pico second stage bootloader must be 256 bytes in size)

.text           0x10000100     0x7940
                0x10000100                        __logical_binary_start = .
 *(.vectors)
 .vectors       0x10000100       0xd4 CMakeFiles/Switch_01.dir/C_/Users/amogl/.pico-sdk/sdk/1.5.1/src/rp2_common/pico_standard_link/crt0.S.obj
                0x10000100                __VECTOR_TABLE
                0x10000100                __vectors
                0x100001c0                isr_invalid
                0x100001c0                __default_isrs_start
                0x100001c2                isr_nmi
                0x100001c4                isr_hardfault
                0x100001c6                isr_svcall
                0x100001c8                isr_pendsv
                0x100001ca                isr_systick
                0x100001cc                isr_irq23
                0x100001cc                isr_irq18
                0x100001cc                isr_irq11
                0x100001cc                isr_irq28
                0x100001cc                isr_irq19
                0x100001cc                isr_irq0
                0x100001cc                isr_irq6
                0x100001cc                isr_irq5
                0x100001cc                isr_irq12
                0x100001cc                isr_irq22
                0x100001cc                isr_irq31
                0x100001cc                isr_irq17
                0x100001cc                isr_irq27
                0x100001cc                isr_irq30
                0x100001cc                isr_irq2
                0x100001cc                isr_irq10
                0x100001cc                isr_irq8
                0x100001cc                isr_irq24
                0x100001cc                isr_irq1
                0x100001cc                isr_irq7
                0x100001cc                isr_irq21
                0x100001cc                isr_irq20
                0x100001cc                isr_irq15
                0x100001cc                isr_irq25
                0x100001cc                isr_irq13
                0x100001cc                __unhandled_user_irq
                0x100001cc                isr_irq4
                0x100001cc                isr_irq16
                0x100001cc                isr_irq29
                0x100001cc                isr_irq26
                0x100001cc                __default_isrs_end
                0x100001cc                isr_irq3
                0x100001cc                isr_irq14
                0x100001cc                isr_irq9
                0x100001d2                unhandled_user_irq_num_in_r0
 *(.binary_info_header)
 .binary_info_header
                0x100001d4       0x14 CMakeFiles/Switch_01.dir/C_/Users/amogl/.pico-sdk/sdk/1.5.1/src/rp2_common/pico_standard_link/crt0.S.obj
                0x100001e8                        __binary_info_header_end = .
 *(.reset)
 .reset         0x100001e8       0xa0 CMakeFiles/Switch_01.dir/C_/Users/amogl/.pico-sdk/sdk/1.5.1/src/rp2_common/pico_standard_link/crt0.S.obj
                0x100001e8                _entry_point
 .reset         0x10000288       0x30 CMakeFiles/Switch_01.dir/C_/Users/amogl/.pico-sdk/sdk/1.5.1/src/rp2_common/pico_standard_link/binary_info.c.obj
 *(.init)
 .init          0x100002b8        0x4 C:/Users/amogl/.pico-sdk/toolchain/13_2_Rel1/bin/../lib/gcc/arm-none-eabi/13.2.1/thumb/v6-m/nofp/crti.o
                0x100002b8                _init
 *(EXCLUDE_FILE(*libm.a: *libc.a:*lib_a-mem*.o *libgcc.a:) .text*)
 .text.register_tm_clones
                0x100002bc       0x28 C:/Users/amogl/.pico-sdk/toolchain/13_2_Rel1/bin/../lib/gcc/arm-none-eabi/13.2.1/thumb/v6-m/nofp/crtbegin.o
 .text.frame_dummy
                0x100002e4       0x24 C:/Users/amogl/.pico-sdk/toolchain/13_2_Rel1/bin/../lib/gcc/arm-none-eabi/13.2.1/thumb/v6-m/nofp/crtbegin.o
 .text._Z8onchangeP8button_t
                0x10000308       0x88 CMakeFiles/Switch_01.dir/Switch_01.cpp.obj
                0x10000308                onchange(button_t*)
 .text._Z9onchange2P8button_t
                0x10000390       0x44 CMakeFiles/Switch_01.dir/Switch_01.cpp.obj
                0x10000390                onchange2(button_t*)
 .text._Z9init_portjb
                0x100003d4       0x22 CMakeFiles/Switch_01.dir/Switch_01.cpp.obj
                0x100003d4                init_port(unsigned int, bool)
 *fill*         0x100003f6        0x2 
 .text._Z10latch_LEDsv
                0x100003f8       0x20 CMakeFiles/Switch_01.dir/Switch_01.cpp.obj
                0x100003f8                latch_LEDs()
 .text.main     0x10000418       0x60 CMakeFiles/Switch_01.dir/Switch_01.cpp.obj
                0x10000418                main
 .text.handle_button_alarm
                0x10000478       0x24 CMakeFiles/Switch_01.dir/lib/button.c.obj
                0x10000478                handle_button_alarm
 .text.handle_interrupt
                0x1000049c       0x20 CMakeFiles/Switch_01.dir/lib/button.c.obj
                0x1000049c                handle_interrupt
 .text.cancel_alarm
                0x100004bc       0x10 CMakeFiles/Switch_01.dir/lib/button.c.obj
 .text.update_us_since_boot
                0x100004cc       0x24 CMakeFiles/Switch_01.dir/lib/button.c.obj
 .text.get_absolute_time
                0x100004f0       0x22 CMakeFiles/Switch_01.dir/lib/button.c.obj
 *fill*         0x10000512        0x2 
 .text.delayed_by_us
                0x10000514       0x34 CMakeFiles/Switch_01.dir/lib/button.c.obj
 .text.alarm_pool_add_alarm_in_us
                0x10000548       0x3a CMakeFiles/Switch_01.dir/lib/button.c.obj
 .text.add_alarm_in_us
                0x10000582       0x2e CMakeFiles/Switch_01.dir/lib/button.c.obj
 .text.handle_button_interrupt
                0x100005b0       0x3c CMakeFiles/Switch_01.dir/lib/button.c.obj
                0x100005b0                handle_button_interrupt
 .text.listen   0x100005ec       0x30 CMakeFiles/Switch_01.dir/lib/button.c.obj
                0x100005ec                listen
 .text.create_button
                0x1000061c       0x44 CMakeFiles/Switch_01.dir/lib/button.c.obj
                0x1000061c                create_button
 .text.gpio_set_function
                0x10000660       0x30 CMakeFiles/Switch_01.dir/C_/Users/amogl/.pico-sdk/sdk/1.5.1/src/rp2_common/hardware_gpio/gpio.c.obj
                0x10000660                gpio_set_function
 .text.gpio_set_pulls
                0x10000690       0x34 CMakeFiles/Switch_01.dir/C_/Users/amogl/.pico-sdk/sdk/1.5.1/src/rp2_common/hardware_gpio/gpio.c.obj
                0x10000690                gpio_set_pulls
 .text.gpio_set_irq_callback
                0x100006c4       0x48 CMakeFiles/Switch_01.dir/C_/Users/amogl/.pico-sdk/sdk/1.5.1/src/rp2_common/hardware_gpio/gpio.c.obj
                0x100006c4                gpio_set_irq_callback
 .text.gpio_acknowledge_irq
                0x1000070c       0x18 CMakeFiles/Switch_01.dir/C_/Users/amogl/.pico-sdk/sdk/1.5.1/src/rp2_common/hardware_gpio/gpio.c.obj
                0x1000070c                gpio_acknowledge_irq
 .text._gpio_set_irq_enabled
                0x10000724       0x34 CMakeFiles/Switch_01.dir/C_/Users/amogl/.pico-sdk/sdk/1.5.1/src/rp2_common/hardware_gpio/gpio.c.obj
 .text.gpio_set_irq_enabled
                0x10000758       0x20 CMakeFiles/Switch_01.dir/C_/Users/amogl/.pico-sdk/sdk/1.5.1/src/rp2_common/hardware_gpio/gpio.c.obj
                0x10000758                gpio_set_irq_enabled
 .text.gpio_set_irq_enabled_with_callback
                0x10000778       0x20 CMakeFiles/Switch_01.dir/C_/Users/amogl/.pico-sdk/sdk/1.5.1/src/rp2_common/hardware_gpio/gpio.c.obj
                0x10000778                gpio_set_irq_enabled_with_callback
 .text.gpio_default_irq_handler
                0x10000798       0x98 CMakeFiles/Switch_01.dir/C_/Users/amogl/.pico-sdk/sdk/1.5.1/src/rp2_common/hardware_gpio/gpio.c.obj
 .text.gpio_init
                0x10000830       0x16 CMakeFiles/Switch_01.dir/C_/Users/amogl/.pico-sdk/sdk/1.5.1/src/rp2_common/hardware_gpio/gpio.c.obj
                0x10000830                gpio_init
 *fill*         0x10000846        0x2 
 .text.running_on_fpga
                0x10000848       0x14 CMakeFiles/Switch_01.dir/C_/Users/amogl/.pico-sdk/sdk/1.5.1/src/rp2_common/pico_platform/platform.c.obj
                0x10000848                running_on_fpga
 .text.hw_claim_lock
                0x1000085c       0x18 CMakeFiles/Switch_01.dir/C_/Users/amogl/.pico-sdk/sdk/1.5.1/src/rp2_common/hardware_claim/claim.c.obj
                0x1000085c                hw_claim_lock
 .text.hw_claim_unlock
                0x10000874       0x14 CMakeFiles/Switch_01.dir/C_/Users/amogl/.pico-sdk/sdk/1.5.1/src/rp2_common/hardware_claim/claim.c.obj
                0x10000874                hw_claim_unlock
 .text.hw_claim_or_assert
                0x10000888       0x32 CMakeFiles/Switch_01.dir/C_/Users/amogl/.pico-sdk/sdk/1.5.1/src/rp2_common/hardware_claim/claim.c.obj
                0x10000888                hw_claim_or_assert
 .text.hw_claim_unused_from_range
                0x100008ba       0x50 CMakeFiles/Switch_01.dir/C_/Users/amogl/.pico-sdk/sdk/1.5.1/src/rp2_common/hardware_claim/claim.c.obj
                0x100008ba                hw_claim_unused_from_range
 *fill*         0x1000090a        0x2 
 .text.spin_locks_reset
                0x1000090c       0x20 CMakeFiles/Switch_01.dir/C_/Users/amogl/.pico-sdk/sdk/1.5.1/src/rp2_common/hardware_sync/sync.c.obj
                0x1000090c                spin_locks_reset
 .text.next_striped_spin_lock_num
                0x1000092c       0x1c CMakeFiles/Switch_01.dir/C_/Users/amogl/.pico-sdk/sdk/1.5.1/src/rp2_common/hardware_sync/sync.c.obj
                0x1000092c                next_striped_spin_lock_num
 .text.spin_lock_claim_unused
                0x10000948       0x24 CMakeFiles/Switch_01.dir/C_/Users/amogl/.pico-sdk/sdk/1.5.1/src/rp2_common/hardware_sync/sync.c.obj
                0x10000948                spin_lock_claim_unused
 .text.set_raw_irq_handler_and_unlock
                0x1000096c       0x28 CMakeFiles/Switch_01.dir/C_/Users/amogl/.pico-sdk/sdk/1.5.1/src/rp2_common/hardware_irq/irq.c.obj
 .text.resolve_branch
                0x10000994       0x30 CMakeFiles/Switch_01.dir/C_/Users/amogl/.pico-sdk/sdk/1.5.1/src/rp2_common/hardware_irq/irq.c.obj
 .text.make_branch
                0x100009c4       0x48 CMakeFiles/Switch_01.dir/C_/Users/amogl/.pico-sdk/sdk/1.5.1/src/rp2_common/hardware_irq/irq.c.obj
 .text.insert_branch_and_link
                0x10000a0c       0x40 CMakeFiles/Switch_01.dir/C_/Users/amogl/.pico-sdk/sdk/1.5.1/src/rp2_common/hardware_irq/irq.c.obj
 .text.irq_is_enabled
                0x10000a4c       0x18 CMakeFiles/Switch_01.dir/C_/Users/amogl/.pico-sdk/sdk/1.5.1/src/rp2_common/hardware_irq/irq.c.obj
                0x10000a4c                irq_is_enabled
 .text.irq_set_mask_enabled
                0x10000a64       0x20 CMakeFiles/Switch_01.dir/C_/Users/amogl/.pico-sdk/sdk/1.5.1/src/rp2_common/hardware_irq/irq.c.obj
                0x10000a64                irq_set_mask_enabled
 .text.irq_set_enabled
                0x10000a84        0xe CMakeFiles/Switch_01.dir/C_/Users/amogl/.pico-sdk/sdk/1.5.1/src/rp2_common/hardware_irq/irq.c.obj
                0x10000a84                irq_set_enabled
 *fill*         0x10000a92        0x2 
 .text.irq_set_pending
                0x10000a94       0x10 CMakeFiles/Switch_01.dir/C_/Users/amogl/.pico-sdk/sdk/1.5.1/src/rp2_common/hardware_irq/irq.c.obj
                0x10000a94                irq_set_pending
 .text.irq_get_vtable_handler
                0x10000aa4       0x10 CMakeFiles/Switch_01.dir/C_/Users/amogl/.pico-sdk/sdk/1.5.1/src/rp2_common/hardware_irq/irq.c.obj
                0x10000aa4                irq_get_vtable_handler
 .text.irq_has_shared_handler
                0x10000ab4       0x24 CMakeFiles/Switch_01.dir/C_/Users/amogl/.pico-sdk/sdk/1.5.1/src/rp2_common/hardware_irq/irq.c.obj
                0x10000ab4                irq_has_shared_handler
 .text.irq_set_exclusive_handler
                0x10000ad8       0x54 CMakeFiles/Switch_01.dir/C_/Users/amogl/.pico-sdk/sdk/1.5.1/src/rp2_common/hardware_irq/irq.c.obj
                0x10000ad8                irq_set_exclusive_handler
 .text.irq_add_shared_handler
                0x10000b2c      0x210 CMakeFiles/Switch_01.dir/C_/Users/amogl/.pico-sdk/sdk/1.5.1/src/rp2_common/hardware_irq/irq.c.obj
                0x10000b2c                irq_add_shared_handler
 .text.irq_remove_handler
                0x10000d3c      0x188 CMakeFiles/Switch_01.dir/C_/Users/amogl/.pico-sdk/sdk/1.5.1/src/rp2_common/hardware_irq/irq.c.obj
                0x10000d3c                irq_remove_handler
 .text.irq_add_tail_to_free_list
                0x10000ec4       0xf0 CMakeFiles/Switch_01.dir/C_/Users/amogl/.pico-sdk/sdk/1.5.1/src/rp2_common/hardware_irq/irq.c.obj
                0x10000ec4                irq_add_tail_to_free_list
 .text.irq_init_priorities
                0x10000fb4       0x1c CMakeFiles/Switch_01.dir/C_/Users/amogl/.pico-sdk/sdk/1.5.1/src/rp2_common/hardware_irq/irq.c.obj
                0x10000fb4                irq_init_priorities
 .text.user_irq_claim_unused
                0x10000fd0       0x2c CMakeFiles/Switch_01.dir/C_/Users/amogl/.pico-sdk/sdk/1.5.1/src/rp2_common/hardware_irq/irq.c.obj
                0x10000fd0                user_irq_claim_unused
 .text.lock_init
                0x10000ffc       0x10 CMakeFiles/Switch_01.dir/C_/Users/amogl/.pico-sdk/sdk/1.5.1/src/common/pico_sync/lock_core.c.obj
                0x10000ffc                lock_init
 .text.update_us_since_boot
                0x1000100c       0x24 CMakeFiles/Switch_01.dir/C_/Users/amogl/.pico-sdk/sdk/1.5.1/src/common/pico_sync/mutex.c.obj
 .text.delayed_by_ms
                0x10001030       0x44 CMakeFiles/Switch_01.dir/C_/Users/amogl/.pico-sdk/sdk/1.5.1/src/common/pico_sync/mutex.c.obj
 .text.get_absolute_time
                0x10001074       0x22 CMakeFiles/Switch_01.dir/C_/Users/amogl/.pico-sdk/sdk/1.5.1/src/common/pico_sync/mutex.c.obj
 .text.make_timeout_time_ms
                0x10001096       0x20 CMakeFiles/Switch_01.dir/C_/Users/amogl/.pico-sdk/sdk/1.5.1/src/common/pico_sync/mutex.c.obj
 .text.mutex_init
                0x100010b6       0x1a CMakeFiles/Switch_01.dir/C_/Users/amogl/.pico-sdk/sdk/1.5.1/src/common/pico_sync/mutex.c.obj
                0x100010b6                mutex_init
 .text.recursive_mutex_init
                0x100010d0       0x1e CMakeFiles/Switch_01.dir/C_/Users/amogl/.pico-sdk/sdk/1.5.1/src/common/pico_sync/mutex.c.obj
                0x100010d0                recursive_mutex_init
 *fill*         0x100010ee        0x2 
 .text.critical_section_init_with_lock_num
                0x100010f0       0x14 CMakeFiles/Switch_01.dir/C_/Users/amogl/.pico-sdk/sdk/1.5.1/src/common/pico_sync/critical_section.c.obj
                0x100010f0                critical_section_init_with_lock_num
 .text.critical_section_init
                0x10001104       0x14 CMakeFiles/Switch_01.dir/C_/Users/amogl/.pico-sdk/sdk/1.5.1/src/common/pico_sync/critical_section.c.obj
                0x10001104                critical_section_init
 .text.time_reached
                0x10001118       0x28 CMakeFiles/Switch_01.dir/C_/Users/amogl/.pico-sdk/sdk/1.5.1/src/common/pico_time/time.c.obj
 .text.get_entry
                0x10001140       0x38 CMakeFiles/Switch_01.dir/C_/Users/amogl/.pico-sdk/sdk/1.5.1/src/common/pico_time/time.c.obj
 .text.timer_pool_entry_comparator
                0x10001178       0x2e CMakeFiles/Switch_01.dir/C_/Users/amogl/.pico-sdk/sdk/1.5.1/src/common/pico_time/time.c.obj
                0x10001178                timer_pool_entry_comparator
 *fill*         0x100011a6        0x2 
 .text.update_us_since_boot
                0x100011a8       0x24 CMakeFiles/Switch_01.dir/C_/Users/amogl/.pico-sdk/sdk/1.5.1/src/common/pico_time/time.c.obj
 .text.delayed_by_us
                0x100011cc       0x34 CMakeFiles/Switch_01.dir/C_/Users/amogl/.pico-sdk/sdk/1.5.1/src/common/pico_time/time.c.obj
 .text.ph_get_node
                0x10001200       0x30 CMakeFiles/Switch_01.dir/C_/Users/amogl/.pico-sdk/sdk/1.5.1/src/common/pico_time/time.c.obj
 .text.ph_contains_node
                0x10001230       0x1e CMakeFiles/Switch_01.dir/C_/Users/amogl/.pico-sdk/sdk/1.5.1/src/common/pico_time/time.c.obj
 .text.ph_new_node
                0x1000124e       0x28 CMakeFiles/Switch_01.dir/C_/Users/amogl/.pico-sdk/sdk/1.5.1/src/common/pico_time/time.c.obj
 *fill*         0x10001276        0x2 
 .text.ph_add_child_node
                0x10001278       0x6c CMakeFiles/Switch_01.dir/C_/Users/amogl/.pico-sdk/sdk/1.5.1/src/common/pico_time/time.c.obj
 .text.ph_merge_nodes
                0x100012e4       0x3e CMakeFiles/Switch_01.dir/C_/Users/amogl/.pico-sdk/sdk/1.5.1/src/common/pico_time/time.c.obj
 *fill*         0x10001322        0x2 
 .text.ph_insert_node
                0x10001324       0x3c CMakeFiles/Switch_01.dir/C_/Users/amogl/.pico-sdk/sdk/1.5.1/src/common/pico_time/time.c.obj
 .text.ph_free_node
                0x10001360       0x5c CMakeFiles/Switch_01.dir/C_/Users/amogl/.pico-sdk/sdk/1.5.1/src/common/pico_time/time.c.obj
 .text.get_entry_id_high
                0x100013bc       0x30 CMakeFiles/Switch_01.dir/C_/Users/amogl/.pico-sdk/sdk/1.5.1/src/common/pico_time/time.c.obj
 .text.alarm_pool_post_alloc_init
                0x100013ec       0x40 CMakeFiles/Switch_01.dir/C_/Users/amogl/.pico-sdk/sdk/1.5.1/src/common/pico_time/time.c.obj
 .text.sleep_until_callback
                0x1000142c       0x30 CMakeFiles/Switch_01.dir/C_/Users/amogl/.pico-sdk/sdk/1.5.1/src/common/pico_time/time.c.obj
 .text.get_absolute_time
                0x1000145c       0x22 CMakeFiles/Switch_01.dir/C_/Users/amogl/.pico-sdk/sdk/1.5.1/src/common/pico_time/time.c.obj
 .text.make_timeout_time_us
                0x1000147e       0x24 CMakeFiles/Switch_01.dir/C_/Users/amogl/.pico-sdk/sdk/1.5.1/src/common/pico_time/time.c.obj
 *fill*         0x100014a2        0x2 
 .text.add_alarm_under_lock
                0x100014a4       0x94 CMakeFiles/Switch_01.dir/C_/Users/amogl/.pico-sdk/sdk/1.5.1/src/common/pico_time/time.c.obj
 .text.alarm_pool_alarm_callback
                0x10001538      0x210 CMakeFiles/Switch_01.dir/C_/Users/amogl/.pico-sdk/sdk/1.5.1/src/common/pico_time/time.c.obj
 .text.alarm_pool_init_default
                0x10001748       0x40 CMakeFiles/Switch_01.dir/C_/Users/amogl/.pico-sdk/sdk/1.5.1/src/common/pico_time/time.c.obj
                0x10001748                alarm_pool_init_default
 .text.alarm_pool_get_default
                0x10001788       0x2c CMakeFiles/Switch_01.dir/C_/Users/amogl/.pico-sdk/sdk/1.5.1/src/common/pico_time/time.c.obj
                0x10001788                alarm_pool_get_default
 .text.alarm_pool_add_alarm_at
                0x100017b4      0x10e CMakeFiles/Switch_01.dir/C_/Users/amogl/.pico-sdk/sdk/1.5.1/src/common/pico_time/time.c.obj
                0x100017b4                alarm_pool_add_alarm_at
 .text.add_alarm_at
                0x100018c2       0x2e CMakeFiles/Switch_01.dir/C_/Users/amogl/.pico-sdk/sdk/1.5.1/src/common/pico_time/time.c.obj
 .text.alarm_pool_cancel_alarm
                0x100018f0       0xa8 CMakeFiles/Switch_01.dir/C_/Users/amogl/.pico-sdk/sdk/1.5.1/src/common/pico_time/time.c.obj
                0x100018f0                alarm_pool_cancel_alarm
 .text.cancel_alarm
                0x10001998       0x10 CMakeFiles/Switch_01.dir/C_/Users/amogl/.pico-sdk/sdk/1.5.1/src/common/pico_time/time.c.obj
 .text.alarm_pool_core_num
                0x100019a8        0x4 CMakeFiles/Switch_01.dir/C_/Users/amogl/.pico-sdk/sdk/1.5.1/src/common/pico_time/time.c.obj
                0x100019a8                alarm_pool_core_num
 .text.sleep_until
                0x100019ac       0xb0 CMakeFiles/Switch_01.dir/C_/Users/amogl/.pico-sdk/sdk/1.5.1/src/common/pico_time/time.c.obj
                0x100019ac                sleep_until
 .text.sleep_us
                0x10001a5c       0x1a CMakeFiles/Switch_01.dir/C_/Users/amogl/.pico-sdk/sdk/1.5.1/src/common/pico_time/time.c.obj
                0x10001a5c                sleep_us
 .text.sleep_ms
                0x10001a76       0x14 CMakeFiles/Switch_01.dir/C_/Users/amogl/.pico-sdk/sdk/1.5.1/src/common/pico_time/time.c.obj
                0x10001a76                sleep_ms
 *fill*         0x10001a8a        0x2 
 .text.best_effort_wfe_or_timeout
                0x10001a8c       0x44 CMakeFiles/Switch_01.dir/C_/Users/amogl/.pico-sdk/sdk/1.5.1/src/common/pico_time/time.c.obj
                0x10001a8c                best_effort_wfe_or_timeout
 .text.hardware_alarm_irq_handler
                0x10001ad0       0x8c CMakeFiles/Switch_01.dir/C_/Users/amogl/.pico-sdk/sdk/1.5.1/src/rp2_common/hardware_timer/timer.c.obj
 .text.hardware_alarm_claim
                0x10001b5c       0x18 CMakeFiles/Switch_01.dir/C_/Users/amogl/.pico-sdk/sdk/1.5.1/src/rp2_common/hardware_timer/timer.c.obj
                0x10001b5c                hardware_alarm_claim
 .text.time_us_64
                0x10001b74       0x18 CMakeFiles/Switch_01.dir/C_/Users/amogl/.pico-sdk/sdk/1.5.1/src/rp2_common/hardware_timer/timer.c.obj
                0x10001b74                time_us_64
 .text.busy_wait_until
                0x10001b8c       0x28 CMakeFiles/Switch_01.dir/C_/Users/amogl/.pico-sdk/sdk/1.5.1/src/rp2_common/hardware_timer/timer.c.obj
                0x10001b8c                busy_wait_until
 .text.hardware_alarm_set_callback
                0x10001bb4       0x90 CMakeFiles/Switch_01.dir/C_/Users/amogl/.pico-sdk/sdk/1.5.1/src/rp2_common/hardware_timer/timer.c.obj
                0x10001bb4                hardware_alarm_set_callback
 .text.hardware_alarm_set_target
                0x10001c44       0xe8 CMakeFiles/Switch_01.dir/C_/Users/amogl/.pico-sdk/sdk/1.5.1/src/rp2_common/hardware_timer/timer.c.obj
                0x10001c44                hardware_alarm_set_target
 .text.hardware_alarm_cancel
                0x10001d2c       0x40 CMakeFiles/Switch_01.dir/C_/Users/amogl/.pico-sdk/sdk/1.5.1/src/rp2_common/hardware_timer/timer.c.obj
                0x10001d2c                hardware_alarm_cancel
 .text.ph_get_node
                0x10001d6c       0x30 CMakeFiles/Switch_01.dir/C_/Users/amogl/.pico-sdk/sdk/1.5.1/src/common/pico_util/pheap.c.obj
 .text.ph_add_child_node
                0x10001d9c       0x6c CMakeFiles/Switch_01.dir/C_/Users/amogl/.pico-sdk/sdk/1.5.1/src/common/pico_util/pheap.c.obj
 .text.ph_merge_nodes
                0x10001e08       0x3e CMakeFiles/Switch_01.dir/C_/Users/amogl/.pico-sdk/sdk/1.5.1/src/common/pico_util/pheap.c.obj
 .text.ph_clear
                0x10001e46       0x34 CMakeFiles/Switch_01.dir/C_/Users/amogl/.pico-sdk/sdk/1.5.1/src/common/pico_util/pheap.c.obj
                0x10001e46                ph_clear
 .text.ph_post_alloc_init
                0x10001e7a        0xe CMakeFiles/Switch_01.dir/C_/Users/amogl/.pico-sdk/sdk/1.5.1/src/common/pico_util/pheap.c.obj
                0x10001e7a                ph_post_alloc_init
 .text.ph_merge_two_pass
                0x10001e88       0x5c CMakeFiles/Switch_01.dir/C_/Users/amogl/.pico-sdk/sdk/1.5.1/src/common/pico_util/pheap.c.obj
                0x10001e88                ph_merge_two_pass
 .text.ph_remove_any_head
                0x10001ee4       0xc0 CMakeFiles/Switch_01.dir/C_/Users/amogl/.pico-sdk/sdk/1.5.1/src/common/pico_util/pheap.c.obj
 .text.ph_remove_head
                0x10001fa4       0x14 CMakeFiles/Switch_01.dir/C_/Users/amogl/.pico-sdk/sdk/1.5.1/src/common/pico_util/pheap.c.obj
                0x10001fa4                ph_remove_head
 .text.ph_remove_and_free_node
                0x10001fb8       0xa0 CMakeFiles/Switch_01.dir/C_/Users/amogl/.pico-sdk/sdk/1.5.1/src/common/pico_util/pheap.c.obj
                0x10001fb8                ph_remove_and_free_node
 .text.clock_configure
                0x10002058      0x108 CMakeFiles/Switch_01.dir/C_/Users/amogl/.pico-sdk/sdk/1.5.1/src/rp2_common/hardware_clocks/clocks.c.obj
                0x10002058                clock_configure
 .text.clocks_init
                0x10002160      0x100 CMakeFiles/Switch_01.dir/C_/Users/amogl/.pico-sdk/sdk/1.5.1/src/rp2_common/hardware_clocks/clocks.c.obj
                0x10002160                clocks_init
 .text.pll_init
                0x10002260      0x120 CMakeFiles/Switch_01.dir/C_/Users/amogl/.pico-sdk/sdk/1.5.1/src/rp2_common/hardware_pll/pll.c.obj
                0x10002260                pll_init
 .text.watchdog_start_tick
                0x10002380       0x10 CMakeFiles/Switch_01.dir/C_/Users/amogl/.pico-sdk/sdk/1.5.1/src/rp2_common/hardware_watchdog/watchdog.c.obj
                0x10002380                watchdog_start_tick
 .text.watchdog_update
                0x10002390       0x14 CMakeFiles/Switch_01.dir/C_/Users/amogl/.pico-sdk/sdk/1.5.1/src/rp2_common/hardware_watchdog/watchdog.c.obj
                0x10002390                watchdog_update
 .text._watchdog_enable
                0x100023a4       0x78 CMakeFiles/Switch_01.dir/C_/Users/amogl/.pico-sdk/sdk/1.5.1/src/rp2_common/hardware_watchdog/watchdog.c.obj
                0x100023a4                _watchdog_enable
 .text.watchdog_reboot
                0x1000241c       0x48 CMakeFiles/Switch_01.dir/C_/Users/amogl/.pico-sdk/sdk/1.5.1/src/rp2_common/hardware_watchdog/watchdog.c.obj
                0x1000241c                watchdog_reboot
 .text.xosc_init
                0x10002464       0x28 CMakeFiles/Switch_01.dir/C_/Users/amogl/.pico-sdk/sdk/1.5.1/src/rp2_common/hardware_xosc/xosc.c.obj
                0x10002464                xosc_init
 .text._exit    0x1000248c        0x4 CMakeFiles/Switch_01.dir/C_/Users/amogl/.pico-sdk/sdk/1.5.1/src/rp2_common/pico_runtime/runtime.c.obj
                0x1000248c                _exit
 .text._sbrk    0x10002490       0x38 CMakeFiles/Switch_01.dir/C_/Users/amogl/.pico-sdk/sdk/1.5.1/src/rp2_common/pico_runtime/runtime.c.obj
                0x10002490                _sbrk
 .text.exit     0x100024c8        0x6 CMakeFiles/Switch_01.dir/C_/Users/amogl/.pico-sdk/sdk/1.5.1/src/rp2_common/pico_runtime/runtime.c.obj
                0x100024c8                exit
 *fill*         0x100024ce        0x2 
 .text.__assert_func
                0x100024d0       0x38 CMakeFiles/Switch_01.dir/C_/Users/amogl/.pico-sdk/sdk/1.5.1/src/rp2_common/pico_runtime/runtime.c.obj
                0x100024d0                __assert_func
 .text.runtime_init
                0x10002508       0xf8 CMakeFiles/Switch_01.dir/C_/Users/amogl/.pico-sdk/sdk/1.5.1/src/rp2_common/pico_runtime/runtime.c.obj
                0x10002508                runtime_init
 .text.panic    0x10002600       0x30 CMakeFiles/Switch_01.dir/C_/Users/amogl/.pico-sdk/sdk/1.5.1/src/rp2_common/pico_runtime/runtime.c.obj
                0x10002600                panic
 .text._out_null
                0x10002630        0x2 CMakeFiles/Switch_01.dir/C_/Users/amogl/.pico-sdk/sdk/1.5.1/src/rp2_common/pico_printf/printf.c.obj
 .text._out_fct
                0x10002632        0xe CMakeFiles/Switch_01.dir/C_/Users/amogl/.pico-sdk/sdk/1.5.1/src/rp2_common/pico_printf/printf.c.obj
 .text._atoi    0x10002640       0x24 CMakeFiles/Switch_01.dir/C_/Users/amogl/.pico-sdk/sdk/1.5.1/src/rp2_common/pico_printf/printf.c.obj
 .text._out_rev
                0x10002664       0xae CMakeFiles/Switch_01.dir/C_/Users/amogl/.pico-sdk/sdk/1.5.1/src/rp2_common/pico_printf/printf.c.obj
 .text._ntoa_format
                0x10002712      0x110 CMakeFiles/Switch_01.dir/C_/Users/amogl/.pico-sdk/sdk/1.5.1/src/rp2_common/pico_printf/printf.c.obj
 .text._ntoa_long
                0x10002822       0xbc CMakeFiles/Switch_01.dir/C_/Users/amogl/.pico-sdk/sdk/1.5.1/src/rp2_common/pico_printf/printf.c.obj
 .text._ntoa_long_long
                0x100028de      0x10e CMakeFiles/Switch_01.dir/C_/Users/amogl/.pico-sdk/sdk/1.5.1/src/rp2_common/pico_printf/printf.c.obj
 .text._etoa    0x100029ec      0x420 CMakeFiles/Switch_01.dir/C_/Users/amogl/.pico-sdk/sdk/1.5.1/src/rp2_common/pico_printf/printf.c.obj
 .text._ftoa    0x10002e0c      0x354 CMakeFiles/Switch_01.dir/C_/Users/amogl/.pico-sdk/sdk/1.5.1/src/rp2_common/pico_printf/printf.c.obj
 .text._vsnprintf
                0x10003160      0x668 CMakeFiles/Switch_01.dir/C_/Users/amogl/.pico-sdk/sdk/1.5.1/src/rp2_common/pico_printf/printf.c.obj
 .text.vfctprintf
                0x100037c8       0x20 CMakeFiles/Switch_01.dir/C_/Users/amogl/.pico-sdk/sdk/1.5.1/src/rp2_common/pico_printf/printf.c.obj
                0x100037c8                vfctprintf
 .text          0x100037e8       0x10 CMakeFiles/Switch_01.dir/C_/Users/amogl/.pico-sdk/sdk/1.5.1/src/rp2_common/pico_bit_ops/bit_ops_aeabi.S.obj
 .text.rom_func_lookup
                0x100037f8       0x10 CMakeFiles/Switch_01.dir/C_/Users/amogl/.pico-sdk/sdk/1.5.1/src/rp2_common/pico_bootrom/bootrom.c.obj
                0x100037f8                rom_func_lookup
 .text.rom_data_lookup
                0x10003808       0x10 CMakeFiles/Switch_01.dir/C_/Users/amogl/.pico-sdk/sdk/1.5.1/src/rp2_common/pico_bootrom/bootrom.c.obj
                0x10003808                rom_data_lookup
 .text.rom_funcs_lookup
                0x10003818       0x36 CMakeFiles/Switch_01.dir/C_/Users/amogl/.pico-sdk/sdk/1.5.1/src/rp2_common/pico_bootrom/bootrom.c.obj
                0x10003818                rom_funcs_lookup
 *fill*         0x1000384e        0x2 
 .text.__wrap___aeabi_idiv
                0x10003850       0x50 CMakeFiles/Switch_01.dir/C_/Users/amogl/.pico-sdk/sdk/1.5.1/src/rp2_common/pico_divider/divider.S.obj
                0x10003850                __wrap___aeabi_idivmod
                0x10003850                divmod_s32s32
                0x10003850                div_s32s32
                0x10003850                __wrap___aeabi_idiv
                0x10003858                divmod_s32s32_unsafe
                0x10003884                divmod_s32s32_savestate
 .text.__wrap___aeabi_uidiv
                0x100038a0       0x4c CMakeFiles/Switch_01.dir/C_/Users/amogl/.pico-sdk/sdk/1.5.1/src/rp2_common/pico_divider/divider.S.obj
                0x100038a0                __wrap___aeabi_uidiv
                0x100038a0                __wrap___aeabi_uidivmod
                0x100038a0                div_u32u32
                0x100038a0                divmod_u32u32
                0x100038a8                divmod_u32u32_unsafe
                0x100038d0                divmod_u32u32_savestate
 .text.__wrap___aeabi_ldiv
                0x100038ec      0x424 CMakeFiles/Switch_01.dir/C_/Users/amogl/.pico-sdk/sdk/1.5.1/src/rp2_common/pico_divider/divider.S.obj
                0x100038ec                div_s64s64
                0x100038ec                divmod_s64s64
                0x100038ec                __wrap___aeabi_ldivmod
                0x1000391c                divmod_u64u64
                0x1000391c                div_u64u64
                0x1000391c                __wrap___aeabi_uldivmod
                0x1000392c                divmod_u64u64_savestate
                0x1000394c                divmod_s64s64_unsafe
                0x100039d4                divmod_u64u64_unsafe
 .text.__wrap___aeabi_darithmetic
                0x10003d10       0x80 CMakeFiles/Switch_01.dir/C_/Users/amogl/.pico-sdk/sdk/1.5.1/src/rp2_common/pico_double/double_aeabi.S.obj
                0x10003d10                __wrap___aeabi_drsub
                0x10003d16                __wrap___aeabi_dsub
                0x10003d28                __wrap___aeabi_dadd
                0x10003d3a                __wrap___aeabi_ddiv
                0x10003d76                __wrap___aeabi_dmul
 .text.__wrap___aeabi_cdcmple
                0x10003d90       0x6c CMakeFiles/Switch_01.dir/C_/Users/amogl/.pico-sdk/sdk/1.5.1/src/rp2_common/pico_double/double_aeabi.S.obj
                0x10003d90                __wrap___aeabi_cdrcmple
                0x10003da0                __wrap___aeabi_cdcmpeq
                0x10003da0                __wrap___aeabi_cdcmple
 .text.__wrap___aeabi_dcmplt
                0x10003dfc        0xc CMakeFiles/Switch_01.dir/C_/Users/amogl/.pico-sdk/sdk/1.5.1/src/rp2_common/pico_double/double_aeabi.S.obj
                0x10003dfc                __wrap___aeabi_dcmplt
 .text.__wrap___aeabi_dcmple
                0x10003e08       0x10 CMakeFiles/Switch_01.dir/C_/Users/amogl/.pico-sdk/sdk/1.5.1/src/rp2_common/pico_double/double_aeabi.S.obj
                0x10003e08                __wrap___aeabi_dcmple
 .text.__wrap___aeabi_dcmpge
                0x10003e18       0x10 CMakeFiles/Switch_01.dir/C_/Users/amogl/.pico-sdk/sdk/1.5.1/src/rp2_common/pico_double/double_aeabi.S.obj
                0x10003e18                __wrap___aeabi_dcmpge
 .text.__wrap___aeabi_dcmpgt
                0x10003e28        0xa CMakeFiles/Switch_01.dir/C_/Users/amogl/.pico-sdk/sdk/1.5.1/src/rp2_common/pico_double/double_aeabi.S.obj
                0x10003e28                __wrap___aeabi_dcmpgt
 .text.__wrap___aeabi_dcmpun
                0x10003e32       0x1c CMakeFiles/Switch_01.dir/C_/Users/amogl/.pico-sdk/sdk/1.5.1/src/rp2_common/pico_double/double_aeabi.S.obj
                0x10003e32                __wrap___aeabi_dcmpun
 *fill*         0x10003e4e        0x2 
 .text.__wrap___aeabi_i2d
                0x10003e50       0x38 CMakeFiles/Switch_01.dir/C_/Users/amogl/.pico-sdk/sdk/1.5.1/src/rp2_common/pico_double/double_aeabi.S.obj
                0x10003e50                __wrap___aeabi_ui2d
                0x10003e58                __wrap___aeabi_i2d
 .text.__wrap___aeabi_d2iz
                0x10003e88       0x48 CMakeFiles/Switch_01.dir/C_/Users/amogl/.pico-sdk/sdk/1.5.1/src/rp2_common/pico_double/double_aeabi.S.obj
                0x10003e88                double2int_z
                0x10003e88                __wrap___aeabi_d2iz
 .text.__wrap___aeabi_d2uiz
                0x10003ed0       0x18 CMakeFiles/Switch_01.dir/C_/Users/amogl/.pico-sdk/sdk/1.5.1/src/rp2_common/pico_double/double_aeabi.S.obj
                0x10003ed0                __wrap___aeabi_d2uiz
                0x10003ed0                double2uint
 .text.__aeabi_double_init
                0x10003ee8       0xcc CMakeFiles/Switch_01.dir/C_/Users/amogl/.pico-sdk/sdk/1.5.1/src/rp2_common/pico_double/double_init_rom.c.obj
                0x10003ee8                __aeabi_double_init
 .text.double_table_shim_on_use_helper
                0x10003fb4       0x34 CMakeFiles/Switch_01.dir/C_/Users/amogl/.pico-sdk/sdk/1.5.1/src/rp2_common/pico_double/double_v1_rom_shim.S.obj
                0x10003fb4                double_table_shim_on_use_helper
 .text.__wrap___aeabi_dsub
                0x10003fe8       0x10 CMakeFiles/Switch_01.dir/C_/Users/amogl/.pico-sdk/sdk/1.5.1/src/rp2_common/pico_double/double_v1_rom_shim.S.obj
                0x10003fe8                drsub_shim
                0x10003fee                dsub_shim
 .text.dadd_shim
                0x10003ff8      0x15c CMakeFiles/Switch_01.dir/C_/Users/amogl/.pico-sdk/sdk/1.5.1/src/rp2_common/pico_double/double_v1_rom_shim.S.obj
                0x10003ff8                dadd_shim
 .text.dmul_shim
                0x10004154      0x15c CMakeFiles/Switch_01.dir/C_/Users/amogl/.pico-sdk/sdk/1.5.1/src/rp2_common/pico_double/double_v1_rom_shim.S.obj
                0x10004154                dmul_shim
 .text.ddiv_shim
                0x100042b0      0x1b0 CMakeFiles/Switch_01.dir/C_/Users/amogl/.pico-sdk/sdk/1.5.1/src/rp2_common/pico_double/double_v1_rom_shim.S.obj
                0x100042b0                ddiv_shim
 .text.double2uint_shim
                0x10004460        0xe CMakeFiles/Switch_01.dir/C_/Users/amogl/.pico-sdk/sdk/1.5.1/src/rp2_common/pico_double/double_v1_rom_shim.S.obj
                0x10004460                double2uint_shim
                0x10004462                double2ufix_shim
 *fill*         0x1000446e        0x2 
 .text.double2uint64_shim
                0x10004470       0x70 CMakeFiles/Switch_01.dir/C_/Users/amogl/.pico-sdk/sdk/1.5.1/src/rp2_common/pico_double/double_v1_rom_shim.S.obj
                0x10004470                double2uint64_shim
                0x10004472                double2ufix64_shim
                0x10004492                d2fix_a
 .text.dunpacks
                0x100044e0       0x3c CMakeFiles/Switch_01.dir/C_/Users/amogl/.pico-sdk/sdk/1.5.1/src/rp2_common/pico_double/double_v1_rom_shim.S.obj
                0x100044e0                dunpacks
 .text.__aeabi_lmul
                0x1000451c       0x32 CMakeFiles/Switch_01.dir/C_/Users/amogl/.pico-sdk/sdk/1.5.1/src/rp2_common/pico_int64_ops/pico_int64_ops_aeabi.S.obj
                0x1000451c                __wrap___aeabi_lmul
 *fill*         0x1000454e        0x2 
 .text.__aeabi_float_init
                0x10004550       0xfc CMakeFiles/Switch_01.dir/C_/Users/amogl/.pico-sdk/sdk/1.5.1/src/rp2_common/pico_float/float_init_rom.c.obj
                0x10004550                __aeabi_float_init
 .text.float_table_shim_on_use_helper
                0x1000464c       0x34 CMakeFiles/Switch_01.dir/C_/Users/amogl/.pico-sdk/sdk/1.5.1/src/rp2_common/pico_float/float_v1_rom_shim.S.obj
                0x1000464c                float_table_shim_on_use_helper
 .text.check_alloc
                0x10004680       0x20 CMakeFiles/Switch_01.dir/C_/Users/amogl/.pico-sdk/sdk/1.5.1/src/rp2_common/pico_malloc/pico_malloc.c.obj
 .text.__wrap_malloc
                0x100046a0       0x14 CMakeFiles/Switch_01.dir/C_/Users/amogl/.pico-sdk/sdk/1.5.1/src/rp2_common/pico_malloc/pico_malloc.c.obj
                0x100046a0                __wrap_malloc
 .text          0x100046b4       0x10 CMakeFiles/Switch_01.dir/C_/Users/amogl/.pico-sdk/sdk/1.5.1/src/rp2_common/pico_mem_ops/mem_ops_aeabi.S.obj
                0x100046b4                __aeabi_mem_init
 .text.memset   0x100046c4        0xc CMakeFiles/Switch_01.dir/C_/Users/amogl/.pico-sdk/sdk/1.5.1/src/rp2_common/pico_mem_ops/mem_ops_aeabi.S.obj
                0x100046c4                __wrap_memset
 .text.memcpy   0x100046d0        0xc CMakeFiles/Switch_01.dir/C_/Users/amogl/.pico-sdk/sdk/1.5.1/src/rp2_common/pico_mem_ops/mem_ops_aeabi.S.obj
                0x100046d0                __wrap_memcpy
                0x100046d0                __wrap___aeabi_memcpy
 .text.stdio_out_chars_no_crlf
                0x100046dc        0xe CMakeFiles/Switch_01.dir/C_/Users/amogl/.pico-sdk/sdk/1.5.1/src/rp2_common/pico_stdio/stdio.c.obj
 *fill*         0x100046ea        0x2 
 .text.stdio_out_chars_crlf
                0x100046ec       0x80 CMakeFiles/Switch_01.dir/C_/Users/amogl/.pico-sdk/sdk/1.5.1/src/rp2_common/pico_stdio/stdio.c.obj
 .text.stdio_stack_buffer_flush
                0x1000476c       0x44 CMakeFiles/Switch_01.dir/C_/Users/amogl/.pico-sdk/sdk/1.5.1/src/rp2_common/pico_stdio/stdio.c.obj
 .text.stdio_buffered_printer
                0x100047b0       0x20 CMakeFiles/Switch_01.dir/C_/Users/amogl/.pico-sdk/sdk/1.5.1/src/rp2_common/pico_stdio/stdio.c.obj
 .text.update_us_since_boot
                0x100047d0       0x24 CMakeFiles/Switch_01.dir/C_/Users/amogl/.pico-sdk/sdk/1.5.1/src/rp2_common/pico_stdio/stdio.c.obj
 .text.get_absolute_time
                0x100047f4       0x22 CMakeFiles/Switch_01.dir/C_/Users/amogl/.pico-sdk/sdk/1.5.1/src/rp2_common/pico_stdio/stdio.c.obj
 *fill*         0x10004816        0x2 
 .text.delayed_by_ms
                0x10004818       0x44 CMakeFiles/Switch_01.dir/C_/Users/amogl/.pico-sdk/sdk/1.5.1/src/rp2_common/pico_stdio/stdio.c.obj
 .text.make_timeout_time_ms
                0x1000485c       0x20 CMakeFiles/Switch_01.dir/C_/Users/amogl/.pico-sdk/sdk/1.5.1/src/rp2_common/pico_stdio/stdio.c.obj
 .text.stdout_serialize_begin
                0x1000487c       0x20 CMakeFiles/Switch_01.dir/C_/Users/amogl/.pico-sdk/sdk/1.5.1/src/rp2_common/pico_stdio/stdio.c.obj
                0x1000487c                stdout_serialize_begin
 .text.stdout_serialize_end
                0x1000489c       0x10 CMakeFiles/Switch_01.dir/C_/Users/amogl/.pico-sdk/sdk/1.5.1/src/rp2_common/pico_stdio/stdio.c.obj
                0x1000489c                stdout_serialize_end
 .text.stdio_put_string
                0x100048ac       0x98 CMakeFiles/Switch_01.dir/C_/Users/amogl/.pico-sdk/sdk/1.5.1/src/rp2_common/pico_stdio/stdio.c.obj
 .text.stdio_set_driver_enabled
                0x10004944       0x2c CMakeFiles/Switch_01.dir/C_/Users/amogl/.pico-sdk/sdk/1.5.1/src/rp2_common/pico_stdio/stdio.c.obj
                0x10004944                stdio_set_driver_enabled
 .text.stdio_flush
                0x10004970       0x20 CMakeFiles/Switch_01.dir/C_/Users/amogl/.pico-sdk/sdk/1.5.1/src/rp2_common/pico_stdio/stdio.c.obj
                0x10004970                stdio_flush
 .text.__wrap_puts
                0x10004990       0x1e CMakeFiles/Switch_01.dir/C_/Users/amogl/.pico-sdk/sdk/1.5.1/src/rp2_common/pico_stdio/stdio.c.obj
                0x10004990                __wrap_puts
 *fill*         0x100049ae        0x2 
 .text.__wrap_vprintf
                0x100049b0       0x40 CMakeFiles/Switch_01.dir/C_/Users/amogl/.pico-sdk/sdk/1.5.1/src/rp2_common/pico_stdio/stdio.c.obj
                0x100049b0                __wrap_vprintf
 .text.__wrap_printf
                0x100049f0       0x18 CMakeFiles/Switch_01.dir/C_/Users/amogl/.pico-sdk/sdk/1.5.1/src/rp2_common/pico_stdio/stdio.c.obj
                0x100049f0                __wrap_printf
 .text.stdio_init_all
                0x10004a08        0x8 CMakeFiles/Switch_01.dir/C_/Users/amogl/.pico-sdk/sdk/1.5.1/src/rp2_common/pico_stdio/stdio.c.obj
                0x10004a08                stdio_init_all
 .text.resetd_init
                0x10004a10        0x2 CMakeFiles/Switch_01.dir/C_/Users/amogl/.pico-sdk/sdk/1.5.1/src/rp2_common/pico_stdio_usb/reset_interface.c.obj
 *fill*         0x10004a12        0x2 
 .text.resetd_reset
                0x10004a14        0xc CMakeFiles/Switch_01.dir/C_/Users/amogl/.pico-sdk/sdk/1.5.1/src/rp2_common/pico_stdio_usb/reset_interface.c.obj
 .text.resetd_open
                0x10004a20       0x34 CMakeFiles/Switch_01.dir/C_/Users/amogl/.pico-sdk/sdk/1.5.1/src/rp2_common/pico_stdio_usb/reset_interface.c.obj
 .text.resetd_xfer_cb
                0x10004a54        0x4 CMakeFiles/Switch_01.dir/C_/Users/amogl/.pico-sdk/sdk/1.5.1/src/rp2_common/pico_stdio_usb/reset_interface.c.obj
 .text.reset_usb_boot
                0x10004a58       0x18 CMakeFiles/Switch_01.dir/C_/Users/amogl/.pico-sdk/sdk/1.5.1/src/rp2_common/pico_stdio_usb/reset_interface.c.obj
 .text.resetd_control_xfer_cb
                0x10004a70       0x5c CMakeFiles/Switch_01.dir/C_/Users/amogl/.pico-sdk/sdk/1.5.1/src/rp2_common/pico_stdio_usb/reset_interface.c.obj
 .text.usbd_app_driver_get_cb
                0x10004acc        0xc CMakeFiles/Switch_01.dir/C_/Users/amogl/.pico-sdk/sdk/1.5.1/src/rp2_common/pico_stdio_usb/reset_interface.c.obj
                0x10004acc                usbd_app_driver_get_cb
 .text.tud_cdc_line_coding_cb
                0x10004ad8       0x28 CMakeFiles/Switch_01.dir/C_/Users/amogl/.pico-sdk/sdk/1.5.1/src/rp2_common/pico_stdio_usb/reset_interface.c.obj
                0x10004ad8                tud_cdc_line_coding_cb
 .text.stdio_usb_set_chars_available_callback
                0x10004b00       0x14 CMakeFiles/Switch_01.dir/C_/Users/amogl/.pico-sdk/sdk/1.5.1/src/rp2_common/pico_stdio_usb/stdio_usb.c.obj
                0x10004b00                stdio_usb_set_chars_available_callback
 .text.update_us_since_boot
                0x10004b14       0x24 CMakeFiles/Switch_01.dir/C_/Users/amogl/.pico-sdk/sdk/1.5.1/src/rp2_common/pico_stdio_usb/stdio_usb.c.obj
 .text.get_absolute_time
                0x10004b38       0x22 CMakeFiles/Switch_01.dir/C_/Users/amogl/.pico-sdk/sdk/1.5.1/src/rp2_common/pico_stdio_usb/stdio_usb.c.obj
 *fill*         0x10004b5a        0x2 
 .text.delayed_by_ms
                0x10004b5c       0x44 CMakeFiles/Switch_01.dir/C_/Users/amogl/.pico-sdk/sdk/1.5.1/src/rp2_common/pico_stdio_usb/stdio_usb.c.obj
 .text.make_timeout_time_ms
                0x10004ba0       0x20 CMakeFiles/Switch_01.dir/C_/Users/amogl/.pico-sdk/sdk/1.5.1/src/rp2_common/pico_stdio_usb/stdio_usb.c.obj
 .text.delayed_by_us
                0x10004bc0       0x34 CMakeFiles/Switch_01.dir/C_/Users/amogl/.pico-sdk/sdk/1.5.1/src/rp2_common/pico_stdio_usb/stdio_usb.c.obj
 .text.usb_irq  0x10004bf4       0x10 CMakeFiles/Switch_01.dir/C_/Users/amogl/.pico-sdk/sdk/1.5.1/src/rp2_common/pico_stdio_usb/stdio_usb.c.obj
 .text.critical_section_enter_blocking
                0x10004c04       0x16 CMakeFiles/Switch_01.dir/C_/Users/amogl/.pico-sdk/sdk/1.5.1/src/rp2_common/pico_stdio_usb/stdio_usb.c.obj
 *fill*         0x10004c1a        0x2 
 .text.timer_task
                0x10004c1c       0x4c CMakeFiles/Switch_01.dir/C_/Users/amogl/.pico-sdk/sdk/1.5.1/src/rp2_common/pico_stdio_usb/stdio_usb.c.obj
 .text.alarm_pool_add_alarm_in_us
                0x10004c68       0x3a CMakeFiles/Switch_01.dir/C_/Users/amogl/.pico-sdk/sdk/1.5.1/src/rp2_common/pico_stdio_usb/stdio_usb.c.obj
 .text.add_alarm_in_us
                0x10004ca2       0x2e CMakeFiles/Switch_01.dir/C_/Users/amogl/.pico-sdk/sdk/1.5.1/src/rp2_common/pico_stdio_usb/stdio_usb.c.obj
 .text.low_priority_worker_irq
                0x10004cd0       0x7c CMakeFiles/Switch_01.dir/C_/Users/amogl/.pico-sdk/sdk/1.5.1/src/rp2_common/pico_stdio_usb/stdio_usb.c.obj
 .text.tud_cdc_rx_cb
                0x10004d4c       0x20 CMakeFiles/Switch_01.dir/C_/Users/amogl/.pico-sdk/sdk/1.5.1/src/rp2_common/pico_stdio_usb/stdio_usb.c.obj
                0x10004d4c                tud_cdc_rx_cb
 .text.stdio_usb_init
                0x10004d6c       0xd0 CMakeFiles/Switch_01.dir/C_/Users/amogl/.pico-sdk/sdk/1.5.1/src/rp2_common/pico_stdio_usb/stdio_usb.c.obj
                0x10004d6c                stdio_usb_init
 .text.stdio_usb_connected
                0x10004e3c        0xa CMakeFiles/Switch_01.dir/C_/Users/amogl/.pico-sdk/sdk/1.5.1/src/rp2_common/pico_stdio_usb/stdio_usb.c.obj
                0x10004e3c                stdio_usb_connected
 *fill*         0x10004e46        0x2 
 .text.stdio_usb_in_chars
                0x10004e48       0x88 CMakeFiles/Switch_01.dir/C_/Users/amogl/.pico-sdk/sdk/1.5.1/src/rp2_common/pico_stdio_usb/stdio_usb.c.obj
                0x10004e48                stdio_usb_in_chars
 .text.stdio_usb_out_chars
                0x10004ed0       0xd8 CMakeFiles/Switch_01.dir/C_/Users/amogl/.pico-sdk/sdk/1.5.1/src/rp2_common/pico_stdio_usb/stdio_usb.c.obj
 .text.tud_descriptor_device_cb
                0x10004fa8        0x8 CMakeFiles/Switch_01.dir/C_/Users/amogl/.pico-sdk/sdk/1.5.1/src/rp2_common/pico_stdio_usb/stdio_usb_descriptors.c.obj
                0x10004fa8                tud_descriptor_device_cb
 .text.tud_descriptor_configuration_cb
                0x10004fb0        0x8 CMakeFiles/Switch_01.dir/C_/Users/amogl/.pico-sdk/sdk/1.5.1/src/rp2_common/pico_stdio_usb/stdio_usb_descriptors.c.obj
                0x10004fb0                tud_descriptor_configuration_cb
 .text.tud_descriptor_string_cb
                0x10004fb8       0x6c CMakeFiles/Switch_01.dir/C_/Users/amogl/.pico-sdk/sdk/1.5.1/src/rp2_common/pico_stdio_usb/stdio_usb_descriptors.c.obj
                0x10004fb8                tud_descriptor_string_cb
 .text._retrieve_unique_id_on_boot
                0x10005024       0x10 CMakeFiles/Switch_01.dir/C_/Users/amogl/.pico-sdk/sdk/1.5.1/src/rp2_common/pico_unique_id/unique_id.c.obj
 .text.pico_get_unique_board_id_string
                0x10005034       0x5c CMakeFiles/Switch_01.dir/C_/Users/amogl/.pico-sdk/sdk/1.5.1/src/rp2_common/pico_unique_id/unique_id.c.obj
                0x10005034                pico_get_unique_board_id_string
 .text.flash_get_unique_id
                0x10005090       0x40 CMakeFiles/Switch_01.dir/C_/Users/amogl/.pico-sdk/sdk/1.5.1/src/rp2_common/hardware_flash/flash.c.obj
                0x10005090                flash_get_unique_id
 .text.hw_endpoint_get_by_addr
                0x100050d0       0x18 CMakeFiles/Switch_01.dir/C_/Users/amogl/.pico-sdk/sdk/1.5.1/lib/tinyusb/src/portable/raspberrypi/rp2040/dcd_rp2040.c.obj
 .text._hw_endpoint_alloc
                0x100050e8       0x70 CMakeFiles/Switch_01.dir/C_/Users/amogl/.pico-sdk/sdk/1.5.1/lib/tinyusb/src/portable/raspberrypi/rp2040/dcd_rp2040.c.obj
 .text.hw_endpoint_init
                0x10005158       0x88 CMakeFiles/Switch_01.dir/C_/Users/amogl/.pico-sdk/sdk/1.5.1/lib/tinyusb/src/portable/raspberrypi/rp2040/dcd_rp2040.c.obj
 .text.dcd_event_sof
                0x100051e0       0x2c CMakeFiles/Switch_01.dir/C_/Users/amogl/.pico-sdk/sdk/1.5.1/lib/tinyusb/src/portable/raspberrypi/rp2040/dcd_rp2040.c.obj
 .text.hw_endpoint_xfer
                0x1000520c       0x14 CMakeFiles/Switch_01.dir/C_/Users/amogl/.pico-sdk/sdk/1.5.1/lib/tinyusb/src/portable/raspberrypi/rp2040/dcd_rp2040.c.obj
 .text.dcd_int_enable
                0x10005220       0x2c CMakeFiles/Switch_01.dir/C_/Users/amogl/.pico-sdk/sdk/1.5.1/lib/tinyusb/src/portable/raspberrypi/rp2040/dcd_rp2040.c.obj
                0x10005220                dcd_int_enable
 .text.dcd_set_address
                0x1000524c       0x2c CMakeFiles/Switch_01.dir/C_/Users/amogl/.pico-sdk/sdk/1.5.1/lib/tinyusb/src/portable/raspberrypi/rp2040/dcd_rp2040.c.obj
                0x1000524c                dcd_set_address
 .text.dcd_connect
                0x10005278       0x10 CMakeFiles/Switch_01.dir/C_/Users/amogl/.pico-sdk/sdk/1.5.1/lib/tinyusb/src/portable/raspberrypi/rp2040/dcd_rp2040.c.obj
                0x10005278                dcd_connect
 .text.dcd_init
                0x10005288       0x80 CMakeFiles/Switch_01.dir/C_/Users/amogl/.pico-sdk/sdk/1.5.1/lib/tinyusb/src/portable/raspberrypi/rp2040/dcd_rp2040.c.obj
                0x10005288                dcd_init
 .text.dcd_edpt0_status_complete
                0x10005308       0x1c CMakeFiles/Switch_01.dir/C_/Users/amogl/.pico-sdk/sdk/1.5.1/lib/tinyusb/src/portable/raspberrypi/rp2040/dcd_rp2040.c.obj
                0x10005308                dcd_edpt0_status_complete
 .text.dcd_edpt_open
                0x10005324       0x40 CMakeFiles/Switch_01.dir/C_/Users/amogl/.pico-sdk/sdk/1.5.1/lib/tinyusb/src/portable/raspberrypi/rp2040/dcd_rp2040.c.obj
                0x10005324                dcd_edpt_open
 .text.dcd_edpt_close_all
                0x10005364        0x8 CMakeFiles/Switch_01.dir/C_/Users/amogl/.pico-sdk/sdk/1.5.1/lib/tinyusb/src/portable/raspberrypi/rp2040/dcd_rp2040.c.obj
                0x10005364                dcd_edpt_close_all
 .text.dcd_edpt_xfer
                0x1000536c       0x34 CMakeFiles/Switch_01.dir/C_/Users/amogl/.pico-sdk/sdk/1.5.1/lib/tinyusb/src/portable/raspberrypi/rp2040/dcd_rp2040.c.obj
                0x1000536c                dcd_edpt_xfer
 .text.dcd_edpt_stall
                0x100053a0       0x2c CMakeFiles/Switch_01.dir/C_/Users/amogl/.pico-sdk/sdk/1.5.1/lib/tinyusb/src/portable/raspberrypi/rp2040/dcd_rp2040.c.obj
                0x100053a0                dcd_edpt_stall
 .text.dcd_edpt_clear_stall
                0x100053cc       0x20 CMakeFiles/Switch_01.dir/C_/Users/amogl/.pico-sdk/sdk/1.5.1/lib/tinyusb/src/portable/raspberrypi/rp2040/dcd_rp2040.c.obj
                0x100053cc                dcd_edpt_clear_stall
 .text.rp2040_usb_init
                0x100053ec       0x4c CMakeFiles/Switch_01.dir/C_/Users/amogl/.pico-sdk/sdk/1.5.1/lib/tinyusb/src/portable/raspberrypi/rp2040/rp2040_usb.c.obj
                0x100053ec                rp2040_usb_init
 .text.hw_endpoint_xfer_start
                0x10005438       0x50 CMakeFiles/Switch_01.dir/C_/Users/amogl/.pico-sdk/sdk/1.5.1/lib/tinyusb/src/portable/raspberrypi/rp2040/rp2040_usb.c.obj
                0x10005438                hw_endpoint_xfer_start
 .text.configuration_reset
                0x10005488       0x84 CMakeFiles/Switch_01.dir/C_/Users/amogl/.pico-sdk/sdk/1.5.1/lib/tinyusb/src/device/usbd.c.obj
 .text.critical_section_enter_blocking
                0x1000550c       0x16 CMakeFiles/Switch_01.dir/C_/Users/amogl/.pico-sdk/sdk/1.5.1/lib/tinyusb/src/device/usbd.c.obj
 .text.usbd_reset
                0x10005522        0xc CMakeFiles/Switch_01.dir/C_/Users/amogl/.pico-sdk/sdk/1.5.1/lib/tinyusb/src/device/usbd.c.obj
 .text.invoke_class_control
                0x1000552e       0x1a CMakeFiles/Switch_01.dir/C_/Users/amogl/.pico-sdk/sdk/1.5.1/lib/tinyusb/src/device/usbd.c.obj
 .text.process_set_config
                0x10005548      0x178 CMakeFiles/Switch_01.dir/C_/Users/amogl/.pico-sdk/sdk/1.5.1/lib/tinyusb/src/device/usbd.c.obj
 .text.process_get_descriptor
                0x100056c0       0xdc CMakeFiles/Switch_01.dir/C_/Users/amogl/.pico-sdk/sdk/1.5.1/lib/tinyusb/src/device/usbd.c.obj
 .text.tud_mounted
                0x1000579c       0x10 CMakeFiles/Switch_01.dir/C_/Users/amogl/.pico-sdk/sdk/1.5.1/lib/tinyusb/src/device/usbd.c.obj
                0x1000579c                tud_mounted
 .text.tud_suspended
                0x100057ac       0x10 CMakeFiles/Switch_01.dir/C_/Users/amogl/.pico-sdk/sdk/1.5.1/lib/tinyusb/src/device/usbd.c.obj
                0x100057ac                tud_suspended
 .text.tud_inited
                0x100057bc       0x14 CMakeFiles/Switch_01.dir/C_/Users/amogl/.pico-sdk/sdk/1.5.1/lib/tinyusb/src/device/usbd.c.obj
                0x100057bc                tud_inited
 .text.tud_init
                0x100057d0       0xcc CMakeFiles/Switch_01.dir/C_/Users/amogl/.pico-sdk/sdk/1.5.1/lib/tinyusb/src/device/usbd.c.obj
                0x100057d0                tud_init
 .text.usbd_defer_func
                0x1000589c       0x2a CMakeFiles/Switch_01.dir/C_/Users/amogl/.pico-sdk/sdk/1.5.1/lib/tinyusb/src/device/usbd.c.obj
                0x1000589c                usbd_defer_func
 *fill*         0x100058c6        0x2 
 .text.usbd_edpt_open
                0x100058c8       0x34 CMakeFiles/Switch_01.dir/C_/Users/amogl/.pico-sdk/sdk/1.5.1/lib/tinyusb/src/device/usbd.c.obj
                0x100058c8                usbd_edpt_open
 .text.usbd_open_edpt_pair
                0x100058fc       0x62 CMakeFiles/Switch_01.dir/C_/Users/amogl/.pico-sdk/sdk/1.5.1/lib/tinyusb/src/device/usbd.c.obj
                0x100058fc                usbd_open_edpt_pair
 *fill*         0x1000595e        0x2 
 .text.usbd_edpt_claim
                0x10005960       0x28 CMakeFiles/Switch_01.dir/C_/Users/amogl/.pico-sdk/sdk/1.5.1/lib/tinyusb/src/device/usbd.c.obj
                0x10005960                usbd_edpt_claim
 .text.usbd_edpt_release
                0x10005988       0x28 CMakeFiles/Switch_01.dir/C_/Users/amogl/.pico-sdk/sdk/1.5.1/lib/tinyusb/src/device/usbd.c.obj
                0x10005988                usbd_edpt_release
 .text.usbd_edpt_xfer
                0x100059b0       0x78 CMakeFiles/Switch_01.dir/C_/Users/amogl/.pico-sdk/sdk/1.5.1/lib/tinyusb/src/device/usbd.c.obj
                0x100059b0                usbd_edpt_xfer
 .text.usbd_edpt_stall
                0x10005a28       0x48 CMakeFiles/Switch_01.dir/C_/Users/amogl/.pico-sdk/sdk/1.5.1/lib/tinyusb/src/device/usbd.c.obj
                0x10005a28                usbd_edpt_stall
 .text.usbd_edpt_clear_stall
                0x10005a70       0x48 CMakeFiles/Switch_01.dir/C_/Users/amogl/.pico-sdk/sdk/1.5.1/lib/tinyusb/src/device/usbd.c.obj
                0x10005a70                usbd_edpt_clear_stall
 .text.usbd_edpt_stalled
                0x10005ab8       0x1c CMakeFiles/Switch_01.dir/C_/Users/amogl/.pico-sdk/sdk/1.5.1/lib/tinyusb/src/device/usbd.c.obj
                0x10005ab8                usbd_edpt_stalled
 .text.process_control_request
                0x10005ad4      0x374 CMakeFiles/Switch_01.dir/C_/Users/amogl/.pico-sdk/sdk/1.5.1/lib/tinyusb/src/device/usbd.c.obj
 .text.tud_task_ext
                0x10005e48      0x1a8 CMakeFiles/Switch_01.dir/C_/Users/amogl/.pico-sdk/sdk/1.5.1/lib/tinyusb/src/device/usbd.c.obj
                0x10005e48                tud_task_ext
 .text._status_stage_xact
                0x10005ff0       0x1a CMakeFiles/Switch_01.dir/C_/Users/amogl/.pico-sdk/sdk/1.5.1/lib/tinyusb/src/device/usbd_control.c.obj
 *fill*         0x1000600a        0x2 
 .text._data_stage_xact
                0x1000600c       0x58 CMakeFiles/Switch_01.dir/C_/Users/amogl/.pico-sdk/sdk/1.5.1/lib/tinyusb/src/device/usbd_control.c.obj
 .text.tud_control_status
                0x10006064       0x28 CMakeFiles/Switch_01.dir/C_/Users/amogl/.pico-sdk/sdk/1.5.1/lib/tinyusb/src/device/usbd_control.c.obj
                0x10006064                tud_control_status
 .text.tud_control_xfer
                0x1000608c       0x68 CMakeFiles/Switch_01.dir/C_/Users/amogl/.pico-sdk/sdk/1.5.1/lib/tinyusb/src/device/usbd_control.c.obj
                0x1000608c                tud_control_xfer
 .text.usbd_control_reset
                0x100060f4       0x14 CMakeFiles/Switch_01.dir/C_/Users/amogl/.pico-sdk/sdk/1.5.1/lib/tinyusb/src/device/usbd_control.c.obj
                0x100060f4                usbd_control_reset
 .text.usbd_control_set_complete_callback
                0x10006108        0xc CMakeFiles/Switch_01.dir/C_/Users/amogl/.pico-sdk/sdk/1.5.1/lib/tinyusb/src/device/usbd_control.c.obj
                0x10006108                usbd_control_set_complete_callback
 .text.usbd_control_set_request
                0x10006114       0x1c CMakeFiles/Switch_01.dir/C_/Users/amogl/.pico-sdk/sdk/1.5.1/lib/tinyusb/src/device/usbd_control.c.obj
                0x10006114                usbd_control_set_request
 .text.usbd_control_xfer_cb
                0x10006130       0xbc CMakeFiles/Switch_01.dir/C_/Users/amogl/.pico-sdk/sdk/1.5.1/lib/tinyusb/src/device/usbd_control.c.obj
                0x10006130                usbd_control_xfer_cb
 .text._prep_out_transaction
                0x100061ec       0x4a CMakeFiles/Switch_01.dir/C_/Users/amogl/.pico-sdk/sdk/1.5.1/lib/tinyusb/src/class/cdc/cdc_device.c.obj
 *fill*         0x10006236        0x2 
 .text.tud_cdc_n_connected
                0x10006238       0x38 CMakeFiles/Switch_01.dir/C_/Users/amogl/.pico-sdk/sdk/1.5.1/lib/tinyusb/src/class/cdc/cdc_device.c.obj
                0x10006238                tud_cdc_n_connected
 .text.tud_cdc_n_available
                0x10006270       0x18 CMakeFiles/Switch_01.dir/C_/Users/amogl/.pico-sdk/sdk/1.5.1/lib/tinyusb/src/class/cdc/cdc_device.c.obj
                0x10006270                tud_cdc_n_available
 .text.tud_cdc_n_read
                0x10006288       0x28 CMakeFiles/Switch_01.dir/C_/Users/amogl/.pico-sdk/sdk/1.5.1/lib/tinyusb/src/class/cdc/cdc_device.c.obj
                0x10006288                tud_cdc_n_read
 .text.tud_cdc_n_write_flush
                0x100062b0       0xb8 CMakeFiles/Switch_01.dir/C_/Users/amogl/.pico-sdk/sdk/1.5.1/lib/tinyusb/src/class/cdc/cdc_device.c.obj
                0x100062b0                tud_cdc_n_write_flush
 .text.tud_cdc_n_write
                0x10006368       0x38 CMakeFiles/Switch_01.dir/C_/Users/amogl/.pico-sdk/sdk/1.5.1/lib/tinyusb/src/class/cdc/cdc_device.c.obj
                0x10006368                tud_cdc_n_write
 .text.tud_cdc_n_write_available
                0x100063a0       0x1c CMakeFiles/Switch_01.dir/C_/Users/amogl/.pico-sdk/sdk/1.5.1/lib/tinyusb/src/class/cdc/cdc_device.c.obj
                0x100063a0                tud_cdc_n_write_available
 .text.cdcd_init
                0x100063bc       0xbc CMakeFiles/Switch_01.dir/C_/Users/amogl/.pico-sdk/sdk/1.5.1/lib/tinyusb/src/class/cdc/cdc_device.c.obj
                0x100063bc                cdcd_init
 .text.cdcd_reset
                0x10006478       0x44 CMakeFiles/Switch_01.dir/C_/Users/amogl/.pico-sdk/sdk/1.5.1/lib/tinyusb/src/class/cdc/cdc_device.c.obj
                0x10006478                cdcd_reset
 .text.cdcd_open
                0x100064bc       0xc4 CMakeFiles/Switch_01.dir/C_/Users/amogl/.pico-sdk/sdk/1.5.1/lib/tinyusb/src/class/cdc/cdc_device.c.obj
                0x100064bc                cdcd_open
 .text.cdcd_control_xfer_cb
                0x10006580      0x134 CMakeFiles/Switch_01.dir/C_/Users/amogl/.pico-sdk/sdk/1.5.1/lib/tinyusb/src/class/cdc/cdc_device.c.obj
                0x10006580                cdcd_control_xfer_cb
 .text.cdcd_xfer_cb
                0x100066b4      0x130 CMakeFiles/Switch_01.dir/C_/Users/amogl/.pico-sdk/sdk/1.5.1/lib/tinyusb/src/class/cdc/cdc_device.c.obj
                0x100066b4                cdcd_xfer_cb
 .text.tusb_init
                0x100067e4        0xa CMakeFiles/Switch_01.dir/C_/Users/amogl/.pico-sdk/sdk/1.5.1/lib/tinyusb/src/tusb.c.obj
                0x100067e4                tusb_init
 .text.tusb_inited
                0x100067ee        0xe CMakeFiles/Switch_01.dir/C_/Users/amogl/.pico-sdk/sdk/1.5.1/lib/tinyusb/src/tusb.c.obj
                0x100067ee                tusb_inited
 .text.tu_edpt_claim
                0x100067fc       0x50 CMakeFiles/Switch_01.dir/C_/Users/amogl/.pico-sdk/sdk/1.5.1/lib/tinyusb/src/tusb.c.obj
                0x100067fc                tu_edpt_claim
 .text.tu_edpt_release
                0x1000684c       0x38 CMakeFiles/Switch_01.dir/C_/Users/amogl/.pico-sdk/sdk/1.5.1/lib/tinyusb/src/tusb.c.obj
                0x1000684c                tu_edpt_release
 .text.tu_edpt_validate
                0x10006884       0x78 CMakeFiles/Switch_01.dir/C_/Users/amogl/.pico-sdk/sdk/1.5.1/lib/tinyusb/src/tusb.c.obj
                0x10006884                tu_edpt_validate
 .text.tu_edpt_bind_driver
                0x100068fc       0x26 CMakeFiles/Switch_01.dir/C_/Users/amogl/.pico-sdk/sdk/1.5.1/lib/tinyusb/src/tusb.c.obj
                0x100068fc                tu_edpt_bind_driver
 .text.advance_index
                0x10006922       0x1a CMakeFiles/Switch_01.dir/C_/Users/amogl/.pico-sdk/sdk/1.5.1/lib/tinyusb/src/common/tusb_fifo.c.obj
 .text._tu_fifo_peek
                0x1000693c       0x56 CMakeFiles/Switch_01.dir/C_/Users/amogl/.pico-sdk/sdk/1.5.1/lib/tinyusb/src/common/tusb_fifo.c.obj
 .text._ff_pull_const_addr
                0x10006992       0x4c CMakeFiles/Switch_01.dir/C_/Users/amogl/.pico-sdk/sdk/1.5.1/lib/tinyusb/src/common/tusb_fifo.c.obj
 .text._ff_pull_n
                0x100069de      0x110 CMakeFiles/Switch_01.dir/C_/Users/amogl/.pico-sdk/sdk/1.5.1/lib/tinyusb/src/common/tusb_fifo.c.obj
 .text._tu_fifo_peek_n
                0x10006aee       0x6a CMakeFiles/Switch_01.dir/C_/Users/amogl/.pico-sdk/sdk/1.5.1/lib/tinyusb/src/common/tusb_fifo.c.obj
 .text._tu_fifo_read_n
                0x10006b58       0x4e CMakeFiles/Switch_01.dir/C_/Users/amogl/.pico-sdk/sdk/1.5.1/lib/tinyusb/src/common/tusb_fifo.c.obj
 .text._ff_push_const_addr
                0x10006ba6       0x40 CMakeFiles/Switch_01.dir/C_/Users/amogl/.pico-sdk/sdk/1.5.1/lib/tinyusb/src/common/tusb_fifo.c.obj
 .text._ff_push_n
                0x10006be6      0x10c CMakeFiles/Switch_01.dir/C_/Users/amogl/.pico-sdk/sdk/1.5.1/lib/tinyusb/src/common/tusb_fifo.c.obj
 .text._tu_fifo_write_n
                0x10006cf2       0xf0 CMakeFiles/Switch_01.dir/C_/Users/amogl/.pico-sdk/sdk/1.5.1/lib/tinyusb/src/common/tusb_fifo.c.obj
 .text.tu_fifo_config
                0x10006de2       0x7c CMakeFiles/Switch_01.dir/C_/Users/amogl/.pico-sdk/sdk/1.5.1/lib/tinyusb/src/common/tusb_fifo.c.obj
                0x10006de2                tu_fifo_config
 .text.tu_fifo_count
                0x10006e5e       0x2a CMakeFiles/Switch_01.dir/C_/Users/amogl/.pico-sdk/sdk/1.5.1/lib/tinyusb/src/common/tusb_fifo.c.obj
                0x10006e5e                tu_fifo_count
 .text.tu_fifo_empty
                0x10006e88        0xe CMakeFiles/Switch_01.dir/C_/Users/amogl/.pico-sdk/sdk/1.5.1/lib/tinyusb/src/common/tusb_fifo.c.obj
                0x10006e88                tu_fifo_empty
 .text.tu_fifo_full
                0x10006e96       0x28 CMakeFiles/Switch_01.dir/C_/Users/amogl/.pico-sdk/sdk/1.5.1/lib/tinyusb/src/common/tusb_fifo.c.obj
                0x10006e96                tu_fifo_full
 .text.tu_fifo_remaining
                0x10006ebe       0x2c CMakeFiles/Switch_01.dir/C_/Users/amogl/.pico-sdk/sdk/1.5.1/lib/tinyusb/src/common/tusb_fifo.c.obj
                0x10006ebe                tu_fifo_remaining
 .text.tu_fifo_read
                0x10006eea       0x42 CMakeFiles/Switch_01.dir/C_/Users/amogl/.pico-sdk/sdk/1.5.1/lib/tinyusb/src/common/tusb_fifo.c.obj
                0x10006eea                tu_fifo_read
 .text.tu_fifo_read_n
                0x10006f2c        0xa CMakeFiles/Switch_01.dir/C_/Users/amogl/.pico-sdk/sdk/1.5.1/lib/tinyusb/src/common/tusb_fifo.c.obj
                0x10006f2c                tu_fifo_read_n
 .text.tu_fifo_write
                0x10006f36       0x64 CMakeFiles/Switch_01.dir/C_/Users/amogl/.pico-sdk/sdk/1.5.1/lib/tinyusb/src/common/tusb_fifo.c.obj
                0x10006f36                tu_fifo_write
 .text.tu_fifo_write_n
                0x10006f9a        0xa CMakeFiles/Switch_01.dir/C_/Users/amogl/.pico-sdk/sdk/1.5.1/lib/tinyusb/src/common/tusb_fifo.c.obj
                0x10006f9a                tu_fifo_write_n
 .text.tu_fifo_clear
                0x10006fa4       0x3e CMakeFiles/Switch_01.dir/C_/Users/amogl/.pico-sdk/sdk/1.5.1/lib/tinyusb/src/common/tusb_fifo.c.obj
                0x10006fa4                tu_fifo_clear
 .text.tu_fifo_set_overwritable
                0x10006fe2       0x46 CMakeFiles/Switch_01.dir/C_/Users/amogl/.pico-sdk/sdk/1.5.1/lib/tinyusb/src/common/tusb_fifo.c.obj
                0x10006fe2                tu_fifo_set_overwritable
 .text.malloc   0x10007028       0x14 C:/Users/amogl/.pico-sdk/toolchain/13_2_Rel1/bin/../lib/gcc/arm-none-eabi/13.2.1/thumb/v6-m/nofp\libg.a(libc_a-malloc.o)
                0x10007028                malloc
 .text._malloc_r
                0x1000703c      0x5c4 C:/Users/amogl/.pico-sdk/toolchain/13_2_Rel1/bin/../lib/gcc/arm-none-eabi/13.2.1/thumb/v6-m/nofp\libg.a(libc_a-mallocr.o)
                0x1000703c                _malloc_r
 .text.__malloc_lock
                0x10007600       0x10 C:/Users/amogl/.pico-sdk/toolchain/13_2_Rel1/bin/../lib/gcc/arm-none-eabi/13.2.1/thumb/v6-m/nofp\libg.a(libc_a-mlock.o)
                0x10007600                __malloc_lock
 .text.__malloc_unlock
                0x10007610       0x10 C:/Users/amogl/.pico-sdk/toolchain/13_2_Rel1/bin/../lib/gcc/arm-none-eabi/13.2.1/thumb/v6-m/nofp\libg.a(libc_a-mlock.o)
                0x10007610                __malloc_unlock
 .text._sbrk_r  0x10007620       0x24 C:/Users/amogl/.pico-sdk/toolchain/13_2_Rel1/bin/../lib/gcc/arm-none-eabi/13.2.1/thumb/v6-m/nofp\libg.a(libc_a-sbrkr.o)
                0x10007620                _sbrk_r
 .text.__errno  0x10007644        0xc C:/Users/amogl/.pico-sdk/toolchain/13_2_Rel1/bin/../lib/gcc/arm-none-eabi/13.2.1/thumb/v6-m/nofp\libg.a(libc_a-errno.o)
                0x10007644                __errno
 .text.__retarget_lock_acquire_recursive
                0x10007650        0x4 C:/Users/amogl/.pico-sdk/toolchain/13_2_Rel1/bin/../lib/gcc/arm-none-eabi/13.2.1/thumb/v6-m/nofp\libg.a(libc_a-lock.o)
                0x10007650                __retarget_lock_acquire_recursive
 .text.__retarget_lock_release_recursive
                0x10007654        0x4 C:/Users/amogl/.pico-sdk/toolchain/13_2_Rel1/bin/../lib/gcc/arm-none-eabi/13.2.1/thumb/v6-m/nofp\libg.a(libc_a-lock.o)
                0x10007654                __retarget_lock_release_recursive
 .text.sysconf  0x10007658       0x1c C:/Users/amogl/.pico-sdk/toolchain/13_2_Rel1/bin/../lib/gcc/arm-none-eabi/13.2.1/thumb/v6-m/nofp\libg.a(libc_a-sysconf.o)
                0x10007658                sysconf
 .text.strlen   0x10007674       0x5c C:/Users/amogl/.pico-sdk/toolchain/13_2_Rel1/bin/../lib/gcc/arm-none-eabi/13.2.1/thumb/v6-m/nofp\libg.a(libc_a-strlen-stub.o)
                0x10007674                strlen
 .text._malloc_trim_r
                0x100076d0       0xb4 C:/Users/amogl/.pico-sdk/toolchain/13_2_Rel1/bin/../lib/gcc/arm-none-eabi/13.2.1/thumb/v6-m/nofp\libg.a(libc_a-freer.o)
                0x100076d0                _malloc_trim_r
 .text._free_r  0x10007784      0x1d4 C:/Users/amogl/.pico-sdk/toolchain/13_2_Rel1/bin/../lib/gcc/arm-none-eabi/13.2.1/thumb/v6-m/nofp\libg.a(libc_a-freer.o)
                0x10007784                _free_r
 *(.fini)
 .fini          0x10007958        0x4 C:/Users/amogl/.pico-sdk/toolchain/13_2_Rel1/bin/../lib/gcc/arm-none-eabi/13.2.1/thumb/v6-m/nofp/crti.o
                0x10007958                _fini
 *fill*         0x1000795c        0x4 
 .fini.__stub   0x10007960       0xe0 linker stubs
 *crtbegin.o(.ctors)
 *crtbegin?.o(.ctors)
 *(EXCLUDE_FILE(*crtend.o *crtend?.o) .ctors)
 *(SORT_BY_NAME(.ctors.*))
 *(.ctors)
 *crtbegin.o(.dtors)
 *crtbegin?.o(.dtors)
 *(EXCLUDE_FILE(*crtend.o *crtend?.o) .dtors)
 *(SORT_BY_NAME(.dtors.*))
 *(.dtors)
 *(.eh_frame*)
 .eh_frame      0x10007a40        0x0 C:/Users/amogl/.pico-sdk/toolchain/13_2_Rel1/bin/../lib/gcc/arm-none-eabi/13.2.1/thumb/v6-m/nofp/crtbegin.o
                0x10007a40                        . = ALIGN (0x4)

.glue_7         0x10007a40        0x0
 .glue_7        0x10007a40        0x0 linker stubs

.glue_7t        0x10007a40        0x0
 .glue_7t       0x10007a40        0x0 linker stubs

.vfp11_veneer   0x10007a40        0x0
 .vfp11_veneer  0x10007a40        0x0 linker stubs

.v4_bx          0x10007a40        0x0
 .v4_bx         0x10007a40        0x0 linker stubs

.iplt           0x10007a40        0x0
 .iplt          0x10007a40        0x0 C:/Users/amogl/.pico-sdk/toolchain/13_2_Rel1/bin/../lib/gcc/arm-none-eabi/13.2.1/thumb/v6-m/nofp/crtbegin.o

.rodata         0x10007a40     0x161c
 *(EXCLUDE_FILE(*libm.a: *libc.a:*lib_a-mem*.o *libgcc.a:) .rodata*)
 .rodata._Z8onchangeP8button_t.str1.4
                0x10007a40      0xf4b CMakeFiles/Switch_01.dir/Switch_01.cpp.obj
                                 0x4c (size before relaxing)
 .rodata.main.str1.4
                0x1000898b        0xe CMakeFiles/Switch_01.dir/Switch_01.cpp.obj
 .rodata.update_us_since_boot.str1.4
                0x1000898b       0x69 CMakeFiles/Switch_01.dir/lib/button.c.obj
 *fill*         0x1000898b        0x1 
 .rodata.__func__.0
                0x1000898c       0x15 CMakeFiles/Switch_01.dir/lib/button.c.obj
 .rodata.spin_lock_claim_unused.str1.4
                0x100089a1       0x1b CMakeFiles/Switch_01.dir/C_/Users/amogl/.pico-sdk/sdk/1.5.1/src/rp2_common/hardware_sync/sync.c.obj
 .rodata.resolve_branch.str1.4
                0x100089a1       0x5d CMakeFiles/Switch_01.dir/C_/Users/amogl/.pico-sdk/sdk/1.5.1/src/rp2_common/hardware_irq/irq.c.obj
 .rodata.make_branch.str1.4
                0x100089a1       0x30 CMakeFiles/Switch_01.dir/C_/Users/amogl/.pico-sdk/sdk/1.5.1/src/rp2_common/hardware_irq/irq.c.obj
 .rodata.insert_branch_and_link.str1.4
                0x100089a1       0x10 CMakeFiles/Switch_01.dir/C_/Users/amogl/.pico-sdk/sdk/1.5.1/src/rp2_common/hardware_irq/irq.c.obj
 .rodata.irq_set_exclusive_handler.str1.4
                0x100089a1       0x36 CMakeFiles/Switch_01.dir/C_/Users/amogl/.pico-sdk/sdk/1.5.1/src/rp2_common/hardware_irq/irq.c.obj
 .rodata.irq_add_shared_handler.str1.4
                0x100089a1       0xc2 CMakeFiles/Switch_01.dir/C_/Users/amogl/.pico-sdk/sdk/1.5.1/src/rp2_common/hardware_irq/irq.c.obj
 .rodata.irq_remove_handler.str1.4
                0x100089a1       0x3a CMakeFiles/Switch_01.dir/C_/Users/amogl/.pico-sdk/sdk/1.5.1/src/rp2_common/hardware_irq/irq.c.obj
 .rodata.irq_add_tail_to_free_list.str1.4
                0x100089a1       0x3a CMakeFiles/Switch_01.dir/C_/Users/amogl/.pico-sdk/sdk/1.5.1/src/rp2_common/hardware_irq/irq.c.obj
 .rodata.user_irq_claim_unused.str1.4
                0x100089a1       0x1b CMakeFiles/Switch_01.dir/C_/Users/amogl/.pico-sdk/sdk/1.5.1/src/rp2_common/hardware_irq/irq.c.obj
 *fill*         0x100089a1        0x3 
 .rodata.__func__.0
                0x100089a4       0x1a CMakeFiles/Switch_01.dir/C_/Users/amogl/.pico-sdk/sdk/1.5.1/src/rp2_common/hardware_irq/irq.c.obj
 *fill*         0x100089be        0x2 
 .rodata.__func__.1
                0x100089c0       0x17 CMakeFiles/Switch_01.dir/C_/Users/amogl/.pico-sdk/sdk/1.5.1/src/rp2_common/hardware_irq/irq.c.obj
 *fill*         0x100089d7        0x1 
 .rodata.__func__.2
                0x100089d8       0x13 CMakeFiles/Switch_01.dir/C_/Users/amogl/.pico-sdk/sdk/1.5.1/src/rp2_common/hardware_irq/irq.c.obj
 *fill*         0x100089eb        0x1 
 .rodata.__func__.3
                0x100089ec        0xc CMakeFiles/Switch_01.dir/C_/Users/amogl/.pico-sdk/sdk/1.5.1/src/rp2_common/hardware_irq/irq.c.obj
 .rodata.__func__.4
                0x100089f8        0xf CMakeFiles/Switch_01.dir/C_/Users/amogl/.pico-sdk/sdk/1.5.1/src/rp2_common/hardware_irq/irq.c.obj
 *fill*         0x10008a07        0x1 
 .rodata.__func__.5
                0x10008a08       0x17 CMakeFiles/Switch_01.dir/C_/Users/amogl/.pico-sdk/sdk/1.5.1/src/rp2_common/hardware_irq/irq.c.obj
 *fill*         0x10008a1f        0x1 
 .rodata.__func__.6
                0x10008a20       0x1a CMakeFiles/Switch_01.dir/C_/Users/amogl/.pico-sdk/sdk/1.5.1/src/rp2_common/hardware_irq/irq.c.obj
 .rodata.update_us_since_boot.str1.4
                0x10008a3a       0x69 CMakeFiles/Switch_01.dir/C_/Users/amogl/.pico-sdk/sdk/1.5.1/src/common/pico_sync/mutex.c.obj
 .rodata.str1.4
                0x10008a3a       0x91 CMakeFiles/Switch_01.dir/C_/Users/amogl/.pico-sdk/sdk/1.5.1/src/common/pico_sync/mutex.c.obj
 *fill*         0x10008a3a        0x2 
 .rodata.__func__.1
                0x10008a3c        0xb CMakeFiles/Switch_01.dir/C_/Users/amogl/.pico-sdk/sdk/1.5.1/src/common/pico_sync/mutex.c.obj
 *fill*         0x10008a47        0x1 
 .rodata.__func__.3
                0x10008a48       0x18 CMakeFiles/Switch_01.dir/C_/Users/amogl/.pico-sdk/sdk/1.5.1/src/common/pico_sync/mutex.c.obj
 .rodata.__func__.4
                0x10008a60       0x15 CMakeFiles/Switch_01.dir/C_/Users/amogl/.pico-sdk/sdk/1.5.1/src/common/pico_sync/mutex.c.obj
 .rodata.get_entry.str1.4
                0x10008a75       0x63 CMakeFiles/Switch_01.dir/C_/Users/amogl/.pico-sdk/sdk/1.5.1/src/common/pico_time/time.c.obj
 .rodata.update_us_since_boot.str1.4
                0x10008a75       0x69 CMakeFiles/Switch_01.dir/C_/Users/amogl/.pico-sdk/sdk/1.5.1/src/common/pico_time/time.c.obj
 .rodata.ph_get_node.str1.4
                0x10008a75       0x6e CMakeFiles/Switch_01.dir/C_/Users/amogl/.pico-sdk/sdk/1.5.1/src/common/pico_time/time.c.obj
 .rodata.ph_add_child_node.str1.4
                0x10008a75       0x2e CMakeFiles/Switch_01.dir/C_/Users/amogl/.pico-sdk/sdk/1.5.1/src/common/pico_time/time.c.obj
 .rodata.ph_insert_node.str1.4
                0x10008a75        0x3 CMakeFiles/Switch_01.dir/C_/Users/amogl/.pico-sdk/sdk/1.5.1/src/common/pico_time/time.c.obj
 .rodata.ph_free_node.str1.4
                0x10008a75       0x38 CMakeFiles/Switch_01.dir/C_/Users/amogl/.pico-sdk/sdk/1.5.1/src/common/pico_time/time.c.obj
 .rodata.add_alarm_under_lock.str1.4
                0x10008a75       0x28 CMakeFiles/Switch_01.dir/C_/Users/amogl/.pico-sdk/sdk/1.5.1/src/common/pico_time/time.c.obj
 .rodata.alarm_pool_alarm_callback.str1.4
                0x10008a75       0x60 CMakeFiles/Switch_01.dir/C_/Users/amogl/.pico-sdk/sdk/1.5.1/src/common/pico_time/time.c.obj
 .rodata.alarm_pool_get_default.str1.4
                0x10008a75       0x21 CMakeFiles/Switch_01.dir/C_/Users/amogl/.pico-sdk/sdk/1.5.1/src/common/pico_time/time.c.obj
 .rodata.alarm_pool_cancel_alarm.str1.4
                0x10008a75       0x27 CMakeFiles/Switch_01.dir/C_/Users/amogl/.pico-sdk/sdk/1.5.1/src/common/pico_time/time.c.obj
 .rodata.sleep_until.str1.4
                0x10008a75       0x4d CMakeFiles/Switch_01.dir/C_/Users/amogl/.pico-sdk/sdk/1.5.1/src/common/pico_time/time.c.obj
 *fill*         0x10008a75        0x3 
 .rodata.__func__.1
                0x10008a78       0x18 CMakeFiles/Switch_01.dir/C_/Users/amogl/.pico-sdk/sdk/1.5.1/src/common/pico_time/time.c.obj
 .rodata.__func__.3
                0x10008a90       0x17 CMakeFiles/Switch_01.dir/C_/Users/amogl/.pico-sdk/sdk/1.5.1/src/common/pico_time/time.c.obj
 *fill*         0x10008aa7        0x1 
 .rodata.__func__.4
                0x10008aa8       0x12 CMakeFiles/Switch_01.dir/C_/Users/amogl/.pico-sdk/sdk/1.5.1/src/common/pico_time/time.c.obj
 *fill*         0x10008aba        0x2 
 .rodata.__func__.5
                0x10008abc        0xd CMakeFiles/Switch_01.dir/C_/Users/amogl/.pico-sdk/sdk/1.5.1/src/common/pico_time/time.c.obj
 *fill*         0x10008ac9        0x3 
 .rodata.__func__.6
                0x10008acc       0x12 CMakeFiles/Switch_01.dir/C_/Users/amogl/.pico-sdk/sdk/1.5.1/src/common/pico_time/time.c.obj
 *fill*         0x10008ade        0x2 
 .rodata.__func__.7
                0x10008ae0        0xf CMakeFiles/Switch_01.dir/C_/Users/amogl/.pico-sdk/sdk/1.5.1/src/common/pico_time/time.c.obj
 *fill*         0x10008aef        0x1 
 .rodata.__func__.8
                0x10008af0        0xc CMakeFiles/Switch_01.dir/C_/Users/amogl/.pico-sdk/sdk/1.5.1/src/common/pico_time/time.c.obj
 .rodata.__func__.9
                0x10008afc       0x15 CMakeFiles/Switch_01.dir/C_/Users/amogl/.pico-sdk/sdk/1.5.1/src/common/pico_time/time.c.obj
 *fill*         0x10008b11        0x3 
 .rodata.__func__.10
                0x10008b14       0x15 CMakeFiles/Switch_01.dir/C_/Users/amogl/.pico-sdk/sdk/1.5.1/src/common/pico_time/time.c.obj
 *fill*         0x10008b29        0x3 
 .rodata.__func__.11
                0x10008b2c       0x1a CMakeFiles/Switch_01.dir/C_/Users/amogl/.pico-sdk/sdk/1.5.1/src/common/pico_time/time.c.obj
 *fill*         0x10008b46        0x2 
 .rodata.__func__.12
                0x10008b48        0xa CMakeFiles/Switch_01.dir/C_/Users/amogl/.pico-sdk/sdk/1.5.1/src/common/pico_time/time.c.obj
 .rodata.hardware_alarm_claim.str1.4
                0x10008b52       0x22 CMakeFiles/Switch_01.dir/C_/Users/amogl/.pico-sdk/sdk/1.5.1/src/rp2_common/hardware_timer/timer.c.obj
 .rodata.hardware_alarm_set_target.str1.4
                0x10008b52       0x6d CMakeFiles/Switch_01.dir/C_/Users/amogl/.pico-sdk/sdk/1.5.1/src/rp2_common/hardware_timer/timer.c.obj
 *fill*         0x10008b52        0x2 
 .rodata.__func__.0
                0x10008b54       0x1a CMakeFiles/Switch_01.dir/C_/Users/amogl/.pico-sdk/sdk/1.5.1/src/rp2_common/hardware_timer/timer.c.obj
 .rodata.ph_get_node.str1.4
                0x10008b6e       0x6e CMakeFiles/Switch_01.dir/C_/Users/amogl/.pico-sdk/sdk/1.5.1/src/common/pico_util/pheap.c.obj
 .rodata.ph_add_child_node.str1.4
                0x10008b6e       0x2e CMakeFiles/Switch_01.dir/C_/Users/amogl/.pico-sdk/sdk/1.5.1/src/common/pico_util/pheap.c.obj
 .rodata.ph_remove_any_head.str1.4
                0x10008b6e       0xa8 CMakeFiles/Switch_01.dir/C_/Users/amogl/.pico-sdk/sdk/1.5.1/src/common/pico_util/pheap.c.obj
 .rodata.ph_remove_and_free_node.str1.4
                0x10008b6e       0x26 CMakeFiles/Switch_01.dir/C_/Users/amogl/.pico-sdk/sdk/1.5.1/src/common/pico_util/pheap.c.obj
 *fill*         0x10008b6e        0x2 
 .rodata.__func__.0
                0x10008b70       0x18 CMakeFiles/Switch_01.dir/C_/Users/amogl/.pico-sdk/sdk/1.5.1/src/common/pico_util/pheap.c.obj
 .rodata.__func__.1
                0x10008b88       0x13 CMakeFiles/Switch_01.dir/C_/Users/amogl/.pico-sdk/sdk/1.5.1/src/common/pico_util/pheap.c.obj
 *fill*         0x10008b9b        0x1 
 .rodata.__func__.2
                0x10008b9c       0x12 CMakeFiles/Switch_01.dir/C_/Users/amogl/.pico-sdk/sdk/1.5.1/src/common/pico_util/pheap.c.obj
 *fill*         0x10008bae        0x2 
 .rodata.__func__.3
                0x10008bb0        0xc CMakeFiles/Switch_01.dir/C_/Users/amogl/.pico-sdk/sdk/1.5.1/src/common/pico_util/pheap.c.obj
 .rodata.clock_configure.str1.4
                0x10008bbc       0x5f CMakeFiles/Switch_01.dir/C_/Users/amogl/.pico-sdk/sdk/1.5.1/src/rp2_common/hardware_clocks/clocks.c.obj
 .rodata.__func__.1
                0x10008bbc       0x10 CMakeFiles/Switch_01.dir/C_/Users/amogl/.pico-sdk/sdk/1.5.1/src/rp2_common/hardware_clocks/clocks.c.obj
 .rodata.pll_init.str1.4
                0x10008bcc      0x12c CMakeFiles/Switch_01.dir/C_/Users/amogl/.pico-sdk/sdk/1.5.1/src/rp2_common/hardware_pll/pll.c.obj
 .rodata.__func__.0
                0x10008bcc        0x9 CMakeFiles/Switch_01.dir/C_/Users/amogl/.pico-sdk/sdk/1.5.1/src/rp2_common/hardware_pll/pll.c.obj
 .rodata.__assert_func.str1.4
                0x10008bd5       0x43 CMakeFiles/Switch_01.dir/C_/Users/amogl/.pico-sdk/sdk/1.5.1/src/rp2_common/pico_runtime/runtime.c.obj
 .rodata.runtime_init.str1.4
                0x10008bd5       0x69 CMakeFiles/Switch_01.dir/C_/Users/amogl/.pico-sdk/sdk/1.5.1/src/rp2_common/pico_runtime/runtime.c.obj
 .rodata.panic.str1.4
                0x10008bd5       0x12 CMakeFiles/Switch_01.dir/C_/Users/amogl/.pico-sdk/sdk/1.5.1/src/rp2_common/pico_runtime/runtime.c.obj
 *fill*         0x10008bd5        0x3 
 .rodata.__func__.2
                0x10008bd8        0xd CMakeFiles/Switch_01.dir/C_/Users/amogl/.pico-sdk/sdk/1.5.1/src/rp2_common/pico_runtime/runtime.c.obj
 .rodata._ftoa.str1.4
                0x10008be5       0x15 CMakeFiles/Switch_01.dir/C_/Users/amogl/.pico-sdk/sdk/1.5.1/src/rp2_common/pico_printf/printf.c.obj
 *fill*         0x10008be5        0x3 
 .rodata._vsnprintf
                0x10008be8      0x19c CMakeFiles/Switch_01.dir/C_/Users/amogl/.pico-sdk/sdk/1.5.1/src/rp2_common/pico_printf/printf.c.obj
 *fill*         0x10008d84        0x4 
 .rodata.pow10.0
                0x10008d88       0x50 CMakeFiles/Switch_01.dir/C_/Users/amogl/.pico-sdk/sdk/1.5.1/src/rp2_common/pico_printf/printf.c.obj
 .rodata.__aeabi_double_init.str1.4
                0x10008dd8       0xa4 CMakeFiles/Switch_01.dir/C_/Users/amogl/.pico-sdk/sdk/1.5.1/src/rp2_common/pico_double/double_init_rom.c.obj
 .rodata.__func__.0
                0x10008dd8       0x14 CMakeFiles/Switch_01.dir/C_/Users/amogl/.pico-sdk/sdk/1.5.1/src/rp2_common/pico_double/double_init_rom.c.obj
 .rodata.__aeabi_float_init.str1.4
                0x10008dec       0x86 CMakeFiles/Switch_01.dir/C_/Users/amogl/.pico-sdk/sdk/1.5.1/src/rp2_common/pico_float/float_init_rom.c.obj
 .rodata.__func__.0
                0x10008dec       0x13 CMakeFiles/Switch_01.dir/C_/Users/amogl/.pico-sdk/sdk/1.5.1/src/rp2_common/pico_float/float_init_rom.c.obj
 .rodata.check_alloc.str1.4
                0x10008dff        0xe CMakeFiles/Switch_01.dir/C_/Users/amogl/.pico-sdk/sdk/1.5.1/src/rp2_common/pico_malloc/pico_malloc.c.obj
 .rodata.str1.4
                0x10008dff       0x44 CMakeFiles/Switch_01.dir/C_/Users/amogl/.pico-sdk/sdk/1.5.1/src/rp2_common/pico_standard_link/binary_info.c.obj
 *fill*         0x10008dff        0x1 
 .rodata.__bi_81
                0x10008e00        0xc CMakeFiles/Switch_01.dir/C_/Users/amogl/.pico-sdk/sdk/1.5.1/src/rp2_common/pico_standard_link/binary_info.c.obj
 .rodata.__bi_75
                0x10008e0c        0xc CMakeFiles/Switch_01.dir/C_/Users/amogl/.pico-sdk/sdk/1.5.1/src/rp2_common/pico_standard_link/binary_info.c.obj
 .rodata.__bi_56
                0x10008e18        0xc CMakeFiles/Switch_01.dir/C_/Users/amogl/.pico-sdk/sdk/1.5.1/src/rp2_common/pico_standard_link/binary_info.c.obj
 .rodata.__bi_44
                0x10008e24        0xc CMakeFiles/Switch_01.dir/C_/Users/amogl/.pico-sdk/sdk/1.5.1/src/rp2_common/pico_standard_link/binary_info.c.obj
 .rodata.update_us_since_boot.str1.4
                0x10008e30       0x69 CMakeFiles/Switch_01.dir/C_/Users/amogl/.pico-sdk/sdk/1.5.1/src/rp2_common/pico_stdio/stdio.c.obj
 .rodata.crlf_str.2
                0x10008e30        0x2 CMakeFiles/Switch_01.dir/C_/Users/amogl/.pico-sdk/sdk/1.5.1/src/rp2_common/pico_stdio/stdio.c.obj
 *fill*         0x10008e32        0x2 
 .rodata.__func__.3
                0x10008e34       0x15 CMakeFiles/Switch_01.dir/C_/Users/amogl/.pico-sdk/sdk/1.5.1/src/rp2_common/pico_stdio/stdio.c.obj
 *fill*         0x10008e49        0x3 
 .rodata._resetd_driver
                0x10008e4c       0x18 CMakeFiles/Switch_01.dir/C_/Users/amogl/.pico-sdk/sdk/1.5.1/src/rp2_common/pico_stdio_usb/reset_interface.c.obj
 .rodata.update_us_since_boot.str1.4
                0x10008e64       0x69 CMakeFiles/Switch_01.dir/C_/Users/amogl/.pico-sdk/sdk/1.5.1/src/rp2_common/pico_stdio_usb/stdio_usb.c.obj
 .rodata.stdio_usb_init.str1.4
                0x10008e64       0x55 CMakeFiles/Switch_01.dir/C_/Users/amogl/.pico-sdk/sdk/1.5.1/src/rp2_common/pico_stdio_usb/stdio_usb.c.obj
 .rodata.str1.4
                0x10008e64       0x13 CMakeFiles/Switch_01.dir/C_/Users/amogl/.pico-sdk/sdk/1.5.1/src/rp2_common/pico_stdio_usb/stdio_usb.c.obj
 .rodata.__bi_182.0
                0x10008e64        0xc CMakeFiles/Switch_01.dir/C_/Users/amogl/.pico-sdk/sdk/1.5.1/src/rp2_common/pico_stdio_usb/stdio_usb.c.obj
 .rodata.__func__.1
                0x10008e70        0xf CMakeFiles/Switch_01.dir/C_/Users/amogl/.pico-sdk/sdk/1.5.1/src/rp2_common/pico_stdio_usb/stdio_usb.c.obj
 *fill*         0x10008e7f        0x1 
 .rodata.__func__.3
                0x10008e80       0x15 CMakeFiles/Switch_01.dir/C_/Users/amogl/.pico-sdk/sdk/1.5.1/src/rp2_common/pico_stdio_usb/stdio_usb.c.obj
 .rodata.str1.4
                0x10008e95       0x2a CMakeFiles/Switch_01.dir/C_/Users/amogl/.pico-sdk/sdk/1.5.1/src/rp2_common/pico_stdio_usb/stdio_usb_descriptors.c.obj
 *fill*         0x10008e95        0x3 
 .rodata.usbd_desc_str
                0x10008e98       0x18 CMakeFiles/Switch_01.dir/C_/Users/amogl/.pico-sdk/sdk/1.5.1/src/rp2_common/pico_stdio_usb/stdio_usb_descriptors.c.obj
 .rodata.usbd_desc_cfg
                0x10008eb0       0x54 CMakeFiles/Switch_01.dir/C_/Users/amogl/.pico-sdk/sdk/1.5.1/src/rp2_common/pico_stdio_usb/stdio_usb_descriptors.c.obj
 .rodata.usbd_desc_device
                0x10008f04       0x12 CMakeFiles/Switch_01.dir/C_/Users/amogl/.pico-sdk/sdk/1.5.1/src/rp2_common/pico_stdio_usb/stdio_usb_descriptors.c.obj
 .rodata.pico_get_unique_board_id_string.str1.4
                0x10008f16       0x55 CMakeFiles/Switch_01.dir/C_/Users/amogl/.pico-sdk/sdk/1.5.1/src/rp2_common/pico_unique_id/unique_id.c.obj
 *fill*         0x10008f16        0x2 
 .rodata.__func__.0
                0x10008f18       0x20 CMakeFiles/Switch_01.dir/C_/Users/amogl/.pico-sdk/sdk/1.5.1/src/rp2_common/pico_unique_id/unique_id.c.obj
 .rodata.str1.4
                0x10008f38      0x162 CMakeFiles/Switch_01.dir/C_/Users/amogl/.pico-sdk/sdk/1.5.1/src/rp2_common/hardware_flash/flash.c.obj
 .rodata.__func__.0
                0x10008f38        0xd CMakeFiles/Switch_01.dir/C_/Users/amogl/.pico-sdk/sdk/1.5.1/src/rp2_common/hardware_flash/flash.c.obj
 .rodata._hw_endpoint_alloc.str1.4
                0x10008f45       0xbd CMakeFiles/Switch_01.dir/C_/Users/amogl/.pico-sdk/sdk/1.5.1/lib/tinyusb/src/portable/raspberrypi/rp2040/dcd_rp2040.c.obj
 .rodata.str1.4
                0x10008f45       0x14 CMakeFiles/Switch_01.dir/C_/Users/amogl/.pico-sdk/sdk/1.5.1/lib/tinyusb/src/portable/raspberrypi/rp2040/dcd_rp2040.c.obj
 .rodata.dcd_int_enable.str1.4
                0x10008f45        0xc CMakeFiles/Switch_01.dir/C_/Users/amogl/.pico-sdk/sdk/1.5.1/lib/tinyusb/src/portable/raspberrypi/rp2040/dcd_rp2040.c.obj
 *fill*         0x10008f45        0x3 
 .rodata.__func__.0
                0x10008f48        0xe CMakeFiles/Switch_01.dir/C_/Users/amogl/.pico-sdk/sdk/1.5.1/lib/tinyusb/src/portable/raspberrypi/rp2040/dcd_rp2040.c.obj
 *fill*         0x10008f56        0x2 
 .rodata.__func__.1
                0x10008f58        0xe CMakeFiles/Switch_01.dir/C_/Users/amogl/.pico-sdk/sdk/1.5.1/lib/tinyusb/src/portable/raspberrypi/rp2040/dcd_rp2040.c.obj
 *fill*         0x10008f66        0x2 
 .rodata.__func__.3
                0x10008f68       0x10 CMakeFiles/Switch_01.dir/C_/Users/amogl/.pico-sdk/sdk/1.5.1/lib/tinyusb/src/portable/raspberrypi/rp2040/dcd_rp2040.c.obj
 .rodata.__func__.5
                0x10008f78        0xf CMakeFiles/Switch_01.dir/C_/Users/amogl/.pico-sdk/sdk/1.5.1/lib/tinyusb/src/portable/raspberrypi/rp2040/dcd_rp2040.c.obj
 *fill*         0x10008f87        0x1 
 .rodata.__func__.6
                0x10008f88       0x13 CMakeFiles/Switch_01.dir/C_/Users/amogl/.pico-sdk/sdk/1.5.1/lib/tinyusb/src/portable/raspberrypi/rp2040/dcd_rp2040.c.obj
 *fill*         0x10008f9b        0x1 
 .rodata.__func__.7
                0x10008f9c        0x9 CMakeFiles/Switch_01.dir/C_/Users/amogl/.pico-sdk/sdk/1.5.1/lib/tinyusb/src/portable/raspberrypi/rp2040/dcd_rp2040.c.obj
 .rodata.str1.4
                0x10008fa5       0xef CMakeFiles/Switch_01.dir/C_/Users/amogl/.pico-sdk/sdk/1.5.1/lib/tinyusb/src/portable/raspberrypi/rp2040/rp2040_usb.c.obj
 *fill*         0x10008fa5        0x3 
 .rodata.__func__.0
                0x10008fa8        0xf CMakeFiles/Switch_01.dir/C_/Users/amogl/.pico-sdk/sdk/1.5.1/lib/tinyusb/src/portable/raspberrypi/rp2040/rp2040_usb.c.obj
 *fill*         0x10008fb7        0x1 
 .rodata.process_get_descriptor
                0x10008fb8       0x40 CMakeFiles/Switch_01.dir/C_/Users/amogl/.pico-sdk/sdk/1.5.1/lib/tinyusb/src/device/usbd.c.obj
 .rodata.process_control_request
                0x10008ff8       0x28 CMakeFiles/Switch_01.dir/C_/Users/amogl/.pico-sdk/sdk/1.5.1/lib/tinyusb/src/device/usbd.c.obj
 .rodata.tud_task_ext
                0x10009020       0x24 CMakeFiles/Switch_01.dir/C_/Users/amogl/.pico-sdk/sdk/1.5.1/lib/tinyusb/src/device/usbd.c.obj
 .rodata._usbd_driver
                0x10009044       0x18 CMakeFiles/Switch_01.dir/C_/Users/amogl/.pico-sdk/sdk/1.5.1/lib/tinyusb/src/device/usbd.c.obj
                0x1000905c                        . = ALIGN (0x4)
 *(SORT_BY_ALIGNMENT(SORT_BY_NAME(.flashdata*)))
                0x1000905c                        . = ALIGN (0x4)

.ARM.extab
 *(.ARM.extab* .gnu.linkonce.armextab.*)
                0x1000905c                        __exidx_start = .

.ARM.exidx
 *(.ARM.exidx* .gnu.linkonce.armexidx.*)
                0x1000905c                        __exidx_end = .
                0x1000905c                        . = ALIGN (0x4)
                0x1000905c                        __binary_info_start = .

.binary_info    0x1000905c       0x24
 *(.binary_info.keep.*)
 .binary_info.keep.__bi_ptr81
                0x1000905c        0x4 CMakeFiles/Switch_01.dir/C_/Users/amogl/.pico-sdk/sdk/1.5.1/src/rp2_common/pico_standard_link/binary_info.c.obj
 .binary_info.keep.__bi_ptr75
                0x10009060        0x4 CMakeFiles/Switch_01.dir/C_/Users/amogl/.pico-sdk/sdk/1.5.1/src/rp2_common/pico_standard_link/binary_info.c.obj
 .binary_info.keep.__bi_ptr56
                0x10009064        0x4 CMakeFiles/Switch_01.dir/C_/Users/amogl/.pico-sdk/sdk/1.5.1/src/rp2_common/pico_standard_link/binary_info.c.obj
 .binary_info.keep.__bi_ptr50
                0x10009068        0x4 CMakeFiles/Switch_01.dir/C_/Users/amogl/.pico-sdk/sdk/1.5.1/src/rp2_common/pico_standard_link/binary_info.c.obj
 .binary_info.keep.__bi_ptr44
                0x1000906c        0x4 CMakeFiles/Switch_01.dir/C_/Users/amogl/.pico-sdk/sdk/1.5.1/src/rp2_common/pico_standard_link/binary_info.c.obj
 .binary_info.keep.__bi_ptr38
                0x10009070        0x4 CMakeFiles/Switch_01.dir/C_/Users/amogl/.pico-sdk/sdk/1.5.1/src/rp2_common/pico_standard_link/binary_info.c.obj
 .binary_info.keep.__bi_ptr30
                0x10009074        0x4 CMakeFiles/Switch_01.dir/C_/Users/amogl/.pico-sdk/sdk/1.5.1/src/rp2_common/pico_standard_link/binary_info.c.obj
 .binary_info.keep.__bi_ptr22
                0x10009078        0x4 CMakeFiles/Switch_01.dir/C_/Users/amogl/.pico-sdk/sdk/1.5.1/src/rp2_common/pico_standard_link/binary_info.c.obj
 *(.binary_info.*)
 .binary_info.__bi_ptr182
                0x1000907c        0x4 CMakeFiles/Switch_01.dir/C_/Users/amogl/.pico-sdk/sdk/1.5.1/src/rp2_common/pico_stdio_usb/stdio_usb.c.obj
                0x10009080                        __binary_info_end = .

.rel.dyn        0x10009080        0x0
 .rel.iplt      0x10009080        0x0 C:/Users/amogl/.pico-sdk/toolchain/13_2_Rel1/bin/../lib/gcc/arm-none-eabi/13.2.1/thumb/v6-m/nofp/crtbegin.o
                0x10009080                        . = ALIGN (0x4)

.ram_vector_table
                0x20000000       0xc0
 *(.ram_vector_table)
 .ram_vector_table
                0x20000000       0xc0 CMakeFiles/Switch_01.dir/C_/Users/amogl/.pico-sdk/sdk/1.5.1/src/rp2_common/pico_runtime/runtime.c.obj
                0x20000000                ram_vector_table

.data           0x200000c0     0x1078 load address 0x10009080
                0x200000c0                        __data_start__ = .
 *(vtable)
 *(.time_critical*)
 .time_critical.mutex_try_enter
                0x200000c0       0x46 CMakeFiles/Switch_01.dir/C_/Users/amogl/.pico-sdk/sdk/1.5.1/src/common/pico_sync/mutex.c.obj
                0x200000c0                mutex_try_enter
 *fill*         0x20000106        0x2 
 .time_critical.mutex_enter_block_until
                0x20000108       0x8c CMakeFiles/Switch_01.dir/C_/Users/amogl/.pico-sdk/sdk/1.5.1/src/common/pico_sync/mutex.c.obj
                0x20000108                mutex_enter_block_until
 .time_critical.mutex_try_enter_block_until
                0x20000194       0x34 CMakeFiles/Switch_01.dir/C_/Users/amogl/.pico-sdk/sdk/1.5.1/src/common/pico_sync/mutex.c.obj
                0x20000194                mutex_try_enter_block_until
 .time_critical.mutex_enter_timeout_ms
                0x200001c8       0x1a CMakeFiles/Switch_01.dir/C_/Users/amogl/.pico-sdk/sdk/1.5.1/src/common/pico_sync/mutex.c.obj
                0x200001c8                mutex_enter_timeout_ms
 *fill*         0x200001e2        0x2 
 .time_critical.mutex_exit
                0x200001e4       0x4c CMakeFiles/Switch_01.dir/C_/Users/amogl/.pico-sdk/sdk/1.5.1/src/common/pico_sync/mutex.c.obj
                0x200001e4                mutex_exit