Archive member included to satisfy reference by file (symbol)

C:/Users/amogl/.pico-sdk/toolchain/13_2_Rel1/bin/../lib/gcc/arm-none-eabi/13.2.1/thumb/v6-m/nofp\libgcc.a(_dvmd_tls.o)
                              CMakeFiles/Switch_01.dir/C_/Users/amogl/.pico-sdk/sdk/1.5.1/src/rp2_common/pico_divider/divider.S.obj (__aeabi_idiv0)
C:/Users/amogl/.pico-sdk/toolchain/13_2_Rel1/bin/../lib/gcc/arm-none-eabi/13.2.1/thumb/v6-m/nofp\libg.a(libc_a-calloc.o)
                              CMakeFiles/Switch_01.dir/C_/Users/amogl/.pico-sdk/sdk/1.5.1/src/rp2_common/pico_malloc/pico_malloc.c.obj (calloc)
C:/Users/amogl/.pico-sdk/toolchain/13_2_Rel1/bin/../lib/gcc/arm-none-eabi/13.2.1/thumb/v6-m/nofp\libg.a(libc_a-callocr.o)
                              C:/Users/amogl/.pico-sdk/toolchain/13_2_Rel1/bin/../lib/gcc/arm-none-eabi/13.2.1/thumb/v6-m/nofp\libg.a(libc_a-calloc.o) (_calloc_r)
C:/Users/amogl/.pico-sdk/toolchain/13_2_Rel1/bin/../lib/gcc/arm-none-eabi/13.2.1/thumb/v6-m/nofp\libg.a(libc_a-malloc.o)
                              CMakeFiles/Switch_01.dir/C_/Users/amogl/.pico-sdk/sdk/1.5.1/src/rp2_common/pico_malloc/pico_malloc.c.obj (malloc)
C:/Users/amogl/.pico-sdk/toolchain/13_2_Rel1/bin/../lib/gcc/arm-none-eabi/13.2.1/thumb/v6-m/nofp\libg.a(libc_a-mallocr.o)
                              C:/Users/amogl/.pico-sdk/toolchain/13_2_Rel1/bin/../lib/gcc/arm-none-eabi/13.2.1/thumb/v6-m/nofp\libg.a(libc_a-callocr.o) (_malloc_r)
C:/Users/amogl/.pico-sdk/toolchain/13_2_Rel1/bin/../lib/gcc/arm-none-eabi/13.2.1/thumb/v6-m/nofp\libg.a(libc_a-mlock.o)
                              C:/Users/amogl/.pico-sdk/toolchain/13_2_Rel1/bin/../lib/gcc/arm-none-eabi/13.2.1/thumb/v6-m/nofp\libg.a(libc_a-mallocr.o) (__malloc_lock)
C:/Users/amogl/.pico-sdk/toolchain/13_2_Rel1/bin/../lib/gcc/arm-none-eabi/13.2.1/thumb/v6-m/nofp\libg.a(libc_a-realloc.o)
                              CMakeFiles/Switch_01.dir/C_/Users/amogl/.pico-sdk/sdk/1.5.1/src/rp2_common/pico_malloc/pico_malloc.c.obj (realloc)
C:/Users/amogl/.pico-sdk/toolchain/13_2_Rel1/bin/../lib/gcc/arm-none-eabi/13.2.1/thumb/v6-m/nofp\libg.a(libc_a-reallocr.o)
                              C:/Users/amogl/.pico-sdk/toolchain/13_2_Rel1/bin/../lib/gcc/arm-none-eabi/13.2.1/thumb/v6-m/nofp\libg.a(libc_a-realloc.o) (_realloc_r)
C:/Users/amogl/.pico-sdk/toolchain/13_2_Rel1/bin/../lib/gcc/arm-none-eabi/13.2.1/thumb/v6-m/nofp\libg.a(libc_a-memmove.o)
                              C:/Users/amogl/.pico-sdk/toolchain/13_2_Rel1/bin/../lib/gcc/arm-none-eabi/13.2.1/thumb/v6-m/nofp\libg.a(libc_a-reallocr.o) (memmove)
C:/Users/amogl/.pico-sdk/toolchain/13_2_Rel1/bin/../lib/gcc/arm-none-eabi/13.2.1/thumb/v6-m/nofp\libg.a(libc_a-impure.o)
                              C:/Users/amogl/.pico-sdk/toolchain/13_2_Rel1/bin/../lib/gcc/arm-none-eabi/13.2.1/thumb/v6-m/nofp\libg.a(libc_a-calloc.o) (_impure_ptr)
C:/Users/amogl/.pico-sdk/toolchain/13_2_Rel1/bin/../lib/gcc/arm-none-eabi/13.2.1/thumb/v6-m/nofp\libg.a(libc_a-sbrkr.o)
                              C:/Users/amogl/.pico-sdk/toolchain/13_2_Rel1/bin/../lib/gcc/arm-none-eabi/13.2.1/thumb/v6-m/nofp\libg.a(libc_a-mallocr.o) (_sbrk_r)
C:/Users/amogl/.pico-sdk/toolchain/13_2_Rel1/bin/../lib/gcc/arm-none-eabi/13.2.1/thumb/v6-m/nofp\libg.a(libc_a-errno.o)
                              C:/Users/amogl/.pico-sdk/toolchain/13_2_Rel1/bin/../lib/gcc/arm-none-eabi/13.2.1/thumb/v6-m/nofp\libg.a(libc_a-callocr.o) (__errno)
C:/Users/amogl/.pico-sdk/toolchain/13_2_Rel1/bin/../lib/gcc/arm-none-eabi/13.2.1/thumb/v6-m/nofp\libg.a(libc_a-init.o)
                              C:/Users/amogl/.pico-sdk/toolchain/13_2_Rel1/bin/../lib/gcc/arm-none-eabi/13.2.1/thumb/v6-m/nofp/crt0.o (__libc_init_array)
C:/Users/amogl/.pico-sdk/toolchain/13_2_Rel1/bin/../lib/gcc/arm-none-eabi/13.2.1/thumb/v6-m/nofp\libg.a(libc_a-lock.o)
                              C:/Users/amogl/.pico-sdk/toolchain/13_2_Rel1/bin/../lib/gcc/arm-none-eabi/13.2.1/thumb/v6-m/nofp\libg.a(libc_a-mlock.o) (__retarget_lock_acquire_recursive)
C:/Users/amogl/.pico-sdk/toolchain/13_2_Rel1/bin/../lib/gcc/arm-none-eabi/13.2.1/thumb/v6-m/nofp\libg.a(libc_a-sysconf.o)
                              C:/Users/amogl/.pico-sdk/toolchain/13_2_Rel1/bin/../lib/gcc/arm-none-eabi/13.2.1/thumb/v6-m/nofp\libg.a(libc_a-mallocr.o) (sysconf)
C:/Users/amogl/.pico-sdk/toolchain/13_2_Rel1/bin/../lib/gcc/arm-none-eabi/13.2.1/thumb/v6-m/nofp\libg.a(libc_a-strlen-stub.o)
                              CMakeFiles/Switch_01.dir/C_/Users/amogl/.pico-sdk/sdk/1.5.1/src/rp2_common/pico_stdio/stdio.c.obj (strlen)
C:/Users/amogl/.pico-sdk/toolchain/13_2_Rel1/bin/../lib/gcc/arm-none-eabi/13.2.1/thumb/v6-m/nofp\libg.a(libc_a-freer.o)
                              C:/Users/amogl/.pico-sdk/toolchain/13_2_Rel1/bin/../lib/gcc/arm-none-eabi/13.2.1/thumb/v6-m/nofp\libg.a(libc_a-malloc.o) (_free_r)
C:/Users/amogl/.pico-sdk/toolchain/13_2_Rel1/bin/../lib/gcc/arm-none-eabi/13.2.1/thumb/v6-m/nofp\libg.a(libc_a-findfp.o)
[...]
Memory Configuration

Name             Origin             Length             Attributes
FLASH            0x10000000         0x00200000         xr
RAM              0x20000000         0x00040000         xrw
SCRATCH_X        0x20040000         0x00001000         xrw
SCRATCH_Y        0x20041000         0x00001000         xrw
*default*        0x00000000         0xffffffff

Linker script and memory map

LOAD C:/Users/amogl/.pico-sdk/toolchain/13_2_Rel1/bin/../lib/gcc/arm-none-eabi/13.2.1/thumb/v6-m/nofp/crti.o
LOAD C:/Users/amogl/.pico-sdk/toolchain/13_2_Rel1/bin/../lib/gcc/arm-none-eabi/13.2.1/thumb/v6-m/nofp/crtbegin.o
LOAD C:/Users/amogl/.pico-sdk/toolchain/13_2_Rel1/bin/../lib/gcc/arm-none-eabi/13.2.1/thumb/v6-m/nofp/crt0.o

.flash_begin    0x10000000        0x0
                0x10000000                        __flash_binary_start = .

.boot2          0x10000000      0x100
                0x10000000                        __boot2_start__ = .
 *(.boot2)
 .boot2         0x10000000      0x100 C:\Users\amogl\AppData\Local\Temp\cca9VGie.o
                0x10000100                        __boot2_end__ = .
                0x00000001                        ASSERT (((__boot2_end__ - __boot2_start__) == 0x100), ERROR: Pico second stage bootloader must be 256 bytes in size)

.text           0x10000100     0x78a0
                0x10000100                        __logical_binary_start = .
 *(.vectors)
 .vectors       0x10000100       0xd4 CMakeFiles/Switch_01.dir/C_/Users/amogl/.pico-sdk/sdk/1.5.1/src/rp2_common/pico_standard_link/crt0.S.obj
                0x10000100                __VECTOR_TABLE
                0x10000100                __vectors
                0x100001c0                isr_invalid
                0x100001c0                __default_isrs_start
                0x100001c2                isr_nmi
                0x100001c4                isr_hardfault
                0x100001c6                isr_svcall
                0x100001c8                isr_pendsv
                0x100001ca                isr_systick
                0x100001cc                isr_irq23
                0x100001cc                isr_irq18
                0x100001cc                isr_irq11
                0x100001cc                isr_irq28
                0x100001cc                isr_irq19
                0x100001cc                isr_irq0
                0x100001cc                isr_irq6
                0x100001cc                isr_irq5
                0x100001cc                isr_irq12
                0x100001cc                isr_irq22
                0x100001cc                isr_irq31
                0x100001cc                isr_irq17
                0x100001cc                isr_irq27
                0x100001cc                isr_irq30
                0x100001cc                isr_irq2
                0x100001cc                isr_irq10
                0x100001cc                isr_irq8
                0x100001cc                isr_irq24
                0x100001cc                isr_irq1
                0x100001cc                isr_irq7
                0x100001cc                isr_irq21
                0x100001cc                isr_irq20
                0x100001cc                isr_irq15
                0x100001cc                isr_irq25
                0x100001cc                isr_irq13
                0x100001cc                __unhandled_user_irq
                0x100001cc                isr_irq4
                0x100001cc                isr_irq16
                0x100001cc                isr_irq29
                0x100001cc                isr_irq26
                0x100001cc                __default_isrs_end
                0x100001cc                isr_irq3
                0x100001cc                isr_irq14
                0x100001cc                isr_irq9
                0x100001d2                unhandled_user_irq_num_in_r0
 *(.binary_info_header)
 .binary_info_header
                0x100001d4       0x14 CMakeFiles/Switch_01.dir/C_/Users/amogl/.pico-sdk/sdk/1.5.1/src/rp2_common/pico_standard_link/crt0.S.obj
                0x100001e8                        __binary_info_header_end = .
 *(.reset)
 .reset         0x100001e8       0xa0 CMakeFiles/Switch_01.dir/C_/Users/amogl/.pico-sdk/sdk/1.5.1/src/rp2_common/pico_standard_link/crt0.S.obj
                0x100001e8                _entry_point
 .reset         0x10000288       0x30 CMakeFiles/Switch_01.dir/C_/Users/amogl/.pico-sdk/sdk/1.5.1/src/rp2_common/pico_standard_link/binary_info.c.obj
 *(.init)
 .init          0x100002b8        0x4 C:/Users/amogl/.pico-sdk/toolchain/13_2_Rel1/bin/../lib/gcc/arm-none-eabi/13.2.1/thumb/v6-m/nofp/crti.o
                0x100002b8                _init
 *(EXCLUDE_FILE(*libm.a: *libc.a:*lib_a-mem*.o *libgcc.a:) .text*)
 .text.register_tm_clones
                0x100002bc       0x28 C:/Users/amogl/.pico-sdk/toolchain/13_2_Rel1/bin/../lib/gcc/arm-none-eabi/13.2.1/thumb/v6-m/nofp/crtbegin.o
 .text.frame_dummy
                0x100002e4       0x24 C:/Users/amogl/.pico-sdk/toolchain/13_2_Rel1/bin/../lib/gcc/arm-none-eabi/13.2.1/thumb/v6-m/nofp/crtbegin.o
 .text._Z11onchangeCLKP8button_t
                0x10000308       0x58 CMakeFiles/Switch_01.dir/Switch_01.cpp.obj
                0x10000308                onchangeCLK(button_t*)
 .text._Z8onchangeP8button_t
                0x10000360       0x88 CMakeFiles/Switch_01.dir/Switch_01.cpp.obj
                0x10000360                onchange(button_t*)
 .text._Z9onchange2P8button_t
                0x100003e8       0x44 CMakeFiles/Switch_01.dir/Switch_01.cpp.obj
                0x100003e8                onchange2(button_t*)
 .text._Z9init_portjb
                0x1000042c       0x22 CMakeFiles/Switch_01.dir/Switch_01.cpp.obj
                0x1000042c                init_port(unsigned int, bool)
 *fill*         0x1000044e        0x2 
 .text._Z10latch_LEDsv
                0x10000450       0x40 CMakeFiles/Switch_01.dir/Switch_01.cpp.obj
                0x10000450                latch_LEDs()
 .text.main     0x10000490       0x74 CMakeFiles/Switch_01.dir/Switch_01.cpp.obj
                0x10000490                main
 .text.handle_button_alarm
                0x10000504       0x24 CMakeFiles/Switch_01.dir/lib/button.c.obj
                0x10000504                handle_button_alarm
 .text.handle_interrupt
                0x10000528       0x20 CMakeFiles/Switch_01.dir/lib/button.c.obj
                0x10000528                handle_interrupt
 .text.cancel_alarm
                0x10000548       0x10 CMakeFiles/Switch_01.dir/lib/button.c.obj
 .text.update_us_since_boot
                0x10000558       0x24 CMakeFiles/Switch_01.dir/lib/button.c.obj
 .text.get_absolute_time
                0x1000057c       0x22 CMakeFiles/Switch_01.dir/lib/button.c.obj
 *fill*         0x1000059e        0x2 
 .text.delayed_by_us
                0x100005a0       0x34 CMakeFiles/Switch_01.dir/lib/button.c.obj
 .text.alarm_pool_add_alarm_in_us
                0x100005d4       0x3a CMakeFiles/Switch_01.dir/lib/button.c.obj
 .text.add_alarm_in_us
                0x1000060e       0x2e CMakeFiles/Switch_01.dir/lib/button.c.obj
 .text.handle_button_interrupt
                0x1000063c       0x3c CMakeFiles/Switch_01.dir/lib/button.c.obj
                0x1000063c                handle_button_interrupt
 .text.listen   0x10000678       0x30 CMakeFiles/Switch_01.dir/lib/button.c.obj
                0x10000678                listen
 .text.create_button
                0x100006a8       0x44 CMakeFiles/Switch_01.dir/lib/button.c.obj
                0x100006a8                create_button
 .text.gpio_set_function
                0x100006ec       0x30 CMakeFiles/Switch_01.dir/C_/Users/amogl/.pico-sdk/sdk/1.5.1/src/rp2_common/hardware_gpio/gpio.c.obj
                0x100006ec                gpio_set_function
 .text.gpio_set_pulls
                0x1000071c       0x34 CMakeFiles/Switch_01.dir/C_/Users/amogl/.pico-sdk/sdk/1.5.1/src/rp2_common/hardware_gpio/gpio.c.obj
                0x1000071c                gpio_set_pulls
 .text.gpio_set_irq_callback
                0x10000750       0x48 CMakeFiles/Switch_01.dir/C_/Users/amogl/.pico-sdk/sdk/1.5.1/src/rp2_common/hardware_gpio/gpio.c.obj
                0x10000750                gpio_set_irq_callback
 .text.gpio_acknowledge_irq
                0x10000798       0x18 CMakeFiles/Switch_01.dir/C_/Users/amogl/.pico-sdk/sdk/1.5.1/src/rp2_common/hardware_gpio/gpio.c.obj
                0x10000798                gpio_acknowledge_irq
 .text._gpio_set_irq_enabled
                0x100007b0       0x34 CMakeFiles/Switch_01.dir/C_/Users/amogl/.pico-sdk/sdk/1.5.1/src/rp2_common/hardware_gpio/gpio.c.obj
 .text.gpio_set_irq_enabled
                0x100007e4       0x20 CMakeFiles/Switch_01.dir/C_/Users/amogl/.pico-sdk/sdk/1.5.1/src/rp2_common/hardware_gpio/gpio.c.obj
                0x100007e4                gpio_set_irq_enabled
 .text.gpio_set_irq_enabled_with_callback
                0x10000804       0x20 CMakeFiles/Switch_01.dir/C_/Users/amogl/.pico-sdk/sdk/1.5.1/src/rp2_common/hardware_gpio/gpio.c.obj
                0x10000804                gpio_set_irq_enabled_with_callback
 .text.gpio_default_irq_handler
                0x10000824       0x98 CMakeFiles/Switch_01.dir/C_/Users/amogl/.pico-sdk/sdk/1.5.1/src/rp2_common/hardware_gpio/gpio.c.obj
 .text.gpio_init
                0x100008bc       0x16 CMakeFiles/Switch_01.dir/C_/Users/amogl/.pico-sdk/sdk/1.5.1/src/rp2_common/hardware_gpio/gpio.c.obj
                0x100008bc                gpio_init
 *fill*         0x100008d2        0x2 
 .text.running_on_fpga
                0x100008d4       0x14 CMakeFiles/Switch_01.dir/C_/Users/amogl/.pico-sdk/sdk/1.5.1/src/rp2_common/pico_platform/platform.c.obj
                0x100008d4                running_on_fpga
 .text.hw_claim_lock
                0x100008e8       0x18 CMakeFiles/Switch_01.dir/C_/Users/amogl/.pico-sdk/sdk/1.5.1/src/rp2_common/hardware_claim/claim.c.obj
                0x100008e8                hw_claim_lock
 .text.hw_claim_unlock
                0x10000900       0x14 CMakeFiles/Switch_01.dir/C_/Users/amogl/.pico-sdk/sdk/1.5.1/src/rp2_common/hardware_claim/claim.c.obj
                0x10000900                hw_claim_unlock
 .text.hw_claim_or_assert
                0x10000914       0x32 CMakeFiles/Switch_01.dir/C_/Users/amogl/.pico-sdk/sdk/1.5.1/src/rp2_common/hardware_claim/claim.c.obj
                0x10000914                hw_claim_or_assert
 .text.hw_claim_unused_from_range
                0x10000946       0x50 CMakeFiles/Switch_01.dir/C_/Users/amogl/.pico-sdk/sdk/1.5.1/src/rp2_common/hardware_claim/claim.c.obj
                0x10000946                hw_claim_unused_from_range
 *fill*         0x10000996        0x2 
 .text.spin_locks_reset
                0x10000998       0x20 CMakeFiles/Switch_01.dir/C_/Users/amogl/.pico-sdk/sdk/1.5.1/src/rp2_common/hardware_sync/sync.c.obj
                0x10000998                spin_locks_reset
 .text.next_striped_spin_lock_num
                0x100009b8       0x1c CMakeFiles/Switch_01.dir/C_/Users/amogl/.pico-sdk/sdk/1.5.1/src/rp2_common/hardware_sync/sync.c.obj
                0x100009b8                next_striped_spin_lock_num
 .text.spin_lock_claim_unused
                0x100009d4       0x24 CMakeFiles/Switch_01.dir/C_/Users/amogl/.pico-sdk/sdk/1.5.1/src/rp2_common/hardware_sync/sync.c.obj
                0x100009d4                spin_lock_claim_unused
 .text.set_raw_irq_handler_and_unlock
                0x100009f8       0x28 CMakeFiles/Switch_01.dir/C_/Users/amogl/.pico-sdk/sdk/1.5.1/src/rp2_common/hardware_irq/irq.c.obj
 .text.resolve_branch
                0x10000a20       0x30 CMakeFiles/Switch_01.dir/C_/Users/amogl/.pico-sdk/sdk/1.5.1/src/rp2_common/hardware_irq/irq.c.obj
 .text.make_branch
                0x10000a50       0x48 CMakeFiles/Switch_01.dir/C_/Users/amogl/.pico-sdk/sdk/1.5.1/src/rp2_common/hardware_irq/irq.c.obj
 .text.insert_branch_and_link
                0x10000a98       0x40 CMakeFiles/Switch_01.dir/C_/Users/amogl/.pico-sdk/sdk/1.5.1/src/rp2_common/hardware_irq/irq.c.obj
 .text.irq_is_enabled
                0x10000ad8       0x18 CMakeFiles/Switch_01.dir/C_/Users/amogl/.pico-sdk/sdk/1.5.1/src/rp2_common/hardware_irq/irq.c.obj
                0x10000ad8                irq_is_enabled
 .text.irq_set_mask_enabled
                0x10000af0       0x20 CMakeFiles/Switch_01.dir/C_/Users/amogl/.pico-sdk/sdk/1.5.1/src/rp2_common/hardware_irq/irq.c.obj
                0x10000af0                irq_set_mask_enabled
 .text.irq_set_enabled
                0x10000b10        0xe CMakeFiles/Switch_01.dir/C_/Users/amogl/.pico-sdk/sdk/1.5.1/src/rp2_common/hardware_irq/irq.c.obj
                0x10000b10                irq_set_enabled
 *fill*         0x10000b1e        0x2 
 .text.irq_set_pending
                0x10000b20       0x10 CMakeFiles/Switch_01.dir/C_/Users/amogl/.pico-sdk/sdk/1.5.1/src/rp2_common/hardware_irq/irq.c.obj
                0x10000b20                irq_set_pending
 .text.irq_get_vtable_handler
                0x10000b30       0x10 CMakeFiles/Switch_01.dir/C_/Users/amogl/.pico-sdk/sdk/1.5.1/src/rp2_common/hardware_irq/irq.c.obj
                0x10000b30                irq_get_vtable_handler
 .text.irq_has_shared_handler
                0x10000b40       0x24 CMakeFiles/Switch_01.dir/C_/Users/amogl/.pico-sdk/sdk/1.5.1/src/rp2_common/hardware_irq/irq.c.obj
                0x10000b40                irq_has_shared_handler
 .text.irq_set_exclusive_handler
                0x10000b64       0x54 CMakeFiles/Switch_01.dir/C_/Users/amogl/.pico-sdk/sdk/1.5.1/src/rp2_common/hardware_irq/irq.c.obj
                0x10000b64                irq_set_exclusive_handler
 .text.irq_add_shared_handler
                0x10000bb8      0x210 CMakeFiles/Switch_01.dir/C_/Users/amogl/.pico-sdk/sdk/1.5.1/src/rp2_common/hardware_irq/irq.c.obj
                0x10000bb8                irq_add_shared_handler
 .text.irq_remove_handler
                0x10000dc8      0x188 CMakeFiles/Switch_01.dir/C_/Users/amogl/.pico-sdk/sdk/1.5.1/src/rp2_common/hardware_irq/irq.c.obj
                0x10000dc8                irq_remove_handler
 .text.irq_add_tail_to_free_list
                0x10000f50       0xf0 CMakeFiles/Switch_01.dir/C_/Users/amogl/.pico-sdk/sdk/1.5.1/src/rp2_common/hardware_irq/irq.c.obj
                0x10000f50                irq_add_tail_to_free_list
 .text.irq_init_priorities
                0x10001040       0x1c CMakeFiles/Switch_01.dir/C_/Users/amogl/.pico-sdk/sdk/1.5.1/src/rp2_common/hardware_irq/irq.c.obj
                0x10001040                irq_init_priorities
 .text.user_irq_claim_unused
                0x1000105c       0x2c CMakeFiles/Switch_01.dir/C_/Users/amogl/.pico-sdk/sdk/1.5.1/src/rp2_common/hardware_irq/irq.c.obj
                0x1000105c                user_irq_claim_unused
 .text.lock_init
                0x10001088       0x10 CMakeFiles/Switch_01.dir/C_/Users/amogl/.pico-sdk/sdk/1.5.1/src/common/pico_sync/lock_core.c.obj
                0x10001088                lock_init
 .text.update_us_since_boot
                0x10001098       0x24 CMakeFiles/Switch_01.dir/C_/Users/amogl/.pico-sdk/sdk/1.5.1/src/common/pico_sync/mutex.c.obj
 .text.delayed_by_ms
                0x100010bc       0x44 CMakeFiles/Switch_01.dir/C_/Users/amogl/.pico-sdk/sdk/1.5.1/src/common/pico_sync/mutex.c.obj
 .text.get_absolute_time
                0x10001100       0x22 CMakeFiles/Switch_01.dir/C_/Users/amogl/.pico-sdk/sdk/1.5.1/src/common/pico_sync/mutex.c.obj
 .text.make_timeout_time_ms
                0x10001122       0x20 CMakeFiles/Switch_01.dir/C_/Users/amogl/.pico-sdk/sdk/1.5.1/src/common/pico_sync/mutex.c.obj
 .text.mutex_init
                0x10001142       0x1a CMakeFiles/Switch_01.dir/C_/Users/amogl/.pico-sdk/sdk/1.5.1/src/common/pico_sync/mutex.c.obj
                0x10001142                mutex_init
 .text.recursive_mutex_init
                0x1000115c       0x1e CMakeFiles/Switch_01.dir/C_/Users/amogl/.pico-sdk/sdk/1.5.1/src/common/pico_sync/mutex.c.obj
                0x1000115c                recursive_mutex_init
 *fill*         0x1000117a        0x2 
 .text.critical_section_init_with_lock_num
                0x1000117c       0x14 CMakeFiles/Switch_01.dir/C_/Users/amogl/.pico-sdk/sdk/1.5.1/src/common/pico_sync/critical_section.c.obj
                0x1000117c                critical_section_init_with_lock_num
 .text.critical_section_init
                0x10001190       0x14 CMakeFiles/Switch_01.dir/C_/Users/amogl/.pico-sdk/sdk/1.5.1/src/common/pico_sync/critical_section.c.obj
                0x10001190                critical_section_init
 .text.time_reached
                0x100011a4       0x28 CMakeFiles/Switch_01.dir/C_/Users/amogl/.pico-sdk/sdk/1.5.1/src/common/pico_time/time.c.obj
 .text.get_entry
                0x100011cc       0x38 CMakeFiles/Switch_01.dir/C_/Users/amogl/.pico-sdk/sdk/1.5.1/src/common/pico_time/time.c.obj
 .text.timer_pool_entry_comparator
                0x10001204       0x2e CMakeFiles/Switch_01.dir/C_/Users/amogl/.pico-sdk/sdk/1.5.1/src/common/pico_time/time.c.obj
                0x10001204                timer_pool_entry_comparator
 *fill*         0x10001232        0x2 
 .text.update_us_since_boot
                0x10001234       0x24 CMakeFiles/Switch_01.dir/C_/Users/amogl/.pico-sdk/sdk/1.5.1/src/common/pico_time/time.c.obj
 .text.delayed_by_us
                0x10001258       0x34 CMakeFiles/Switch_01.dir/C_/Users/amogl/.pico-sdk/sdk/1.5.1/src/common/pico_time/time.c.obj
 .text.ph_get_node
                0x1000128c       0x30 CMakeFiles/Switch_01.dir/C_/Users/amogl/.pico-sdk/sdk/1.5.1/src/common/pico_time/time.c.obj
 .text.ph_contains_node
                0x100012bc       0x1e CMakeFiles/Switch_01.dir/C_/Users/amogl/.pico-sdk/sdk/1.5.1/src/common/pico_time/time.c.obj
 .text.ph_new_node
                0x100012da       0x28 CMakeFiles/Switch_01.dir/C_/Users/amogl/.pico-sdk/sdk/1.5.1/src/common/pico_time/time.c.obj
 *fill*         0x10001302        0x2 
 .text.ph_add_child_node
                0x10001304       0x6c CMakeFiles/Switch_01.dir/C_/Users/amogl/.pico-sdk/sdk/1.5.1/src/common/pico_time/time.c.obj
 .text.ph_merge_nodes
                0x10001370       0x3e CMakeFiles/Switch_01.dir/C_/Users/amogl/.pico-sdk/sdk/1.5.1/src/common/pico_time/time.c.obj
 *fill*         0x100013ae        0x2 
 .text.ph_insert_node
                0x100013b0       0x3c CMakeFiles/Switch_01.dir/C_/Users/amogl/.pico-sdk/sdk/1.5.1/src/common/pico_time/time.c.obj
 .text.ph_free_node
                0x100013ec       0x5c CMakeFiles/Switch_01.dir/C_/Users/amogl/.pico-sdk/sdk/1.5.1/src/common/pico_time/time.c.obj
 .text.get_entry_id_high
                0x10001448       0x30 CMakeFiles/Switch_01.dir/C_/Users/amogl/.pico-sdk/sdk/1.5.1/src/common/pico_time/time.c.obj
 .text.alarm_pool_post_alloc_init
                0x10001478       0x40 CMakeFiles/Switch_01.dir/C_/Users/amogl/.pico-sdk/sdk/1.5.1/src/common/pico_time/time.c.obj
 .text.sleep_until_callback
                0x100014b8       0x30 CMakeFiles/Switch_01.dir/C_/Users/amogl/.pico-sdk/sdk/1.5.1/src/common/pico_time/time.c.obj
 .text.get_absolute_time
                0x100014e8       0x22 CMakeFiles/Switch_01.dir/C_/Users/amogl/.pico-sdk/sdk/1.5.1/src/common/pico_time/time.c.obj
 *fill*         0x1000150a        0x2 
 .text.add_alarm_under_lock
                0x1000150c       0x94 CMakeFiles/Switch_01.dir/C_/Users/amogl/.pico-sdk/sdk/1.5.1/src/common/pico_time/time.c.obj
 .text.alarm_pool_alarm_callback
                0x100015a0      0x210 CMakeFiles/Switch_01.dir/C_/Users/amogl/.pico-sdk/sdk/1.5.1/src/common/pico_time/time.c.obj
 .text.alarm_pool_init_default
                0x100017b0       0x40 CMakeFiles/Switch_01.dir/C_/Users/amogl/.pico-sdk/sdk/1.5.1/src/common/pico_time/time.c.obj
                0x100017b0                alarm_pool_init_default
 .text.alarm_pool_get_default
                0x100017f0       0x2c CMakeFiles/Switch_01.dir/C_/Users/amogl/.pico-sdk/sdk/1.5.1/src/common/pico_time/time.c.obj
                0x100017f0                alarm_pool_get_default
 .text.alarm_pool_add_alarm_at
                0x1000181c      0x10e CMakeFiles/Switch_01.dir/C_/Users/amogl/.pico-sdk/sdk/1.5.1/src/common/pico_time/time.c.obj
                0x1000181c                alarm_pool_add_alarm_at
 .text.add_alarm_at
                0x1000192a       0x2e CMakeFiles/Switch_01.dir/C_/Users/amogl/.pico-sdk/sdk/1.5.1/src/common/pico_time/time.c.obj
 .text.alarm_pool_cancel_alarm
                0x10001958       0xa8 CMakeFiles/Switch_01.dir/C_/Users/amogl/.pico-sdk/sdk/1.5.1/src/common/pico_time/time.c.obj
                0x10001958                alarm_pool_cancel_alarm
 .text.cancel_alarm
                0x10001a00       0x10 CMakeFiles/Switch_01.dir/C_/Users/amogl/.pico-sdk/sdk/1.5.1/src/common/pico_time/time.c.obj
 .text.alarm_pool_core_num
                0x10001a10        0x4 CMakeFiles/Switch_01.dir/C_/Users/amogl/.pico-sdk/sdk/1.5.1/src/common/pico_time/time.c.obj
                0x10001a10                alarm_pool_core_num
 .text.best_effort_wfe_or_timeout
                0x10001a14       0x44 CMakeFiles/Switch_01.dir/C_/Users/amogl/.pico-sdk/sdk/1.5.1/src/common/pico_time/time.c.obj
                0x10001a14                best_effort_wfe_or_timeout
 .text.hardware_alarm_irq_handler
                0x10001a58       0x8c CMakeFiles/Switch_01.dir/C_/Users/amogl/.pico-sdk/sdk/1.5.1/src/rp2_common/hardware_timer/timer.c.obj
 .text.hardware_alarm_claim
                0x10001ae4       0x18 CMakeFiles/Switch_01.dir/C_/Users/amogl/.pico-sdk/sdk/1.5.1/src/rp2_common/hardware_timer/timer.c.obj
                0x10001ae4                hardware_alarm_claim
 .text.time_us_64
                0x10001afc       0x18 CMakeFiles/Switch_01.dir/C_/Users/amogl/.pico-sdk/sdk/1.5.1/src/rp2_common/hardware_timer/timer.c.obj
                0x10001afc                time_us_64
 .text.hardware_alarm_set_callback
                0x10001b14       0x90 CMakeFiles/Switch_01.dir/C_/Users/amogl/.pico-sdk/sdk/1.5.1/src/rp2_common/hardware_timer/timer.c.obj
                0x10001b14                hardware_alarm_set_callback
 .text.hardware_alarm_set_target
                0x10001ba4       0xe8 CMakeFiles/Switch_01.dir/C_/Users/amogl/.pico-sdk/sdk/1.5.1/src/rp2_common/hardware_timer/timer.c.obj
                0x10001ba4                hardware_alarm_set_target
 .text.hardware_alarm_cancel
                0x10001c8c       0x40 CMakeFiles/Switch_01.dir/C_/Users/amogl/.pico-sdk/sdk/1.5.1/src/rp2_common/hardware_timer/timer.c.obj
                0x10001c8c                hardware_alarm_cancel
 .text.ph_get_node
                0x10001ccc       0x30 CMakeFiles/Switch_01.dir/C_/Users/amogl/.pico-sdk/sdk/1.5.1/src/common/pico_util/pheap.c.obj
 .text.ph_add_child_node
                0x10001cfc       0x6c CMakeFiles/Switch_01.dir/C_/Users/amogl/.pico-sdk/sdk/1.5.1/src/common/pico_util/pheap.c.obj
 .text.ph_merge_nodes
                0x10001d68       0x3e CMakeFiles/Switch_01.dir/C_/Users/amogl/.pico-sdk/sdk/1.5.1/src/common/pico_util/pheap.c.obj
 .text.ph_clear
                0x10001da6       0x34 CMakeFiles/Switch_01.dir/C_/Users/amogl/.pico-sdk/sdk/1.5.1/src/common/pico_util/pheap.c.obj
                0x10001da6                ph_clear
 .text.ph_post_alloc_init
                0x10001dda        0xe CMakeFiles/Switch_01.dir/C_/Users/amogl/.pico-sdk/sdk/1.5.1/src/common/pico_util/pheap.c.obj
                0x10001dda                ph_post_alloc_init
 .text.ph_merge_two_pass
                0x10001de8       0x5c CMakeFiles/Switch_01.dir/C_/Users/amogl/.pico-sdk/sdk/1.5.1/src/common/pico_util/pheap.c.obj
                0x10001de8                ph_merge_two_pass
 .text.ph_remove_any_head
                0x10001e44       0xc0 CMakeFiles/Switch_01.dir/C_/Users/amogl/.pico-sdk/sdk/1.5.1/src/common/pico_util/pheap.c.obj
 .text.ph_remove_head
                0x10001f04       0x14 CMakeFiles/Switch_01.dir/C_/Users/amogl/.pico-sdk/sdk/1.5.1/src/common/pico_util/pheap.c.obj
                0x10001f04                ph_remove_head
 .text.ph_remove_and_free_node
                0x10001f18       0xa0 CMakeFiles/Switch_01.dir/C_/Users/amogl/.pico-sdk/sdk/1.5.1/src/common/pico_util/pheap.c.obj
                0x10001f18                ph_remove_and_free_node
 .text.clock_configure
                0x10001fb8      0x108 CMakeFiles/Switch_01.dir/C_/Users/amogl/.pico-sdk/sdk/1.5.1/src/rp2_common/hardware_clocks/clocks.c.obj
                0x10001fb8                clock_configure
 .text.clocks_init
                0x100020c0      0x100 CMakeFiles/Switch_01.dir/C_/Users/amogl/.pico-sdk/sdk/1.5.1/src/rp2_common/hardware_clocks/clocks.c.obj
                0x100020c0                clocks_init
 .text.pll_init
                0x100021c0      0x120 CMakeFiles/Switch_01.dir/C_/Users/amogl/.pico-sdk/sdk/1.5.1/src/rp2_common/hardware_pll/pll.c.obj
                0x100021c0                pll_init
 .text.watchdog_start_tick
                0x100022e0       0x10 CMakeFiles/Switch_01.dir/C_/Users/amogl/.pico-sdk/sdk/1.5.1/src/rp2_common/hardware_watchdog/watchdog.c.obj
                0x100022e0                watchdog_start_tick
 .text.watchdog_update
                0x100022f0       0x14 CMakeFiles/Switch_01.dir/C_/Users/amogl/.pico-sdk/sdk/1.5.1/src/rp2_common/hardware_watchdog/watchdog.c.obj
                0x100022f0                watchdog_update
 .text._watchdog_enable
                0x10002304       0x78 CMakeFiles/Switch_01.dir/C_/Users/amogl/.pico-sdk/sdk/1.5.1/src/rp2_common/hardware_watchdog/watchdog.c.obj
                0x10002304                _watchdog_enable
 .text.watchdog_reboot
                0x1000237c       0x48 CMakeFiles/Switch_01.dir/C_/Users/amogl/.pico-sdk/sdk/1.5.1/src/rp2_common/hardware_watchdog/watchdog.c.obj
                0x1000237c                watchdog_reboot
 .text.xosc_init
                0x100023c4       0x28 CMakeFiles/Switch_01.dir/C_/Users/amogl/.pico-sdk/sdk/1.5.1/src/rp2_common/hardware_xosc/xosc.c.obj
                0x100023c4                xosc_init
 .text._exit    0x100023ec        0x4 CMakeFiles/Switch_01.dir/C_/Users/amogl/.pico-sdk/sdk/1.5.1/src/rp2_common/pico_runtime/runtime.c.obj
                0x100023ec                _exit
 .text._sbrk    0x100023f0       0x38 CMakeFiles/Switch_01.dir/C_/Users/amogl/.pico-sdk/sdk/1.5.1/src/rp2_common/pico_runtime/runtime.c.obj
                0x100023f0                _sbrk
 .text.exit     0x10002428        0x6 CMakeFiles/Switch_01.dir/C_/Users/amogl/.pico-sdk/sdk/1.5.1/src/rp2_common/pico_runtime/runtime.c.obj
                0x10002428                exit
 *fill*         0x1000242e        0x2 
 .text.__assert_func
                0x10002430       0x38 CMakeFiles/Switch_01.dir/C_/Users/amogl/.pico-sdk/sdk/1.5.1/src/rp2_common/pico_runtime/runtime.c.obj
                0x10002430                __assert_func
 .text.runtime_init
                0x10002468       0xf8 CMakeFiles/Switch_01.dir/C_/Users/amogl/.pico-sdk/sdk/1.5.1/src/rp2_common/pico_runtime/runtime.c.obj
                0x10002468                runtime_init
 .text.panic    0x10002560       0x30 CMakeFiles/Switch_01.dir/C_/Users/amogl/.pico-sdk/sdk/1.5.1/src/rp2_common/pico_runtime/runtime.c.obj
                0x10002560                panic
 .text._out_null
                0x10002590        0x2 CMakeFiles/Switch_01.dir/C_/Users/amogl/.pico-sdk/sdk/1.5.1/src/rp2_common/pico_printf/printf.c.obj
 .text._out_fct
                0x10002592        0xe CMakeFiles/Switch_01.dir/C_/Users/amogl/.pico-sdk/sdk/1.5.1/src/rp2_common/pico_printf/printf.c.obj
 .text._atoi    0x100025a0       0x24 CMakeFiles/Switch_01.dir/C_/Users/amogl/.pico-sdk/sdk/1.5.1/src/rp2_common/pico_printf/printf.c.obj
 .text._out_rev
                0x100025c4       0xae CMakeFiles/Switch_01.dir/C_/Users/amogl/.pico-sdk/sdk/1.5.1/src/rp2_common/pico_printf/printf.c.obj
 .text._ntoa_format
                0x10002672      0x110 CMakeFiles/Switch_01.dir/C_/Users/amogl/.pico-sdk/sdk/1.5.1/src/rp2_common/pico_printf/printf.c.obj
 .text._ntoa_long
                0x10002782       0xbc CMakeFiles/Switch_01.dir/C_/Users/amogl/.pico-sdk/sdk/1.5.1/src/rp2_common/pico_printf/printf.c.obj
 .text._ntoa_long_long
                0x1000283e      0x10e CMakeFiles/Switch_01.dir/C_/Users/amogl/.pico-sdk/sdk/1.5.1/src/rp2_common/pico_printf/printf.c.obj
 .text._etoa    0x1000294c      0x420 CMakeFiles/Switch_01.dir/C_/Users/amogl/.pico-sdk/sdk/1.5.1/src/rp2_common/pico_printf/printf.c.obj
 .text._ftoa    0x10002d6c      0x354 CMakeFiles/Switch_01.dir/C_/Users/amogl/.pico-sdk/sdk/1.5.1/src/rp2_common/pico_printf/printf.c.obj
 .text._vsnprintf
                0x100030c0      0x668 CMakeFiles/Switch_01.dir/C_/Users/amogl/.pico-sdk/sdk/1.5.1/src/rp2_common/pico_printf/printf.c.obj
 .text.vfctprintf
                0x10003728       0x20 CMakeFiles/Switch_01.dir/C_/Users/amogl/.pico-sdk/sdk/1.5.1/src/rp2_common/pico_printf/printf.c.obj
                0x10003728                vfctprintf
 .text          0x10003748       0x10 CMakeFiles/Switch_01.dir/C_/Users/amogl/.pico-sdk/sdk/1.5.1/src/rp2_common/pico_bit_ops/bit_ops_aeabi.S.obj
 .text.rom_func_lookup
                0x10003758       0x10 CMakeFiles/Switch_01.dir/C_/Users/amogl/.pico-sdk/sdk/1.5.1/src/rp2_common/pico_bootrom/bootrom.c.obj
                0x10003758                rom_func_lookup
 .text.rom_data_lookup
                0x10003768       0x10 CMakeFiles/Switch_01.dir/C_/Users/amogl/.pico-sdk/sdk/1.5.1/src/rp2_common/pico_bootrom/bootrom.c.obj
                0x10003768                rom_data_lookup
 .text.rom_funcs_lookup
                0x10003778       0x36 CMakeFiles/Switch_01.dir/C_/Users/amogl/.pico-sdk/sdk/1.5.1/src/rp2_common/pico_bootrom/bootrom.c.obj
                0x10003778                rom_funcs_lookup
 *fill*         0x100037ae        0x2 
 .text.__wrap___aeabi_idiv
                0x100037b0       0x50 CMakeFiles/Switch_01.dir/C_/Users/amogl/.pico-sdk/sdk/1.5.1/src/rp2_common/pico_divider/divider.S.obj
                0x100037b0                __wrap___aeabi_idivmod
                0x100037b0                divmod_s32s32
                0x100037b0                div_s32s32
                0x100037b0                __wrap___aeabi_idiv
                0x100037b8                divmod_s32s32_unsafe
                0x100037e4                divmod_s32s32_savestate
 .text.__wrap___aeabi_uidiv
                0x10003800       0x4c CMakeFiles/Switch_01.dir/C_/Users/amogl/.pico-sdk/sdk/1.5.1/src/rp2_common/pico_divider/divider.S.obj
                0x10003800                __wrap___aeabi_uidiv
                0x10003800                __wrap___aeabi_uidivmod
                0x10003800                div_u32u32
                0x10003800                divmod_u32u32
                0x10003808                divmod_u32u32_unsafe
                0x10003830                divmod_u32u32_savestate
 .text.__wrap___aeabi_ldiv
                0x1000384c      0x424 CMakeFiles/Switch_01.dir/C_/Users/amogl/.pico-sdk/sdk/1.5.1/src/rp2_common/pico_divider/divider.S.obj
                0x1000384c                div_s64s64
                0x1000384c                divmod_s64s64
                0x1000384c                __wrap___aeabi_ldivmod
                0x1000387c                divmod_u64u64
                0x1000387c                div_u64u64
                0x1000387c                __wrap___aeabi_uldivmod
                0x1000388c                divmod_u64u64_savestate
                0x100038ac                divmod_s64s64_unsafe
                0x10003934                divmod_u64u64_unsafe
 .text.__wrap___aeabi_darithmetic
                0x10003c70       0x80 CMakeFiles/Switch_01.dir/C_/Users/amogl/.pico-sdk/sdk/1.5.1/src/rp2_common/pico_double/double_aeabi.S.obj
                0x10003c70                __wrap___aeabi_drsub
                0x10003c76                __wrap___aeabi_dsub
                0x10003c88                __wrap___aeabi_dadd
                0x10003c9a                __wrap___aeabi_ddiv
                0x10003cd6                __wrap___aeabi_dmul
 .text.__wrap___aeabi_cdcmple
                0x10003cf0       0x6c CMakeFiles/Switch_01.dir/C_/Users/amogl/.pico-sdk/sdk/1.5.1/src/rp2_common/pico_double/double_aeabi.S.obj
                0x10003cf0                __wrap___aeabi_cdrcmple
                0x10003d00                __wrap___aeabi_cdcmpeq
                0x10003d00                __wrap___aeabi_cdcmple
 .text.__wrap___aeabi_dcmplt
                0x10003d5c        0xc CMakeFiles/Switch_01.dir/C_/Users/amogl/.pico-sdk/sdk/1.5.1/src/rp2_common/pico_double/double_aeabi.S.obj
                0x10003d5c                __wrap___aeabi_dcmplt
 .text.__wrap___aeabi_dcmple
                0x10003d68       0x10 CMakeFiles/Switch_01.dir/C_/Users/amogl/.pico-sdk/sdk/1.5.1/src/rp2_common/pico_double/double_aeabi.S.obj
                0x10003d68                __wrap___aeabi_dcmple
 .text.__wrap___aeabi_dcmpge
                0x10003d78       0x10 CMakeFiles/Switch_01.dir/C_/Users/amogl/.pico-sdk/sdk/1.5.1/src/rp2_common/pico_double/double_aeabi.S.obj
                0x10003d78                __wrap___aeabi_dcmpge
 .text.__wrap___aeabi_dcmpgt
                0x10003d88        0xa CMakeFiles/Switch_01.dir/C_/Users/amogl/.pico-sdk/sdk/1.5.1/src/rp2_common/pico_double/double_aeabi.S.obj
                0x10003d88                __wrap___aeabi_dcmpgt
 .text.__wrap___aeabi_dcmpun
                0x10003d92       0x1c CMakeFiles/Switch_01.dir/C_/Users/amogl/.pico-sdk/sdk/1.5.1/src/rp2_common/pico_double/double_aeabi.S.obj
                0x10003d92                __wrap___aeabi_dcmpun
 *fill*         0x10003dae        0x2 
 .text.__wrap___aeabi_i2d
                0x10003db0       0x38 CMakeFiles/Switch_01.dir/C_/Users/amogl/.pico-sdk/sdk/1.5.1/src/rp2_common/pico_double/double_aeabi.S.obj
                0x10003db0                __wrap___aeabi_ui2d
                0x10003db8                __wrap___aeabi_i2d
 .text.__wrap___aeabi_d2iz
                0x10003de8       0x48 CMakeFiles/Switch_01.dir/C_/Users/amogl/.pico-sdk/sdk/1.5.1/src/rp2_common/pico_double/double_aeabi.S.obj
                0x10003de8                double2int_z
                0x10003de8                __wrap___aeabi_d2iz
 .text.__wrap___aeabi_d2uiz
                0x10003e30       0x18 CMakeFiles/Switch_01.dir/C_/Users/amogl/.pico-sdk/sdk/1.5.1/src/rp2_common/pico_double/double_aeabi.S.obj
                0x10003e30                __wrap___aeabi_d2uiz
                0x10003e30                double2uint
 .text.__aeabi_double_init
                0x10003e48       0xcc CMakeFiles/Switch_01.dir/C_/Users/amogl/.pico-sdk/sdk/1.5.1/src/rp2_common/pico_double/double_init_rom.c.obj
                0x10003e48                __aeabi_double_init
 .text.double_table_shim_on_use_helper
                0x10003f14       0x34 CMakeFiles/Switch_01.dir/C_/Users/amogl/.pico-sdk/sdk/1.5.1/src/rp2_common/pico_double/double_v1_rom_shim.S.obj
                0x10003f14                double_table_shim_on_use_helper
 .text.__wrap___aeabi_dsub
                0x10003f48       0x10 CMakeFiles/Switch_01.dir/C_/Users/amogl/.pico-sdk/sdk/1.5.1/src/rp2_common/pico_double/double_v1_rom_shim.S.obj
                0x10003f48                drsub_shim
                0x10003f4e                dsub_shim
 .text.dadd_shim
                0x10003f58      0x15c CMakeFiles/Switch_01.dir/C_/Users/amogl/.pico-sdk/sdk/1.5.1/src/rp2_common/pico_double/double_v1_rom_shim.S.obj
                0x10003f58                dadd_shim
 .text.dmul_shim
                0x100040b4      0x15c CMakeFiles/Switch_01.dir/C_/Users/amogl/.pico-sdk/sdk/1.5.1/src/rp2_common/pico_double/double_v1_rom_shim.S.obj
                0x100040b4                dmul_shim
 .text.ddiv_shim
                0x10004210      0x1b0 CMakeFiles/Switch_01.dir/C_/Users/amogl/.pico-sdk/sdk/1.5.1/src/rp2_common/pico_double/double_v1_rom_shim.S.obj
                0x10004210                ddiv_shim
 .text.double2uint_shim
                0x100043c0        0xe CMakeFiles/Switch_01.dir/C_/Users/amogl/.pico-sdk/sdk/1.5.1/src/rp2_common/pico_double/double_v1_rom_shim.S.obj
                0x100043c0                double2uint_shim
                0x100043c2                double2ufix_shim
 *fill*         0x100043ce        0x2 
 .text.double2uint64_shim
                0x100043d0       0x70 CMakeFiles/Switch_01.dir/C_/Users/amogl/.pico-sdk/sdk/1.5.1/src/rp2_common/pico_double/double_v1_rom_shim.S.obj
                0x100043d0                double2uint64_shim
                0x100043d2                double2ufix64_shim
                0x100043f2                d2fix_a
 .text.dunpacks
                0x10004440       0x3c CMakeFiles/Switch_01.dir/C_/Users/amogl/.pico-sdk/sdk/1.5.1/src/rp2_common/pico_double/double_v1_rom_shim.S.obj
                0x10004440                dunpacks
 .text.__aeabi_lmul
                0x1000447c       0x32 CMakeFiles/Switch_01.dir/C_/Users/amogl/.pico-sdk/sdk/1.5.1/src/rp2_common/pico_int64_ops/pico_int64_ops_aeabi.S.obj
                0x1000447c                __wrap___aeabi_lmul
 *fill*         0x100044ae        0x2 
 .text.__aeabi_float_init
                0x100044b0       0xfc CMakeFiles/Switch_01.dir/C_/Users/amogl/.pico-sdk/sdk/1.5.1/src/rp2_common/pico_float/float_init_rom.c.obj
                0x100044b0                __aeabi_float_init
 .text.float_table_shim_on_use_helper
                0x100045ac       0x34 CMakeFiles/Switch_01.dir/C_/Users/amogl/.pico-sdk/sdk/1.5.1/src/rp2_common/pico_float/float_v1_rom_shim.S.obj
                0x100045ac                float_table_shim_on_use_helper
 .text.check_alloc
                0x100045e0       0x20 CMakeFiles/Switch_01.dir/C_/Users/amogl/.pico-sdk/sdk/1.5.1/src/rp2_common/pico_malloc/pico_malloc.c.obj
 .text.__wrap_malloc
                0x10004600       0x14 CMakeFiles/Switch_01.dir/C_/Users/amogl/.pico-sdk/sdk/1.5.1/src/rp2_common/pico_malloc/pico_malloc.c.obj
                0x10004600                __wrap_malloc
 .text          0x10004614       0x10 CMakeFiles/Switch_01.dir/C_/Users/amogl/.pico-sdk/sdk/1.5.1/src/rp2_common/pico_mem_ops/mem_ops_aeabi.S.obj
                0x10004614                __aeabi_mem_init
 .text.memset   0x10004624        0xc CMakeFiles/Switch_01.dir/C_/Users/amogl/.pico-sdk/sdk/1.5.1/src/rp2_common/pico_mem_ops/mem_ops_aeabi.S.obj
                0x10004624                __wrap_memset
 .text.memcpy   0x10004630        0xc CMakeFiles/Switch_01.dir/C_/Users/amogl/.pico-sdk/sdk/1.5.1/src/rp2_common/pico_mem_ops/mem_ops_aeabi.S.obj
                0x10004630                __wrap_memcpy
                0x10004630                __wrap___aeabi_memcpy
 .text.stdio_out_chars_no_crlf
                0x1000463c        0xe CMakeFiles/Switch_01.dir/C_/Users/amogl/.pico-sdk/sdk/1.5.1/src/rp2_common/pico_stdio/stdio.c.obj
 *fill*         0x1000464a        0x2 
 .text.stdio_out_chars_crlf
                0x1000464c       0x80 CMakeFiles/Switch_01.dir/C_/Users/amogl/.pico-sdk/sdk/1.5.1/src/rp2_common/pico_stdio/stdio.c.obj
 .text.stdio_stack_buffer_flush
                0x100046cc       0x44 CMakeFiles/Switch_01.dir/C_/Users/amogl/.pico-sdk/sdk/1.5.1/src/rp2_common/pico_stdio/stdio.c.obj
 .text.stdio_buffered_printer
                0x10004710       0x20 CMakeFiles/Switch_01.dir/C_/Users/amogl/.pico-sdk/sdk/1.5.1/src/rp2_common/pico_stdio/stdio.c.obj
 .text.update_us_since_boot
                0x10004730       0x24 CMakeFiles/Switch_01.dir/C_/Users/amogl/.pico-sdk/sdk/1.5.1/src/rp2_common/pico_stdio/stdio.c.obj
 .text.get_absolute_time
                0x10004754       0x22 CMakeFiles/Switch_01.dir/C_/Users/amogl/.pico-sdk/sdk/1.5.1/src/rp2_common/pico_stdio/stdio.c.obj
 *fill*         0x10004776        0x2 
 .text.delayed_by_ms
                0x10004778       0x44 CMakeFiles/Switch_01.dir/C_/Users/amogl/.pico-sdk/sdk/1.5.1/src/rp2_common/pico_stdio/stdio.c.obj
 .text.make_timeout_time_ms
                0x100047bc       0x20 CMakeFiles/Switch_01.dir/C_/Users/amogl/.pico-sdk/sdk/1.5.1/src/rp2_common/pico_stdio/stdio.c.obj
 .text.stdout_serialize_begin
                0x100047dc       0x20 CMakeFiles/Switch_01.dir/C_/Users/amogl/.pico-sdk/sdk/1.5.1/src/rp2_common/pico_stdio/stdio.c.obj
                0x100047dc                stdout_serialize_begin
 .text.stdout_serialize_end
                0x100047fc       0x10 CMakeFiles/Switch_01.dir/C_/Users/amogl/.pico-sdk/sdk/1.5.1/src/rp2_common/pico_stdio/stdio.c.obj
                0x100047fc                stdout_serialize_end
 .text.stdio_put_string
                0x1000480c       0x98 CMakeFiles/Switch_01.dir/C_/Users/amogl/.pico-sdk/sdk/1.5.1/src/rp2_common/pico_stdio/stdio.c.obj
 .text.stdio_set_driver_enabled
                0x100048a4       0x2c CMakeFiles/Switch_01.dir/C_/Users/amogl/.pico-sdk/sdk/1.5.1/src/rp2_common/pico_stdio/stdio.c.obj
                0x100048a4                stdio_set_driver_enabled
 .text.stdio_flush
                0x100048d0       0x20 CMakeFiles/Switch_01.dir/C_/Users/amogl/.pico-sdk/sdk/1.5.1/src/rp2_common/pico_stdio/stdio.c.obj
                0x100048d0                stdio_flush
 .text.__wrap_puts
                0x100048f0       0x1e CMakeFiles/Switch_01.dir/C_/Users/amogl/.pico-sdk/sdk/1.5.1/src/rp2_common/pico_stdio/stdio.c.obj
                0x100048f0                __wrap_puts
 *fill*         0x1000490e        0x2 
 .text.__wrap_vprintf
                0x10004910       0x40 CMakeFiles/Switch_01.dir/C_/Users/amogl/.pico-sdk/sdk/1.5.1/src/rp2_common/pico_stdio/stdio.c.obj
                0x10004910                __wrap_vprintf
 .text.__wrap_printf
                0x10004950       0x18 CMakeFiles/Switch_01.dir/C_/Users/amogl/.pico-sdk/sdk/1.5.1/src/rp2_common/pico_stdio/stdio.c.obj
                0x10004950                __wrap_printf
 .text.stdio_init_all
                0x10004968        0x8 CMakeFiles/Switch_01.dir/C_/Users/amogl/.pico-sdk/sdk/1.5.1/src/rp2_common/pico_stdio/stdio.c.obj
                0x10004968                stdio_init_all
 .text.resetd_init
                0x10004970        0x2 CMakeFiles/Switch_01.dir/C_/Users/amogl/.pico-sdk/sdk/1.5.1/src/rp2_common/pico_stdio_usb/reset_interface.c.obj
 *fill*         0x10004972        0x2 
 .text.resetd_reset
                0x10004974        0xc CMakeFiles/Switch_01.dir/C_/Users/amogl/.pico-sdk/sdk/1.5.1/src/rp2_common/pico_stdio_usb/reset_interface.c.obj
 .text.resetd_open
                0x10004980       0x34 CMakeFiles/Switch_01.dir/C_/Users/amogl/.pico-sdk/sdk/1.5.1/src/rp2_common/pico_stdio_usb/reset_interface.c.obj
 .text.resetd_xfer_cb
                0x100049b4        0x4 CMakeFiles/Switch_01.dir/C_/Users/amogl/.pico-sdk/sdk/1.5.1/src/rp2_common/pico_stdio_usb/reset_interface.c.obj
 .text.reset_usb_boot
                0x100049b8       0x18 CMakeFiles/Switch_01.dir/C_/Users/amogl/.pico-sdk/sdk/1.5.1/src/rp2_common/pico_stdio_usb/reset_interface.c.obj
 .text.resetd_control_xfer_cb
                0x100049d0       0x5c CMakeFiles/Switch_01.dir/C_/Users/amogl/.pico-sdk/sdk/1.5.1/src/rp2_common/pico_stdio_usb/reset_interface.c.obj
 .text.usbd_app_driver_get_cb
                0x10004a2c        0xc CMakeFiles/Switch_01.dir/C_/Users/amogl/.pico-sdk/sdk/1.5.1/src/rp2_common/pico_stdio_usb/reset_interface.c.obj
                0x10004a2c                usbd_app_driver_get_cb
 .text.tud_cdc_line_coding_cb
                0x10004a38       0x28 CMakeFiles/Switch_01.dir/C_/Users/amogl/.pico-sdk/sdk/1.5.1/src/rp2_common/pico_stdio_usb/reset_interface.c.obj
                0x10004a38                tud_cdc_line_coding_cb
 .text.stdio_usb_set_chars_available_callback
                0x10004a60       0x14 CMakeFiles/Switch_01.dir/C_/Users/amogl/.pico-sdk/sdk/1.5.1/src/rp2_common/pico_stdio_usb/stdio_usb.c.obj
                0x10004a60                stdio_usb_set_chars_available_callback
 .text.update_us_since_boot
                0x10004a74       0x24 CMakeFiles/Switch_01.dir/C_/Users/amogl/.pico-sdk/sdk/1.5.1/src/rp2_common/pico_stdio_usb/stdio_usb.c.obj
 .text.get_absolute_time
                0x10004a98       0x22 CMakeFiles/Switch_01.dir/C_/Users/amogl/.pico-sdk/sdk/1.5.1/src/rp2_common/pico_stdio_usb/stdio_usb.c.obj
 *fill*         0x10004aba        0x2 
 .text.delayed_by_ms
                0x10004abc       0x44 CMakeFiles/Switch_01.dir/C_/Users/amogl/.pico-sdk/sdk/1.5.1/src/rp2_common/pico_stdio_usb/stdio_usb.c.obj
 .text.make_timeout_time_ms
                0x10004b00       0x20 CMakeFiles/Switch_01.dir/C_/Users/amogl/.pico-sdk/sdk/1.5.1/src/rp2_common/pico_stdio_usb/stdio_usb.c.obj
 .text.delayed_by_us
                0x10004b20       0x34 CMakeFiles/Switch_01.dir/C_/Users/amogl/.pico-sdk/sdk/1.5.1/src/rp2_common/pico_stdio_usb/stdio_usb.c.obj
 .text.usb_irq  0x10004b54       0x10 CMakeFiles/Switch_01.dir/C_/Users/amogl/.pico-sdk/sdk/1.5.1/src/rp2_common/pico_stdio_usb/stdio_usb.c.obj
 .text.critical_section_enter_blocking
                0x10004b64       0x16 CMakeFiles/Switch_01.dir/C_/Users/amogl/.pico-sdk/sdk/1.5.1/src/rp2_common/pico_stdio_usb/stdio_usb.c.obj
 *fill*         0x10004b7a        0x2 
 .text.timer_task
                0x10004b7c       0x4c CMakeFiles/Switch_01.dir/C_/Users/amogl/.pico-sdk/sdk/1.5.1/src/rp2_common/pico_stdio_usb/stdio_usb.c.obj
 .text.alarm_pool_add_alarm_in_us
                0x10004bc8       0x3a CMakeFiles/Switch_01.dir/C_/Users/amogl/.pico-sdk/sdk/1.5.1/src/rp2_common/pico_stdio_usb/stdio_usb.c.obj
 .text.add_alarm_in_us
                0x10004c02       0x2e CMakeFiles/Switch_01.dir/C_/Users/amogl/.pico-sdk/sdk/1.5.1/src/rp2_common/pico_stdio_usb/stdio_usb.c.obj
 .text.low_priority_worker_irq
                0x10004c30       0x7c CMakeFiles/Switch_01.dir/C_/Users/amogl/.pico-sdk/sdk/1.5.1/src/rp2_common/pico_stdio_usb/stdio_usb.c.obj
 .text.tud_cdc_rx_cb
                0x10004cac       0x20 CMakeFiles/Switch_01.dir/C_/Users/amogl/.pico-sdk/sdk/1.5.1/src/rp2_common/pico_stdio_usb/stdio_usb.c.obj
                0x10004cac                tud_cdc_rx_cb
 .text.stdio_usb_init
                0x10004ccc       0xd0 CMakeFiles/Switch_01.dir/C_/Users/amogl/.pico-sdk/sdk/1.5.1/src/rp2_common/pico_stdio_usb/stdio_usb.c.obj
                0x10004ccc                stdio_usb_init
 .text.stdio_usb_connected
                0x10004d9c        0xa CMakeFiles/Switch_01.dir/C_/Users/amogl/.pico-sdk/sdk/1.5.1/src/rp2_common/pico_stdio_usb/stdio_usb.c.obj
                0x10004d9c                stdio_usb_connected
 *fill*         0x10004da6        0x2 
 .text.stdio_usb_in_chars
                0x10004da8       0x88 CMakeFiles/Switch_01.dir/C_/Users/amogl/.pico-sdk/sdk/1.5.1/src/rp2_common/pico_stdio_usb/stdio_usb.c.obj
                0x10004da8                stdio_usb_in_chars
 .text.stdio_usb_out_chars
                0x10004e30       0xd8 CMakeFiles/Switch_01.dir/C_/Users/amogl/.pico-sdk/sdk/1.5.1/src/rp2_common/pico_stdio_usb/stdio_usb.c.obj
 .text.tud_descriptor_device_cb
                0x10004f08        0x8 CMakeFiles/Switch_01.dir/C_/Users/amogl/.pico-sdk/sdk/1.5.1/src/rp2_common/pico_stdio_usb/stdio_usb_descriptors.c.obj
                0x10004f08                tud_descriptor_device_cb
 .text.tud_descriptor_configuration_cb
                0x10004f10        0x8 CMakeFiles/Switch_01.dir/C_/Users/amogl/.pico-sdk/sdk/1.5.1/src/rp2_common/pico_stdio_usb/stdio_usb_descriptors.c.obj
                0x10004f10                tud_descriptor_configuration_cb
 .text.tud_descriptor_string_cb
                0x10004f18       0x6c CMakeFiles/Switch_01.dir/C_/Users/amogl/.pico-sdk/sdk/1.5.1/src/rp2_common/pico_stdio_usb/stdio_usb_descriptors.c.obj
                0x10004f18                tud_descriptor_string_cb
 .text._retrieve_unique_id_on_boot
                0x10004f84       0x10 CMakeFiles/Switch_01.dir/C_/Users/amogl/.pico-sdk/sdk/1.5.1/src/rp2_common/pico_unique_id/unique_id.c.obj
 .text.pico_get_unique_board_id_string
                0x10004f94       0x5c CMakeFiles/Switch_01.dir/C_/Users/amogl/.pico-sdk/sdk/1.5.1/src/rp2_common/pico_unique_id/unique_id.c.obj
                0x10004f94                pico_get_unique_board_id_string
 .text.flash_get_unique_id
                0x10004ff0       0x40 CMakeFiles/Switch_01.dir/C_/Users/amogl/.pico-sdk/sdk/1.5.1/src/rp2_common/hardware_flash/flash.c.obj
                0x10004ff0                flash_get_unique_id
 .text.hw_endpoint_get_by_addr
                0x10005030       0x18 CMakeFiles/Switch_01.dir/C_/Users/amogl/.pico-sdk/sdk/1.5.1/lib/tinyusb/src/portable/raspberrypi/rp2040/dcd_rp2040.c.obj
 .text._hw_endpoint_alloc
                0x10005048       0x70 CMakeFiles/Switch_01.dir/C_/Users/amogl/.pico-sdk/sdk/1.5.1/lib/tinyusb/src/portable/raspberrypi/rp2040/dcd_rp2040.c.obj
 .text.hw_endpoint_init
                0x100050b8       0x88 CMakeFiles/Switch_01.dir/C_/Users/amogl/.pico-sdk/sdk/1.5.1/lib/tinyusb/src/portable/raspberrypi/rp2040/dcd_rp2040.c.obj
 .text.dcd_event_sof
                0x10005140       0x2c CMakeFiles/Switch_01.dir/C_/Users/amogl/.pico-sdk/sdk/1.5.1/lib/tinyusb/src/portable/raspberrypi/rp2040/dcd_rp2040.c.obj
 .text.hw_endpoint_xfer
                0x1000516c       0x14 CMakeFiles/Switch_01.dir/C_/Users/amogl/.pico-sdk/sdk/1.5.1/lib/tinyusb/src/portable/raspberrypi/rp2040/dcd_rp2040.c.obj
 .text.dcd_int_enable
                0x10005180       0x2c CMakeFiles/Switch_01.dir/C_/Users/amogl/.pico-sdk/sdk/1.5.1/lib/tinyusb/src/portable/raspberrypi/rp2040/dcd_rp2040.c.obj
                0x10005180                dcd_int_enable
 .text.dcd_set_address
                0x100051ac       0x2c CMakeFiles/Switch_01.dir/C_/Users/amogl/.pico-sdk/sdk/1.5.1/lib/tinyusb/src/portable/raspberrypi/rp2040/dcd_rp2040.c.obj
                0x100051ac                dcd_set_address
 .text.dcd_connect
                0x100051d8       0x10 CMakeFiles/Switch_01.dir/C_/Users/amogl/.pico-sdk/sdk/1.5.1/lib/tinyusb/src/portable/raspberrypi/rp2040/dcd_rp2040.c.obj
                0x100051d8                dcd_connect
 .text.dcd_init
                0x100051e8       0x80 CMakeFiles/Switch_01.dir/C_/Users/amogl/.pico-sdk/sdk/1.5.1/lib/tinyusb/src/portable/raspberrypi/rp2040/dcd_rp2040.c.obj
                0x100051e8                dcd_init
 .text.dcd_edpt0_status_complete
                0x10005268       0x1c CMakeFiles/Switch_01.dir/C_/Users/amogl/.pico-sdk/sdk/1.5.1/lib/tinyusb/src/portable/raspberrypi/rp2040/dcd_rp2040.c.obj
                0x10005268                dcd_edpt0_status_complete
 .text.dcd_edpt_open
                0x10005284       0x40 CMakeFiles/Switch_01.dir/C_/Users/amogl/.pico-sdk/sdk/1.5.1/lib/tinyusb/src/portable/raspberrypi/rp2040/dcd_rp2040.c.obj
                0x10005284                dcd_edpt_open
 .text.dcd_edpt_close_all
                0x100052c4        0x8 CMakeFiles/Switch_01.dir/C_/Users/amogl/.pico-sdk/sdk/1.5.1/lib/tinyusb/src/portable/raspberrypi/rp2040/dcd_rp2040.c.obj
                0x100052c4                dcd_edpt_close_all
 .text.dcd_edpt_xfer
                0x100052cc       0x34 CMakeFiles/Switch_01.dir/C_/Users/amogl/.pico-sdk/sdk/1.5.1/lib/tinyusb/src/portable/raspberrypi/rp2040/dcd_rp2040.c.obj
                0x100052cc                dcd_edpt_xfer
 .text.dcd_edpt_stall
                0x10005300       0x2c CMakeFiles/Switch_01.dir/C_/Users/amogl/.pico-sdk/sdk/1.5.1/lib/tinyusb/src/portable/raspberrypi/rp2040/dcd_rp2040.c.obj
                0x10005300                dcd_edpt_stall
 .text.dcd_edpt_clear_stall
                0x1000532c       0x20 CMakeFiles/Switch_01.dir/C_/Users/amogl/.pico-sdk/sdk/1.5.1/lib/tinyusb/src/portable/raspberrypi/rp2040/dcd_rp2040.c.obj
                0x1000532c                dcd_edpt_clear_stall
 .text.rp2040_usb_init
                0x1000534c       0x4c CMakeFiles/Switch_01.dir/C_/Users/amogl/.pico-sdk/sdk/1.5.1/lib/tinyusb/src/portable/raspberrypi/rp2040/rp2040_usb.c.obj
                0x1000534c                rp2040_usb_init
 .text.hw_endpoint_xfer_start
                0x10005398       0x50 CMakeFiles/Switch_01.dir/C_/Users/amogl/.pico-sdk/sdk/1.5.1/lib/tinyusb/src/portable/raspberrypi/rp2040/rp2040_usb.c.obj
                0x10005398                hw_endpoint_xfer_start
 .text.configuration_reset
                0x100053e8       0x84 CMakeFiles/Switch_01.dir/C_/Users/amogl/.pico-sdk/sdk/1.5.1/lib/tinyusb/src/device/usbd.c.obj
 .text.critical_section_enter_blocking
                0x1000546c       0x16 CMakeFiles/Switch_01.dir/C_/Users/amogl/.pico-sdk/sdk/1.5.1/lib/tinyusb/src/device/usbd.c.obj
 .text.usbd_reset
                0x10005482        0xc CMakeFiles/Switch_01.dir/C_/Users/amogl/.pico-sdk/sdk/1.5.1/lib/tinyusb/src/device/usbd.c.obj
 .text.invoke_class_control
                0x1000548e       0x1a CMakeFiles/Switch_01.dir/C_/Users/amogl/.pico-sdk/sdk/1.5.1/lib/tinyusb/src/device/usbd.c.obj
 .text.process_set_config
                0x100054a8      0x178 CMakeFiles/Switch_01.dir/C_/Users/amogl/.pico-sdk/sdk/1.5.1/lib/tinyusb/src/device/usbd.c.obj
 .text.process_get_descriptor
                0x10005620       0xdc CMakeFiles/Switch_01.dir/C_/Users/amogl/.pico-sdk/sdk/1.5.1/lib/tinyusb/src/device/usbd.c.obj
 .text.tud_mounted
                0x100056fc       0x10 CMakeFiles/Switch_01.dir/C_/Users/amogl/.pico-sdk/sdk/1.5.1/lib/tinyusb/src/device/usbd.c.obj
                0x100056fc                tud_mounted
 .text.tud_suspended
                0x1000570c       0x10 CMakeFiles/Switch_01.dir/C_/Users/amogl/.pico-sdk/sdk/1.5.1/lib/tinyusb/src/device/usbd.c.obj
                0x1000570c                tud_suspended
 .text.tud_inited
                0x1000571c       0x14 CMakeFiles/Switch_01.dir/C_/Users/amogl/.pico-sdk/sdk/1.5.1/lib/tinyusb/src/device/usbd.c.obj
                0x1000571c                tud_inited
 .text.tud_init
                0x10005730       0xcc CMakeFiles/Switch_01.dir/C_/Users/amogl/.pico-sdk/sdk/1.5.1/lib/tinyusb/src/device/usbd.c.obj
                0x10005730                tud_init
 .text.usbd_defer_func
                0x100057fc       0x2a CMakeFiles/Switch_01.dir/C_/Users/amogl/.pico-sdk/sdk/1.5.1/lib/tinyusb/src/device/usbd.c.obj
                0x100057fc                usbd_defer_func
 *fill*         0x10005826        0x2 
 .text.usbd_edpt_open
                0x10005828       0x34 CMakeFiles/Switch_01.dir/C_/Users/amogl/.pico-sdk/sdk/1.5.1/lib/tinyusb/src/device/usbd.c.obj
                0x10005828                usbd_edpt_open
 .text.usbd_open_edpt_pair
                0x1000585c       0x62 CMakeFiles/Switch_01.dir/C_/Users/amogl/.pico-sdk/sdk/1.5.1/lib/tinyusb/src/device/usbd.c.obj
                0x1000585c                usbd_open_edpt_pair
 *fill*         0x100058be        0x2 
 .text.usbd_edpt_claim
                0x100058c0       0x28 CMakeFiles/Switch_01.dir/C_/Users/amogl/.pico-sdk/sdk/1.5.1/lib/tinyusb/src/device/usbd.c.obj
                0x100058c0                usbd_edpt_claim
 .text.usbd_edpt_release
                0x100058e8       0x28 CMakeFiles/Switch_01.dir/C_/Users/amogl/.pico-sdk/sdk/1.5.1/lib/tinyusb/src/device/usbd.c.obj
                0x100058e8                usbd_edpt_release
 .text.usbd_edpt_xfer
                0x10005910       0x78 CMakeFiles/Switch_01.dir/C_/Users/amogl/.pico-sdk/sdk/1.5.1/lib/tinyusb/src/device/usbd.c.obj
                0x10005910                usbd_edpt_xfer
 .text.usbd_edpt_stall
                0x10005988       0x48 CMakeFiles/Switch_01.dir/C_/Users/amogl/.pico-sdk/sdk/1.5.1/lib/tinyusb/src/device/usbd.c.obj
                0x10005988                usbd_edpt_stall
 .text.usbd_edpt_clear_stall
                0x100059d0       0x48 CMakeFiles/Switch_01.dir/C_/Users/amogl/.pico-sdk/sdk/1.5.1/lib/tinyusb/src/device/usbd.c.obj
                0x100059d0                usbd_edpt_clear_stall
 .text.usbd_edpt_stalled
                0x10005a18       0x1c CMakeFiles/Switch_01.dir/C_/Users/amogl/.pico-sdk/sdk/1.5.1/lib/tinyusb/src/device/usbd.c.obj
                0x10005a18                usbd_edpt_stalled
 .text.process_control_request
                0x10005a34      0x374 CMakeFiles/Switch_01.dir/C_/Users/amogl/.pico-sdk/sdk/1.5.1/lib/tinyusb/src/device/usbd.c.obj
 .text.tud_task_ext
                0x10005da8      0x1a8 CMakeFiles/Switch_01.dir/C_/Users/amogl/.pico-sdk/sdk/1.5.1/lib/tinyusb/src/device/usbd.c.obj
                0x10005da8                tud_task_ext
 .text._status_stage_xact
                0x10005f50       0x1a CMakeFiles/Switch_01.dir/C_/Users/amogl/.pico-sdk/sdk/1.5.1/lib/tinyusb/src/device/usbd_control.c.obj
 *fill*         0x10005f6a        0x2 
 .text._data_stage_xact
                0x10005f6c       0x58 CMakeFiles/Switch_01.dir/C_/Users/amogl/.pico-sdk/sdk/1.5.1/lib/tinyusb/src/device/usbd_control.c.obj
 .text.tud_control_status
                0x10005fc4       0x28 CMakeFiles/Switch_01.dir/C_/Users/amogl/.pico-sdk/sdk/1.5.1/lib/tinyusb/src/device/usbd_control.c.obj
                0x10005fc4                tud_control_status
 .text.tud_control_xfer
                0x10005fec       0x68 CMakeFiles/Switch_01.dir/C_/Users/amogl/.pico-sdk/sdk/1.5.1/lib/tinyusb/src/device/usbd_control.c.obj
                0x10005fec                tud_control_xfer
 .text.usbd_control_reset
                0x10006054       0x14 CMakeFiles/Switch_01.dir/C_/Users/amogl/.pico-sdk/sdk/1.5.1/lib/tinyusb/src/device/usbd_control.c.obj
                0x10006054                usbd_control_reset
 .text.usbd_control_set_complete_callback
                0x10006068        0xc CMakeFiles/Switch_01.dir/C_/Users/amogl/.pico-sdk/sdk/1.5.1/lib/tinyusb/src/device/usbd_control.c.obj
                0x10006068                usbd_control_set_complete_callback
 .text.usbd_control_set_request
                0x10006074       0x1c CMakeFiles/Switch_01.dir/C_/Users/amogl/.pico-sdk/sdk/1.5.1/lib/tinyusb/src/device/usbd_control.c.obj
                0x10006074                usbd_control_set_request
 .text.usbd_control_xfer_cb
                0x10006090       0xbc CMakeFiles/Switch_01.dir/C_/Users/amogl/.pico-sdk/sdk/1.5.1/lib/tinyusb/src/device/usbd_control.c.obj
                0x10006090                usbd_control_xfer_cb
 .text._prep_out_transaction
                0x1000614c       0x4a CMakeFiles/Switch_01.dir/C_/Users/amogl/.pico-sdk/sdk/1.5.1/lib/tinyusb/src/class/cdc/cdc_device.c.obj
 *fill*         0x10006196        0x2 
 .text.tud_cdc_n_connected
                0x10006198       0x38 CMakeFiles/Switch_01.dir/C_/Users/amogl/.pico-sdk/sdk/1.5.1/lib/tinyusb/src/class/cdc/cdc_device.c.obj
                0x10006198                tud_cdc_n_connected
 .text.tud_cdc_n_available
                0x100061d0       0x18 CMakeFiles/Switch_01.dir/C_/Users/amogl/.pico-sdk/sdk/1.5.1/lib/tinyusb/src/class/cdc/cdc_device.c.obj
                0x100061d0                tud_cdc_n_available
 .text.tud_cdc_n_read
                0x100061e8       0x28 CMakeFiles/Switch_01.dir/C_/Users/amogl/.pico-sdk/sdk/1.5.1/lib/tinyusb/src/class/cdc/cdc_device.c.obj
                0x100061e8                tud_cdc_n_read
 .text.tud_cdc_n_write_flush
                0x10006210       0xb8 CMakeFiles/Switch_01.dir/C_/Users/amogl/.pico-sdk/sdk/1.5.1/lib/tinyusb/src/class/cdc/cdc_device.c.obj
                0x10006210                tud_cdc_n_write_flush
 .text.tud_cdc_n_write
                0x100062c8       0x38 CMakeFiles/Switch_01.dir/C_/Users/amogl/.pico-sdk/sdk/1.5.1/lib/tinyusb/src/class/cdc/cdc_device.c.obj
                0x100062c8                tud_cdc_n_write
 .text.tud_cdc_n_write_available
                0x10006300       0x1c CMakeFiles/Switch_01.dir/C_/Users/amogl/.pico-sdk/sdk/1.5.1/lib/tinyusb/src/class/cdc/cdc_device.c.obj
                0x10006300                tud_cdc_n_write_available
 .text.cdcd_init
                0x1000631c       0xbc CMakeFiles/Switch_01.dir/C_/Users/amogl/.pico-sdk/sdk/1.5.1/lib/tinyusb/src/class/cdc/cdc_device.c.obj
                0x1000631c                cdcd_init
 .text.cdcd_reset
                0x100063d8       0x44 CMakeFiles/Switch_01.dir/C_/Users/amogl/.pico-sdk/sdk/1.5.1/lib/tinyusb/src/class/cdc/cdc_device.c.obj
                0x100063d8                cdcd_reset
 .text.cdcd_open
                0x1000641c       0xc4 CMakeFiles/Switch_01.dir/C_/Users/amogl/.pico-sdk/sdk/1.5.1/lib/tinyusb/src/class/cdc/cdc_device.c.obj
                0x1000641c                cdcd_open
 .text.cdcd_control_xfer_cb
                0x100064e0      0x134 CMakeFiles/Switch_01.dir/C_/Users/amogl/.pico-sdk/sdk/1.5.1/lib/tinyusb/src/class/cdc/cdc_device.c.obj
                0x100064e0                cdcd_control_xfer_cb
 .text.cdcd_xfer_cb
                0x10006614      0x130 CMakeFiles/Switch_01.dir/C_/Users/amogl/.pico-sdk/sdk/1.5.1/lib/tinyusb/src/class/cdc/cdc_device.c.obj
                0x10006614                cdcd_xfer_cb
 .text.tusb_init
                0x10006744        0xa CMakeFiles/Switch_01.dir/C_/Users/amogl/.pico-sdk/sdk/1.5.1/lib/tinyusb/src/tusb.c.obj
                0x10006744                tusb_init
 .text.tusb_inited
                0x1000674e        0xe CMakeFiles/Switch_01.dir/C_/Users/amogl/.pico-sdk/sdk/1.5.1/lib/tinyusb/src/tusb.c.obj
                0x1000674e                tusb_inited
 .text.tu_edpt_claim
                0x1000675c       0x50 CMakeFiles/Switch_01.dir/C_/Users/amogl/.pico-sdk/sdk/1.5.1/lib/tinyusb/src/tusb.c.obj
                0x1000675c                tu_edpt_claim
 .text.tu_edpt_release
                0x100067ac       0x38 CMakeFiles/Switch_01.dir/C_/Users/amogl/.pico-sdk/sdk/1.5.1/lib/tinyusb/src/tusb.c.obj
                0x100067ac                tu_edpt_release
 .text.tu_edpt_validate
                0x100067e4       0x78 CMakeFiles/Switch_01.dir/C_/Users/amogl/.pico-sdk/sdk/1.5.1/lib/tinyusb/src/tusb.c.obj
                0x100067e4                tu_edpt_validate
 .text.tu_edpt_bind_driver
                0x1000685c       0x26 CMakeFiles/Switch_01.dir/C_/Users/amogl/.pico-sdk/sdk/1.5.1/lib/tinyusb/src/tusb.c.obj
                0x1000685c                tu_edpt_bind_driver
 .text.advance_index
                0x10006882       0x1a CMakeFiles/Switch_01.dir/C_/Users/amogl/.pico-sdk/sdk/1.5.1/lib/tinyusb/src/common/tusb_fifo.c.obj
 .text._tu_fifo_peek
                0x1000689c       0x56 CMakeFiles/Switch_01.dir/C_/Users/amogl/.pico-sdk/sdk/1.5.1/lib/tinyusb/src/common/tusb_fifo.c.obj
 .text._ff_pull_const_addr
                0x100068f2       0x4c CMakeFiles/Switch_01.dir/C_/Users/amogl/.pico-sdk/sdk/1.5.1/lib/tinyusb/src/common/tusb_fifo.c.obj
 .text._ff_pull_n
                0x1000693e      0x110 CMakeFiles/Switch_01.dir/C_/Users/amogl/.pico-sdk/sdk/1.5.1/lib/tinyusb/src/common/tusb_fifo.c.obj
 .text._tu_fifo_peek_n
                0x10006a4e       0x6a CMakeFiles/Switch_01.dir/C_/Users/amogl/.pico-sdk/sdk/1.5.1/lib/tinyusb/src/common/tusb_fifo.c.obj
 .text._tu_fifo_read_n
                0x10006ab8       0x4e CMakeFiles/Switch_01.dir/C_/Users/amogl/.pico-sdk/sdk/1.5.1/lib/tinyusb/src/common/tusb_fifo.c.obj
 .text._ff_push_const_addr
                0x10006b06       0x40 CMakeFiles/Switch_01.dir/C_/Users/amogl/.pico-sdk/sdk/1.5.1/lib/tinyusb/src/common/tusb_fifo.c.obj
 .text._ff_push_n
                0x10006b46      0x10c CMakeFiles/Switch_01.dir/C_/Users/amogl/.pico-sdk/sdk/1.5.1/lib/tinyusb/src/common/tusb_fifo.c.obj
 .text._tu_fifo_write_n
                0x10006c52       0xf0 CMakeFiles/Switch_01.dir/C_/Users/amogl/.pico-sdk/sdk/1.5.1/lib/tinyusb/src/common/tusb_fifo.c.obj
 .text.tu_fifo_config
                0x10006d42       0x7c CMakeFiles/Switch_01.dir/C_/Users/amogl/.pico-sdk/sdk/1.5.1/lib/tinyusb/src/common/tusb_fifo.c.obj
                0x10006d42                tu_fifo_config
 .text.tu_fifo_count
                0x10006dbe       0x2a CMakeFiles/Switch_01.dir/C_/Users/amogl/.pico-sdk/sdk/1.5.1/lib/tinyusb/src/common/tusb_fifo.c.obj
                0x10006dbe                tu_fifo_count
 .text.tu_fifo_empty
                0x10006de8        0xe CMakeFiles/Switch_01.dir/C_/Users/amogl/.pico-sdk/sdk/1.5.1/lib/tinyusb/src/common/tusb_fifo.c.obj
                0x10006de8                tu_fifo_empty
 .text.tu_fifo_full
                0x10006df6       0x28 CMakeFiles/Switch_01.dir/C_/Users/amogl/.pico-sdk/sdk/1.5.1/lib/tinyusb/src/common/tusb_fifo.c.obj
                0x10006df6                tu_fifo_full
 .text.tu_fifo_remaining
                0x10006e1e       0x2c CMakeFiles/Switch_01.dir/C_/Users/amogl/.pico-sdk/sdk/1.5.1/lib/tinyusb/src/common/tusb_fifo.c.obj
                0x10006e1e                tu_fifo_remaining
 .text.tu_fifo_read
                0x10006e4a       0x42 CMakeFiles/Switch_01.dir/C_/Users/amogl/.pico-sdk/sdk/1.5.1/lib/tinyusb/src/common/tusb_fifo.c.obj
                0x10006e4a                tu_fifo_read
 .text.tu_fifo_read_n
                0x10006e8c        0xa CMakeFiles/Switch_01.dir/C_/Users/amogl/.pico-sdk/sdk/1.5.1/lib/tinyusb/src/common/tusb_fifo.c.obj
                0x10006e8c                tu_fifo_read_n
 .text.tu_fifo_write
                0x10006e96       0x64 CMakeFiles/Switch_01.dir/C_/Users/amogl/.pico-sdk/sdk/1.5.1/lib/tinyusb/src/common/tusb_fifo.c.obj
                0x10006e96                tu_fifo_write
 .text.tu_fifo_write_n
                0x10006efa        0xa CMakeFiles/Switch_01.dir/C_/Users/amogl/.pico-sdk/sdk/1.5.1/lib/tinyusb/src/common/tusb_fifo.c.obj
                0x10006efa                tu_fifo_write_n
 .text.tu_fifo_clear
                0x10006f04       0x3e CMakeFiles/Switch_01.dir/C_/Users/amogl/.pico-sdk/sdk/1.5.1/lib/tinyusb/src/common/tusb_fifo.c.obj
                0x10006f04                tu_fifo_clear
 .text.tu_fifo_set_overwritable
                0x10006f42       0x46 CMakeFiles/Switch_01.dir/C_/Users/amogl/.pico-sdk/sdk/1.5.1/lib/tinyusb/src/common/tusb_fifo.c.obj
                0x10006f42                tu_fifo_set_overwritable
 .text.malloc   0x10006f88       0x14 C:/Users/amogl/.pico-sdk/toolchain/13_2_Rel1/bin/../lib/gcc/arm-none-eabi/13.2.1/thumb/v6-m/nofp\libg.a(libc_a-malloc.o)
                0x10006f88                malloc
 .text._malloc_r
                0x10006f9c      0x5c4 C:/Users/amogl/.pico-sdk/toolchain/13_2_Rel1/bin/../lib/gcc/arm-none-eabi/13.2.1/thumb/v6-m/nofp\libg.a(libc_a-mallocr.o)
                0x10006f9c                _malloc_r
 .text.__malloc_lock
                0x10007560       0x10 C:/Users/amogl/.pico-sdk/toolchain/13_2_Rel1/bin/../lib/gcc/arm-none-eabi/13.2.1/thumb/v6-m/nofp\libg.a(libc_a-mlock.o)
                0x10007560                __malloc_lock
 .text.__malloc_unlock
                0x10007570       0x10 C:/Users/amogl/.pico-sdk/toolchain/13_2_Rel1/bin/../lib/gcc/arm-none-eabi/13.2.1/thumb/v6-m/nofp\libg.a(libc_a-mlock.o)
                0x10007570                __malloc_unlock
 .text._sbrk_r  0x10007580       0x24 C:/Users/amogl/.pico-sdk/toolchain/13_2_Rel1/bin/../lib/gcc/arm-none-eabi/13.2.1/thumb/v6-m/nofp\libg.a(libc_a-sbrkr.o)
                0x10007580                _sbrk_r
 .text.__errno  0x100075a4        0xc C:/Users/amogl/.pico-sdk/toolchain/13_2_Rel1/bin/../lib/gcc/arm-none-eabi/13.2.1/thumb/v6-m/nofp\libg.a(libc_a-errno.o)
                0x100075a4                __errno
 .text.__retarget_lock_acquire_recursive
                0x100075b0        0x4 C:/Users/amogl/.pico-sdk/toolchain/13_2_Rel1/bin/../lib/gcc/arm-none-eabi/13.2.1/thumb/v6-m/nofp\libg.a(libc_a-lock.o)
                0x100075b0                __retarget_lock_acquire_recursive
 .text.__retarget_lock_release_recursive
                0x100075b4        0x4 C:/Users/amogl/.pico-sdk/toolchain/13_2_Rel1/bin/../lib/gcc/arm-none-eabi/13.2.1/thumb/v6-m/nofp\libg.a(libc_a-lock.o)
                0x100075b4                __retarget_lock_release_recursive
 .text.sysconf  0x100075b8       0x1c C:/Users/amogl/.pico-sdk/toolchain/13_2_Rel1/bin/../lib/gcc/arm-none-eabi/13.2.1/thumb/v6-m/nofp\libg.a(libc_a-sysconf.o)
                0x100075b8                sysconf
 .text.strlen   0x100075d4       0x5c C:/Users/amogl/.pico-sdk/toolchain/13_2_Rel1/bin/../lib/gcc/arm-none-eabi/13.2.1/thumb/v6-m/nofp\libg.a(libc_a-strlen-stub.o)
                0x100075d4                strlen
 .text._malloc_trim_r
                0x10007630       0xb4 C:/Users/amogl/.pico-sdk/toolchain/13_2_Rel1/bin/../lib/gcc/arm-none-eabi/13.2.1/thumb/v6-m/nofp\libg.a(libc_a-freer.o)
                0x10007630                _malloc_trim_r
 .text._free_r  0x100076e4      0x1d4 C:/Users/amogl/.pico-sdk/toolchain/13_2_Rel1/bin/../lib/gcc/arm-none-eabi/13.2.1/thumb/v6-m/nofp\libg.a(libc_a-freer.o)
                0x100076e4                _free_r
 *(.fini)
 .fini          0x100078b8        0x4 C:/Users/amogl/.pico-sdk/toolchain/13_2_Rel1/bin/../lib/gcc/arm-none-eabi/13.2.1/thumb/v6-m/nofp/crti.o
                0x100078b8                _fini
 *fill*         0x100078bc        0x4 
 .fini.__stub   0x100078c0       0xe0 linker stubs
 *crtbegin.o(.ctors)
 *crtbegin?.o(.ctors)
 *(EXCLUDE_FILE(*crtend.o *crtend?.o) .ctors)
 *(SORT_BY_NAME(.ctors.*))
 *(.ctors)
 *crtbegin.o(.dtors)
 *crtbegin?.o(.dtors)
 *(EXCLUDE_FILE(*crtend.o *crtend?.o) .dtors)
 *(SORT_BY_NAME(.dtors.*))
 *(.dtors)
 *(.eh_frame*)
 .eh_frame      0x100079a0        0x0 C:/Users/amogl/.pico-sdk/toolchain/13_2_Rel1/bin/../lib/gcc/arm-none-eabi/13.2.1/thumb/v6-m/nofp/crtbegin.o
                0x100079a0                        . = ALIGN (0x4)

.glue_7         0x100079a0        0x0
 .glue_7        0x100079a0        0x0 linker stubs

.glue_7t        0x100079a0        0x0
 .glue_7t       0x100079a0        0x0 linker stubs

.vfp11_veneer   0x100079a0        0x0
 .vfp11_veneer  0x100079a0        0x0 linker stubs

.v4_bx          0x100079a0        0x0
 .v4_bx         0x100079a0        0x0 linker stubs

.iplt           0x100079a0        0x0
 .iplt          0x100079a0        0x0 C:/Users/amogl/.pico-sdk/toolchain/13_2_Rel1/bin/../lib/gcc/arm-none-eabi/13.2.1/thumb/v6-m/nofp/crtbegin.o

.rodata         0x100079a0     0x15d4
 *(EXCLUDE_FILE(*libm.a: *libc.a:*lib_a-mem*.o *libgcc.a:) .rodata*)
 .rodata._Z8onchangeP8button_t.str1.4
                0x100079a0      0xf07 CMakeFiles/Switch_01.dir/Switch_01.cpp.obj
                                 0x4c (size before relaxing)
 .rodata.main.str1.4
                0x100088a7       0x1c CMakeFiles/Switch_01.dir/Switch_01.cpp.obj
 .rodata.update_us_since_boot.str1.4
                0x100088a7       0x69 CMakeFiles/Switch_01.dir/lib/button.c.obj
 *fill*         0x100088a7        0x1 
 .rodata.__func__.0
                0x100088a8       0x15 CMakeFiles/Switch_01.dir/lib/button.c.obj
 .rodata.spin_lock_claim_unused.str1.4
                0x100088bd       0x1b CMakeFiles/Switch_01.dir/C_/Users/amogl/.pico-sdk/sdk/1.5.1/src/rp2_common/hardware_sync/sync.c.obj
 .rodata.resolve_branch.str1.4
                0x100088bd       0x5d CMakeFiles/Switch_01.dir/C_/Users/amogl/.pico-sdk/sdk/1.5.1/src/rp2_common/hardware_irq/irq.c.obj
 .rodata.make_branch.str1.4
                0x100088bd       0x30 CMakeFiles/Switch_01.dir/C_/Users/amogl/.pico-sdk/sdk/1.5.1/src/rp2_common/hardware_irq/irq.c.obj
 .rodata.insert_branch_and_link.str1.4
                0x100088bd       0x10 CMakeFiles/Switch_01.dir/C_/Users/amogl/.pico-sdk/sdk/1.5.1/src/rp2_common/hardware_irq/irq.c.obj
 .rodata.irq_set_exclusive_handler.str1.4
                0x100088bd       0x36 CMakeFiles/Switch_01.dir/C_/Users/amogl/.pico-sdk/sdk/1.5.1/src/rp2_common/hardware_irq/irq.c.obj
 .rodata.irq_add_shared_handler.str1.4
                0x100088bd       0xc2 CMakeFiles/Switch_01.dir/C_/Users/amogl/.pico-sdk/sdk/1.5.1/src/rp2_common/hardware_irq/irq.c.obj
 .rodata.irq_remove_handler.str1.4
                0x100088bd       0x3a CMakeFiles/Switch_01.dir/C_/Users/amogl/.pico-sdk/sdk/1.5.1/src/rp2_common/hardware_irq/irq.c.obj
 .rodata.irq_add_tail_to_free_list.str1.4
                0x100088bd       0x3a CMakeFiles/Switch_01.dir/C_/Users/amogl/.pico-sdk/sdk/1.5.1/src/rp2_common/hardware_irq/irq.c.obj
 .rodata.user_irq_claim_unused.str1.4
                0x100088bd       0x1b CMakeFiles/Switch_01.dir/C_/Users/amogl/.pico-sdk/sdk/1.5.1/src/rp2_common/hardware_irq/irq.c.obj
 *fill*         0x100088bd        0x3 
 .rodata.__func__.0
                0x100088c0       0x1a CMakeFiles/Switch_01.dir/C_/Users/amogl/.pico-sdk/sdk/1.5.1/src/rp2_common/hardware_irq/irq.c.obj
 *fill*         0x100088da        0x2 
 .rodata.__func__.1
                0x100088dc       0x17 CMakeFiles/Switch_01.dir/C_/Users/amogl/.pico-sdk/sdk/1.5.1/src/rp2_common/hardware_irq/irq.c.obj
 *fill*         0x100088f3        0x1 
 .rodata.__func__.2
                0x100088f4       0x13 CMakeFiles/Switch_01.dir/C_/Users/amogl/.pico-sdk/sdk/1.5.1/src/rp2_common/hardware_irq/irq.c.obj
 *fill*         0x10008907        0x1 
 .rodata.__func__.3
                0x10008908        0xc CMakeFiles/Switch_01.dir/C_/Users/amogl/.pico-sdk/sdk/1.5.1/src/rp2_common/hardware_irq/irq.c.obj
 .rodata.__func__.4
                0x10008914        0xf CMakeFiles/Switch_01.dir/C_/Users/amogl/.pico-sdk/sdk/1.5.1/src/rp2_common/hardware_irq/irq.c.obj
 *fill*         0x10008923        0x1 
 .rodata.__func__.5
                0x10008924       0x17 CMakeFiles/Switch_01.dir/C_/Users/amogl/.pico-sdk/sdk/1.5.1/src/rp2_common/hardware_irq/irq.c.obj
 *fill*         0x1000893b        0x1 
 .rodata.__func__.6
                0x1000893c       0x1a CMakeFiles/Switch_01.dir/C_/Users/amogl/.pico-sdk/sdk/1.5.1/src/rp2_common/hardware_irq/irq.c.obj
 .rodata.update_us_since_boot.str1.4
                0x10008956       0x69 CMakeFiles/Switch_01.dir/C_/Users/amogl/.pico-sdk/sdk/1.5.1/src/common/pico_sync/mutex.c.obj
 .rodata.str1.4
                0x10008956       0x91 CMakeFiles/Switch_01.dir/C_/Users/amogl/.pico-sdk/sdk/1.5.1/src/common/pico_sync/mutex.c.obj
 *fill*         0x10008956        0x2 
 .rodata.__func__.1
                0x10008958        0xb CMakeFiles/Switch_01.dir/C_/Users/amogl/.pico-sdk/sdk/1.5.1/src/common/pico_sync/mutex.c.obj
 *fill*         0x10008963        0x1 
 .rodata.__func__.3
                0x10008964       0x18 CMakeFiles/Switch_01.dir/C_/Users/amogl/.pico-sdk/sdk/1.5.1/src/common/pico_sync/mutex.c.obj
 .rodata.__func__.4
                0x1000897c       0x15 CMakeFiles/Switch_01.dir/C_/Users/amogl/.pico-sdk/sdk/1.5.1/src/common/pico_sync/mutex.c.obj
 .rodata.get_entry.str1.4
                0x10008991       0x63 CMakeFiles/Switch_01.dir/C_/Users/amogl/.pico-sdk/sdk/1.5.1/src/common/pico_time/time.c.obj
 .rodata.update_us_since_boot.str1.4
                0x10008991       0x69 CMakeFiles/Switch_01.dir/C_/Users/amogl/.pico-sdk/sdk/1.5.1/src/common/pico_time/time.c.obj
 .rodata.ph_get_node.str1.4
                0x10008991       0x6e CMakeFiles/Switch_01.dir/C_/Users/amogl/.pico-sdk/sdk/1.5.1/src/common/pico_time/time.c.obj
 .rodata.ph_add_child_node.str1.4
                0x10008991       0x2e CMakeFiles/Switch_01.dir/C_/Users/amogl/.pico-sdk/sdk/1.5.1/src/common/pico_time/time.c.obj
 .rodata.ph_insert_node.str1.4
                0x10008991        0x3 CMakeFiles/Switch_01.dir/C_/Users/amogl/.pico-sdk/sdk/1.5.1/src/common/pico_time/time.c.obj
 .rodata.ph_free_node.str1.4
                0x10008991       0x38 CMakeFiles/Switch_01.dir/C_/Users/amogl/.pico-sdk/sdk/1.5.1/src/common/pico_time/time.c.obj
 .rodata.add_alarm_under_lock.str1.4
                0x10008991       0x28 CMakeFiles/Switch_01.dir/C_/Users/amogl/.pico-sdk/sdk/1.5.1/src/common/pico_time/time.c.obj
 .rodata.alarm_pool_alarm_callback.str1.4
                0x10008991       0x60 CMakeFiles/Switch_01.dir/C_/Users/amogl/.pico-sdk/sdk/1.5.1/src/common/pico_time/time.c.obj
 .rodata.alarm_pool_get_default.str1.4
                0x10008991       0x21 CMakeFiles/Switch_01.dir/C_/Users/amogl/.pico-sdk/sdk/1.5.1/src/common/pico_time/time.c.obj
 .rodata.alarm_pool_cancel_alarm.str1.4
                0x10008991       0x27 CMakeFiles/Switch_01.dir/C_/Users/amogl/.pico-sdk/sdk/1.5.1/src/common/pico_time/time.c.obj
 *fill*         0x10008991        0x3 
 .rodata.__func__.1
                0x10008994       0x18 CMakeFiles/Switch_01.dir/C_/Users/amogl/.pico-sdk/sdk/1.5.1/src/common/pico_time/time.c.obj
 .rodata.__func__.3
                0x100089ac       0x17 CMakeFiles/Switch_01.dir/C_/Users/amogl/.pico-sdk/sdk/1.5.1/src/common/pico_time/time.c.obj
 *fill*         0x100089c3        0x1 
 .rodata.__func__.4
                0x100089c4       0x12 CMakeFiles/Switch_01.dir/C_/Users/amogl/.pico-sdk/sdk/1.5.1/src/common/pico_time/time.c.obj
 *fill*         0x100089d6        0x2 
 .rodata.__func__.5
                0x100089d8        0xd CMakeFiles/Switch_01.dir/C_/Users/amogl/.pico-sdk/sdk/1.5.1/src/common/pico_time/time.c.obj
 *fill*         0x100089e5        0x3 
 .rodata.__func__.6
                0x100089e8       0x12 CMakeFiles/Switch_01.dir/C_/Users/amogl/.pico-sdk/sdk/1.5.1/src/common/pico_time/time.c.obj
 *fill*         0x100089fa        0x2 
 .rodata.__func__.7
                0x100089fc        0xf CMakeFiles/Switch_01.dir/C_/Users/amogl/.pico-sdk/sdk/1.5.1/src/common/pico_time/time.c.obj
 *fill*         0x10008a0b        0x1 
 .rodata.__func__.8
                0x10008a0c        0xc CMakeFiles/Switch_01.dir/C_/Users/amogl/.pico-sdk/sdk/1.5.1/src/common/pico_time/time.c.obj
 .rodata.__func__.9
                0x10008a18       0x15 CMakeFiles/Switch_01.dir/C_/Users/amogl/.pico-sdk/sdk/1.5.1/src/common/pico_time/time.c.obj
 *fill*         0x10008a2d        0x3 
 .rodata.__func__.10
                0x10008a30       0x15 CMakeFiles/Switch_01.dir/C_/Users/amogl/.pico-sdk/sdk/1.5.1/src/common/pico_time/time.c.obj
 *fill*         0x10008a45        0x3 
 .rodata.__func__.11
                0x10008a48       0x1a CMakeFiles/Switch_01.dir/C_/Users/amogl/.pico-sdk/sdk/1.5.1/src/common/pico_time/time.c.obj
 *fill*         0x10008a62        0x2 
 .rodata.__func__.12
                0x10008a64        0xa CMakeFiles/Switch_01.dir/C_/Users/amogl/.pico-sdk/sdk/1.5.1/src/common/pico_time/time.c.obj
 .rodata.hardware_alarm_claim.str1.4
                0x10008a6e       0x22 CMakeFiles/Switch_01.dir/C_/Users/amogl/.pico-sdk/sdk/1.5.1/src/rp2_common/hardware_timer/timer.c.obj
 .rodata.hardware_alarm_set_target.str1.4
                0x10008a6e       0x6d CMakeFiles/Switch_01.dir/C_/Users/amogl/.pico-sdk/sdk/1.5.1/src/rp2_common/hardware_timer/timer.c.obj
 *fill*         0x10008a6e        0x2 
 .rodata.__func__.0
                0x10008a70       0x1a CMakeFiles/Switch_01.dir/C_/Users/amogl/.pico-sdk/sdk/1.5.1/src/rp2_common/hardware_timer/timer.c.obj
 .rodata.ph_get_node.str1.4
                0x10008a8a       0x6e CMakeFiles/Switch_01.dir/C_/Users/amogl/.pico-sdk/sdk/1.5.1/src/common/pico_util/pheap.c.obj
 .rodata.ph_add_child_node.str1.4
                0x10008a8a       0x2e CMakeFiles/Switch_01.dir/C_/Users/amogl/.pico-sdk/sdk/1.5.1/src/common/pico_util/pheap.c.obj
 .rodata.ph_remove_any_head.str1.4
                0x10008a8a       0xa8 CMakeFiles/Switch_01.dir/C_/Users/amogl/.pico-sdk/sdk/1.5.1/src/common/pico_util/pheap.c.obj
 .rodata.ph_remove_and_free_node.str1.4
                0x10008a8a       0x26 CMakeFiles/Switch_01.dir/C_/Users/amogl/.pico-sdk/sdk/1.5.1/src/common/pico_util/pheap.c.obj
 *fill*         0x10008a8a        0x2 
 .rodata.__func__.0
                0x10008a8c       0x18 CMakeFiles/Switch_01.dir/C_/Users/amogl/.pico-sdk/sdk/1.5.1/src/common/pico_util/pheap.c.obj
 .rodata.__func__.1
                0x10008aa4       0x13 CMakeFiles/Switch_01.dir/C_/Users/amogl/.pico-sdk/sdk/1.5.1/src/common/pico_util/pheap.c.obj
 *fill*         0x10008ab7        0x1 
 .rodata.__func__.2
                0x10008ab8       0x12 CMakeFiles/Switch_01.dir/C_/Users/amogl/.pico-sdk/sdk/1.5.1/src/common/pico_util/pheap.c.obj
 *fill*         0x10008aca        0x2 
 .rodata.__func__.3
                0x10008acc        0xc CMakeFiles/Switch_01.dir/C_/Users/amogl/.pico-sdk/sdk/1.5.1/src/common/pico_util/pheap.c.obj
 .rodata.clock_configure.str1.4
                0x10008ad8       0x5f CMakeFiles/Switch_01.dir/C_/Users/amogl/.pico-sdk/sdk/1.5.1/src/rp2_common/hardware_clocks/clocks.c.obj
 .rodata.__func__.1
                0x10008ad8       0x10 CMakeFiles/Switch_01.dir/C_/Users/amogl/.pico-sdk/sdk/1.5.1/src/rp2_common/hardware_clocks/clocks.c.obj
 .rodata.pll_init.str1.4
                0x10008ae8      0x12c CMakeFiles/Switch_01.dir/C_/Users/amogl/.pico-sdk/sdk/1.5.1/src/rp2_common/hardware_pll/pll.c.obj
 .rodata.__func__.0
                0x10008ae8        0x9 CMakeFiles/Switch_01.dir/C_/Users/amogl/.pico-sdk/sdk/1.5.1/src/rp2_common/hardware_pll/pll.c.obj
 .rodata.__assert_func.str1.4
                0x10008af1       0x43 CMakeFiles/Switch_01.dir/C_/Users/amogl/.pico-sdk/sdk/1.5.1/src/rp2_common/pico_runtime/runtime.c.obj
 .rodata.runtime_init.str1.4
                0x10008af1       0x69 CMakeFiles/Switch_01.dir/C_/Users/amogl/.pico-sdk/sdk/1.5.1/src/rp2_common/pico_runtime/runtime.c.obj
 .rodata.panic.str1.4
                0x10008af1       0x12 CMakeFiles/Switch_01.dir/C_/Users/amogl/.pico-sdk/sdk/1.5.1/src/rp2_common/pico_runtime/runtime.c.obj
 *fill*         0x10008af1        0x3 
 .rodata.__func__.2
                0x10008af4        0xd CMakeFiles/Switch_01.dir/C_/Users/amogl/.pico-sdk/sdk/1.5.1/src/rp2_common/pico_runtime/runtime.c.obj
 .rodata._ftoa.str1.4
                0x10008b01       0x15 CMakeFiles/Switch_01.dir/C_/Users/amogl/.pico-sdk/sdk/1.5.1/src/rp2_common/pico_printf/printf.c.obj
 *fill*         0x10008b01        0x3 
 .rodata._vsnprintf
                0x10008b04      0x19c CMakeFiles/Switch_01.dir/C_/Users/amogl/.pico-sdk/sdk/1.5.1/src/rp2_common/pico_printf/printf.c.obj
 .rodata.pow10.0
                0x10008ca0       0x50 CMakeFiles/Switch_01.dir/C_/Users/amogl/.pico-sdk/sdk/1.5.1/src/rp2_common/pico_printf/printf.c.obj
 .rodata.__aeabi_double_init.str1.4
                0x10008cf0       0xa4 CMakeFiles/Switch_01.dir/C_/Users/amogl/.pico-sdk/sdk/1.5.1/src/rp2_common/pico_double/double_init_rom.c.obj
 .rodata.__func__.0
                0x10008cf0       0x14 CMakeFiles/Switch_01.dir/C_/Users/amogl/.pico-sdk/sdk/1.5.1/src/rp2_common/pico_double/double_init_rom.c.obj
 .rodata.__aeabi_float_init.str1.4
                0x10008d04       0x86 CMakeFiles/Switch_01.dir/C_/Users/amogl/.pico-sdk/sdk/1.5.1/src/rp2_common/pico_float/float_init_rom.c.obj
 .rodata.__func__.0
                0x10008d04       0x13 CMakeFiles/Switch_01.dir/C_/Users/amogl/.pico-sdk/sdk/1.5.1/src/rp2_common/pico_float/float_init_rom.c.obj
 .rodata.check_alloc.str1.4
                0x10008d17        0xe CMakeFiles/Switch_01.dir/C_/Users/amogl/.pico-sdk/sdk/1.5.1/src/rp2_common/pico_malloc/pico_malloc.c.obj
 .rodata.str1.4
                0x10008d17       0x44 CMakeFiles/Switch_01.dir/C_/Users/amogl/.pico-sdk/sdk/1.5.1/src/rp2_common/pico_standard_link/binary_info.c.obj
 *fill*         0x10008d17        0x1 
 .rodata.__bi_81
                0x10008d18        0xc CMakeFiles/Switch_01.dir/C_/Users/amogl/.pico-sdk/sdk/1.5.1/src/rp2_common/pico_standard_link/binary_info.c.obj
 .rodata.__bi_75
                0x10008d24        0xc CMakeFiles/Switch_01.dir/C_/Users/amogl/.pico-sdk/sdk/1.5.1/src/rp2_common/pico_standard_link/binary_info.c.obj
 .rodata.__bi_56
                0x10008d30        0xc CMakeFiles/Switch_01.dir/C_/Users/amogl/.pico-sdk/sdk/1.5.1/src/rp2_common/pico_standard_link/binary_info.c.obj
 .rodata.__bi_44
                0x10008d3c        0xc CMakeFiles/Switch_01.dir/C_/Users/amogl/.pico-sdk/sdk/1.5.1/src/rp2_common/pico_standard_link/binary_info.c.obj
 .rodata.update_us_since_boot.str1.4
                0x10008d48       0x69 CMakeFiles/Switch_01.dir/C_/Users/amogl/.pico-sdk/sdk/1.5.1/src/rp2_common/pico_stdio/stdio.c.obj
 .rodata.crlf_str.2
                0x10008d48        0x2 CMakeFiles/Switch_01.dir/C_/Users/amogl/.pico-sdk/sdk/1.5.1/src/rp2_common/pico_stdio/stdio.c.obj
 *fill*         0x10008d4a        0x2 
 .rodata.__func__.3
                0x10008d4c       0x15 CMakeFiles/Switch_01.dir/C_/Users/amogl/.pico-sdk/sdk/1.5.1/src/rp2_common/pico_stdio/stdio.c.obj
 *fill*         0x10008d61        0x3 
 .rodata._resetd_driver
                0x10008d64       0x18 CMakeFiles/Switch_01.dir/C_/Users/amogl/.pico-sdk/sdk/1.5.1/src/rp2_common/pico_stdio_usb/reset_interface.c.obj
 .rodata.update_us_since_boot.str1.4
                0x10008d7c       0x69 CMakeFiles/Switch_01.dir/C_/Users/amogl/.pico-sdk/sdk/1.5.1/src/rp2_common/pico_stdio_usb/stdio_usb.c.obj
 .rodata.stdio_usb_init.str1.4
                0x10008d7c       0x55 CMakeFiles/Switch_01.dir/C_/Users/amogl/.pico-sdk/sdk/1.5.1/src/rp2_common/pico_stdio_usb/stdio_usb.c.obj
 .rodata.str1.4
                0x10008d7c       0x13 CMakeFiles/Switch_01.dir/C_/Users/amogl/.pico-sdk/sdk/1.5.1/src/rp2_common/pico_stdio_usb/stdio_usb.c.obj
 .rodata.__bi_182.0
                0x10008d7c        0xc CMakeFiles/Switch_01.dir/C_/Users/amogl/.pico-sdk/sdk/1.5.1/src/rp2_common/pico_stdio_usb/stdio_usb.c.obj
 .rodata.__func__.1
                0x10008d88        0xf CMakeFiles/Switch_01.dir/C_/Users/amogl/.pico-sdk/sdk/1.5.1/src/rp2_common/pico_stdio_usb/stdio_usb.c.obj
 *fill*         0x10008d97        0x1 
 .rodata.__func__.3
                0x10008d98       0x15 CMakeFiles/Switch_01.dir/C_/Users/amogl/.pico-sdk/sdk/1.5.1/src/rp2_common/pico_stdio_usb/stdio_usb.c.obj
 .rodata.str1.4
                0x10008dad       0x2a CMakeFiles/Switch_01.dir/C_/Users/amogl/.pico-sdk/sdk/1.5.1/src/rp2_common/pico_stdio_usb/stdio_usb_descriptors.c.obj
 *fill*         0x10008dad        0x3 
 .rodata.usbd_desc_str
                0x10008db0       0x18 CMakeFiles/Switch_01.dir/C_/Users/amogl/.pico-sdk/sdk/1.5.1/src/rp2_common/pico_stdio_usb/stdio_usb_descriptors.c.obj
 .rodata.usbd_desc_cfg
                0x10008dc8       0x54 CMakeFiles/Switch_01.dir/C_/Users/amogl/.pico-sdk/sdk/1.5.1/src/rp2_common/pico_stdio_usb/stdio_usb_descriptors.c.obj
 .rodata.usbd_desc_device
                0x10008e1c       0x12 CMakeFiles/Switch_01.dir/C_/Users/amogl/.pico-sdk/sdk/1.5.1/src/rp2_common/pico_stdio_usb/stdio_usb_descriptors.c.obj
 .rodata.pico_get_unique_board_id_string.str1.4
                0x10008e2e       0x55 CMakeFiles/Switch_01.dir/C_/Users/amogl/.pico-sdk/sdk/1.5.1/src/rp2_common/pico_unique_id/unique_id.c.obj
 *fill*         0x10008e2e        0x2 
 .rodata.__func__.0
                0x10008e30       0x20 CMakeFiles/Switch_01.dir/C_/Users/amogl/.pico-sdk/sdk/1.5.1/src/rp2_common/pico_unique_id/unique_id.c.obj
 .rodata.str1.4
                0x10008e50      0x162 CMakeFiles/Switch_01.dir/C_/Users/amogl/.pico-sdk/sdk/1.5.1/src/rp2_common/hardware_flash/flash.c.obj
 .rodata.__func__.0
                0x10008e50        0xd CMakeFiles/Switch_01.dir/C_/Users/amogl/.pico-sdk/sdk/1.5.1/src/rp2_common/hardware_flash/flash.c.obj
 .rodata._hw_endpoint_alloc.str1.4
                0x10008e5d       0xbd CMakeFiles/Switch_01.dir/C_/Users/amogl/.pico-sdk/sdk/1.5.1/lib/tinyusb/src/portable/raspberrypi/rp2040/dcd_rp2040.c.obj
 .rodata.str1.4
                0x10008e5d       0x14 CMakeFiles/Switch_01.dir/C_/Users/amogl/.pico-sdk/sdk/1.5.1/lib/tinyusb/src/portable/raspberrypi/rp2040/dcd_rp2040.c.obj
 .rodata.dcd_int_enable.str1.4
                0x10008e5d        0xc CMakeFiles/Switch_01.dir/C_/Users/amogl/.pico-sdk/sdk/1.5.1/lib/tinyusb/src/portable/raspberrypi/rp2040/dcd_rp2040.c.obj
 *fill*         0x10008e5d        0x3 
 .rodata.__func__.0
                0x10008e60        0xe CMakeFiles/Switch_01.dir/C_/Users/amogl/.pico-sdk/sdk/1.5.1/lib/tinyusb/src/portable/raspberrypi/rp2040/dcd_rp2040.c.obj
 *fill*         0x10008e6e        0x2 
 .rodata.__func__.1
                0x10008e70        0xe CMakeFiles/Switch_01.dir/C_/Users/amogl/.pico-sdk/sdk/1.5.1/lib/tinyusb/src/portable/raspberrypi/rp2040/dcd_rp2040.c.obj
 *fill*         0x10008e7e        0x2 
 .rodata.__func__.3
                0x10008e80       0x10 CMakeFiles/Switch_01.dir/C_/Users/amogl/.pico-sdk/sdk/1.5.1/lib/tinyusb/src/portable/raspberrypi/rp2040/dcd_rp2040.c.obj
 .rodata.__func__.5
                0x10008e90        0xf CMakeFiles/Switch_01.dir/C_/Users/amogl/.pico-sdk/sdk/1.5.1/lib/tinyusb/src/portable/raspberrypi/rp2040/dcd_rp2040.c.obj
 *fill*         0x10008e9f        0x1 
 .rodata.__func__.6
                0x10008ea0       0x13 CMakeFiles/Switch_01.dir/C_/Users/amogl/.pico-sdk/sdk/1.5.1/lib/tinyusb/src/portable/raspberrypi/rp2040/dcd_rp2040.c.obj
 *fill*         0x10008eb3        0x1 
 .rodata.__func__.7
                0x10008eb4        0x9 CMakeFiles/Switch_01.dir/C_/Users/amogl/.pico-sdk/sdk/1.5.1/lib/tinyusb/src/portable/raspberrypi/rp2040/dcd_rp2040.c.obj
 .rodata.str1.4
                0x10008ebd       0xef CMakeFiles/Switch_01.dir/C_/Users/amogl/.pico-sdk/sdk/1.5.1/lib/tinyusb/src/portable/raspberrypi/rp2040/rp2040_usb.c.obj
 *fill*         0x10008ebd        0x3 
 .rodata.__func__.0
                0x10008ec0        0xf CMakeFiles/Switch_01.dir/C_/Users/amogl/.pico-sdk/sdk/1.5.1/lib/tinyusb/src/portable/raspberrypi/rp2040/rp2040_usb.c.obj
 *fill*         0x10008ecf        0x1 
 .rodata.process_get_descriptor
                0x10008ed0       0x40 CMakeFiles/Switch_01.dir/C_/Users/amogl/.pico-sdk/sdk/1.5.1/lib/tinyusb/src/device/usbd.c.obj
 .rodata.process_control_request
                0x10008f10       0x28 CMakeFiles/Switch_01.dir/C_/Users/amogl/.pico-sdk/sdk/1.5.1/lib/tinyusb/src/device/usbd.c.obj
 .rodata.tud_task_ext
                0x10008f38       0x24 CMakeFiles/Switch_01.dir/C_/Users/amogl/.pico-sdk/sdk/1.5.1/lib/tinyusb/src/device/usbd.c.obj
 .rodata._usbd_driver
                0x10008f5c       0x18 CMakeFiles/Switch_01.dir/C_/Users/amogl/.pico-sdk/sdk/1.5.1/lib/tinyusb/src/device/usbd.c.obj
                0x10008f74                        . = ALIGN (0x4)
 *(SORT_BY_ALIGNMENT(SORT_BY_NAME(.flashdata*)))
                0x10008f74                        . = ALIGN (0x4)

.ARM.extab
 *(.ARM.extab* .gnu.linkonce.armextab.*)
                0x10008f74                        __exidx_start = .

.ARM.exidx
 *(.ARM.exidx* .gnu.linkonce.armexidx.*)
                0x10008f74                        __exidx_end = .
                0x10008f74                        . = ALIGN (0x4)
                0x10008f74                        __binary_info_start = .

.binary_info    0x10008f74       0x24
 *(.binary_info.keep.*)
 .binary_info.keep.__bi_ptr81
                0x10008f74        0x4 CMakeFiles/Switch_01.dir/C_/Users/amogl/.pico-sdk/sdk/1.5.1/src/rp2_common/pico_standard_link/binary_info.c.obj
 .binary_info.keep.__bi_ptr75
                0x10008f78        0x4 CMakeFiles/Switch_01.dir/C_/Users/amogl/.pico-sdk/sdk/1.5.1/src/rp2_common/pico_standard_link/binary_info.c.obj
 .binary_info.keep.__bi_ptr56
                0x10008f7c        0x4 CMakeFiles/Switch_01.dir/C_/Users/amogl/.pico-sdk/sdk/1.5.1/src/rp2_common/pico_standard_link/binary_info.c.obj
 .binary_info.keep.__bi_ptr50
                0x10008f80        0x4 CMakeFiles/Switch_01.dir/C_/Users/amogl/.pico-sdk/sdk/1.5.1/src/rp2_common/pico_standard_link/binary_info.c.obj
 .binary_info.keep.__bi_ptr44
                0x10008f84        0x4 CMakeFiles/Switch_01.dir/C_/Users/amogl/.pico-sdk/sdk/1.5.1/src/rp2_common/pico_standard_link/binary_info.c.obj
 .binary_info.keep.__bi_ptr38
                0x10008f88        0x4 CMakeFiles/Switch_01.dir/C_/Users/amogl/.pico-sdk/sdk/1.5.1/src/rp2_common/pico_standard_link/binary_info.c.obj
 .binary_info.keep.__bi_ptr30
                0x10008f8c        0x4 CMakeFiles/Switch_01.dir/C_/Users/amogl/.pico-sdk/sdk/1.5.1/src/rp2_common/pico_standard_link/binary_info.c.obj
 .binary_info.keep.__bi_ptr22
                0x10008f90        0x4 CMakeFiles/Switch_01.dir/C_/Users/amogl/.pico-sdk/sdk/1.5.1/src/rp2_common/pico_standard_link/binary_info.c.obj
 *(.binary_info.*)
 .binary_info.__bi_ptr182
                0x10008f94        0x4 CMakeFiles/Switch_01.dir/C_/Users/amogl/.pico-sdk/sdk/1.5.1/src/rp2_common/pico_stdio_usb/stdio_usb.c.obj
                0x10008f98                        __binary_info_end = .

.rel.dyn        0x10008f98        0x0
 .rel.iplt      0x10008f98        0x0 C:/Users/amogl/.pico-sdk/toolchain/13_2_Rel1/bin/../lib/gcc/arm-none-eabi/13.2.1/thumb/v6-m/nofp/crtbegin.o
                0x10008f98                        . = ALIGN (0x4)

.ram_vector_table
                0x20000000       0xc0
 *(.ram_vector_table)
 .ram_vector_table
                0x20000000       0xc0 CMakeFiles/Switch_01.dir/C_/Users/amogl/.pico-sdk/sdk/1.5.1/src/rp2_common/pico_runtime/runtime.c.obj
                0x20000000                ram_vector_table

.data           0x200000c0     0x1078 load address 0x10008f98
                0x200000c0                        __data_start__ = .
 *(vtable)
 *(.time_critical*)
 .time_critical.mutex_try_enter
                0x200000c0       0x46 CMakeFiles/Switch_01.dir/C_/Users/amogl/.pico-sdk/sdk/1.5.1/src/common/pico_sync/mutex.c.obj
                0x200000c0                mutex_try_enter
 *fill*         0x20000106        0x2 
 .time_critical.mutex_enter_block_until
                0x20000108       0x8c CMakeFiles/Switch_01.dir/C_/Users/amogl/.pico-sdk/sdk/1.5.1/src/common/pico_sync/mutex.c.obj
                0x20000108                mutex_enter_block_until
 .time_critical.mutex_try_enter_block_until
                0x20000194       0x34 CMakeFiles/Switch_01.dir/C_/Users/amogl/.pico-sdk/sdk/1.5.1/src/common/pico_sync/mutex.c.obj
                0x20000194                mutex_try_enter_block_until
 .time_critical.mutex_enter_timeout_ms
                0x200001c8       0x1a CMakeFiles/Switch_01.dir/C_/Users/amogl/.pico-sdk/sdk/1.5.1/src/common/pico_sync/mutex.c.obj
                0x200001c8                mutex_enter_timeout_ms
 *fill*         0x200001e2        0x2 
 .time_critical.mutex_exit
                0x200001e4       0x4c CMakeFiles/Switch_01.dir/C_/Users/amogl/.pico-sdk/sdk/1.5.1/src/common/pico_sync/mutex.c.obj
                0x200001e4                mutex_exit
 .time_critical.flash_init_boot2_copyout
                0x20000230       0x30 CMakeFiles/Switch_01.dir/C_/Users/amogl/.pico-sdk/sdk/1.5.1/src/rp2_common/hardware_flash/flash.c.obj
 .time_critical.flash_enable_xip_via_boot2
                0x20000260        0xc CMakeFiles/Switch_01.dir/C_/Users/amogl/.pico-sdk/sdk/1.5.1/src/rp2_common/hardware_flash/flash.c.obj
 .time_critical.flash_cs_force
                0x2000026c       0x28 CMakeFiles/Switch_01.dir/C_/Users/amogl/.pico-sdk/sdk/1.5.1/src/rp2_common/hardware_flash/flash.c.obj
 .time_critical.flash_do_cmd
                0x20000294       0xd8 CMakeFiles/Switch_01.dir/C_/Users/amogl/.pico-sdk/sdk/1.5.1/src/rp2_common/hardware_flash/flash.c.obj
                0x20000294                flash_do_cmd
 .time_critical.reset_non_control_endpoints
                0x2000036c       0x40 CMakeFiles/Switch_01.dir/C_/Users/amogl/.pico-sdk/sdk/1.5.1/lib/tinyusb/src/portable/raspberrypi/rp2040/dcd_rp2040.c.obj
 .time_critical.hw_handle_buff_status